Archive member included to satisfy reference by file (symbol)

c:/program files (x86)/atmel/studio/7.0/toolchain/arm/arm-gnu-toolchain/bin/../lib/gcc/arm-none-eabi/6.3.1/../../../../arm-none-eabi/lib/thumb/v7e-m\libc.a(lib_a-exit.o)
                              c:/program files (x86)/atmel/studio/7.0/toolchain/arm/arm-gnu-toolchain/bin/../lib/gcc/arm-none-eabi/6.3.1/../../../../arm-none-eabi/lib/thumb/v7e-m/crt0.o (exit)
c:/program files (x86)/atmel/studio/7.0/toolchain/arm/arm-gnu-toolchain/bin/../lib/gcc/arm-none-eabi/6.3.1/../../../../arm-none-eabi/lib/thumb/v7e-m\libc.a(lib_a-impure.o)
                              c:/program files (x86)/atmel/studio/7.0/toolchain/arm/arm-gnu-toolchain/bin/../lib/gcc/arm-none-eabi/6.3.1/../../../../arm-none-eabi/lib/thumb/v7e-m\libc.a(lib_a-exit.o) (_global_impure_ptr)
c:/program files (x86)/atmel/studio/7.0/toolchain/arm/arm-gnu-toolchain/bin/../lib/gcc/arm-none-eabi/6.3.1/../../../../arm-none-eabi/lib/thumb/v7e-m\libc.a(lib_a-init.o)
                              c:/program files (x86)/atmel/studio/7.0/toolchain/arm/arm-gnu-toolchain/bin/../lib/gcc/arm-none-eabi/6.3.1/../../../../arm-none-eabi/lib/thumb/v7e-m/crt0.o (__libc_init_array)
c:/program files (x86)/atmel/studio/7.0/toolchain/arm/arm-gnu-toolchain/bin/../lib/gcc/arm-none-eabi/6.3.1/../../../../arm-none-eabi/lib/thumb/v7e-m\libc.a(lib_a-memset.o)
                              c:/program files (x86)/atmel/studio/7.0/toolchain/arm/arm-gnu-toolchain/bin/../lib/gcc/arm-none-eabi/6.3.1/../../../../arm-none-eabi/lib/thumb/v7e-m/crt0.o (memset)
c:/program files (x86)/atmel/studio/7.0/toolchain/arm/arm-gnu-toolchain/bin/../lib/gcc/arm-none-eabi/6.3.1/../../../../arm-none-eabi/lib/thumb/v7e-m\libc.a(lib_a-sprintf.o)
                              src/main.o (sprintf)
c:/program files (x86)/atmel/studio/7.0/toolchain/arm/arm-gnu-toolchain/bin/../lib/gcc/arm-none-eabi/6.3.1/../../../../arm-none-eabi/lib/thumb/v7e-m\libc.a(lib_a-svfprintf.o)
                              c:/program files (x86)/atmel/studio/7.0/toolchain/arm/arm-gnu-toolchain/bin/../lib/gcc/arm-none-eabi/6.3.1/../../../../arm-none-eabi/lib/thumb/v7e-m\libc.a(lib_a-sprintf.o) (_svfprintf_r)
c:/program files (x86)/atmel/studio/7.0/toolchain/arm/arm-gnu-toolchain/bin/../lib/gcc/arm-none-eabi/6.3.1/../../../../arm-none-eabi/lib/thumb/v7e-m\libc.a(lib_a-__call_atexit.o)
                              c:/program files (x86)/atmel/studio/7.0/toolchain/arm/arm-gnu-toolchain/bin/../lib/gcc/arm-none-eabi/6.3.1/../../../../arm-none-eabi/lib/thumb/v7e-m\libc.a(lib_a-exit.o) (__call_exitprocs)
c:/program files (x86)/atmel/studio/7.0/toolchain/arm/arm-gnu-toolchain/bin/../lib/gcc/arm-none-eabi/6.3.1/../../../../arm-none-eabi/lib/thumb/v7e-m\libc.a(lib_a-atexit.o)
                              c:/program files (x86)/atmel/studio/7.0/toolchain/arm/arm-gnu-toolchain/bin/../lib/gcc/arm-none-eabi/6.3.1/../../../../arm-none-eabi/lib/thumb/v7e-m\libc.a(lib_a-__call_atexit.o) (atexit)
c:/program files (x86)/atmel/studio/7.0/toolchain/arm/arm-gnu-toolchain/bin/../lib/gcc/arm-none-eabi/6.3.1/../../../../arm-none-eabi/lib/thumb/v7e-m\libc.a(lib_a-dtoa.o)
                              c:/program files (x86)/atmel/studio/7.0/toolchain/arm/arm-gnu-toolchain/bin/../lib/gcc/arm-none-eabi/6.3.1/../../../../arm-none-eabi/lib/thumb/v7e-m\libc.a(lib_a-svfprintf.o) (_dtoa_r)
c:/program files (x86)/atmel/studio/7.0/toolchain/arm/arm-gnu-toolchain/bin/../lib/gcc/arm-none-eabi/6.3.1/../../../../arm-none-eabi/lib/thumb/v7e-m\libc.a(lib_a-fini.o)
                              c:/program files (x86)/atmel/studio/7.0/toolchain/arm/arm-gnu-toolchain/bin/../lib/gcc/arm-none-eabi/6.3.1/../../../../arm-none-eabi/lib/thumb/v7e-m\libc.a(lib_a-__call_atexit.o) (__libc_fini_array)
c:/program files (x86)/atmel/studio/7.0/toolchain/arm/arm-gnu-toolchain/bin/../lib/gcc/arm-none-eabi/6.3.1/../../../../arm-none-eabi/lib/thumb/v7e-m\libc.a(lib_a-localeconv.o)
                              c:/program files (x86)/atmel/studio/7.0/toolchain/arm/arm-gnu-toolchain/bin/../lib/gcc/arm-none-eabi/6.3.1/../../../../arm-none-eabi/lib/thumb/v7e-m\libc.a(lib_a-svfprintf.o) (_localeconv_r)
c:/program files (x86)/atmel/studio/7.0/toolchain/arm/arm-gnu-toolchain/bin/../lib/gcc/arm-none-eabi/6.3.1/../../../../arm-none-eabi/lib/thumb/v7e-m\libc.a(lib_a-lock.o)
                              c:/program files (x86)/atmel/studio/7.0/toolchain/arm/arm-gnu-toolchain/bin/../lib/gcc/arm-none-eabi/6.3.1/../../../../arm-none-eabi/lib/thumb/v7e-m\libc.a(lib_a-__call_atexit.o) (__retarget_lock_acquire_recursive)
c:/program files (x86)/atmel/studio/7.0/toolchain/arm/arm-gnu-toolchain/bin/../lib/gcc/arm-none-eabi/6.3.1/../../../../arm-none-eabi/lib/thumb/v7e-m\libc.a(lib_a-mallocr.o)
                              c:/program files (x86)/atmel/studio/7.0/toolchain/arm/arm-gnu-toolchain/bin/../lib/gcc/arm-none-eabi/6.3.1/../../../../arm-none-eabi/lib/thumb/v7e-m\libc.a(lib_a-svfprintf.o) (_malloc_r)
[...]
Memory Configuration

Name             Origin             Length             Attributes
rom              0x00400000         0x00200000         xr
ram              0x20400000         0x00060000         xrw
*default*        0x00000000         0xffffffff

Linker script and memory map

LOAD c:/program files (x86)/atmel/studio/7.0/toolchain/arm/arm-gnu-toolchain/bin/../lib/gcc/arm-none-eabi/6.3.1/thumb/v7e-m/crti.o
LOAD c:/program files (x86)/atmel/studio/7.0/toolchain/arm/arm-gnu-toolchain/bin/../lib/gcc/arm-none-eabi/6.3.1/thumb/v7e-m/crtbegin.o
LOAD c:/program files (x86)/atmel/studio/7.0/toolchain/arm/arm-gnu-toolchain/bin/../lib/gcc/arm-none-eabi/6.3.1/../../../../arm-none-eabi/lib/thumb/v7e-m/crt0.o
LOAD src/ASF/sam/drivers/rtc/rtc.o
LOAD src/ASF/sam/drivers/rtt/rtt.o
LOAD src/ASF/sam/drivers/spi/spi.o
LOAD src/ASF/sam/drivers/tc/tc.o
LOAD src/oled/gfx_mono_framebuffer.o
LOAD src/oled/gfx_mono_generic.o
LOAD src/oled/gfx_mono_text.o
LOAD src/oled/gfx_mono_ug_2832hsweg04.o
LOAD src/oled/ssd1306.o
LOAD src/oled/sysfont.o
LOAD src/ASF/common/services/delay/sam/cycle_counter.o
LOAD src/ASF/common/services/clock/same70/sysclk.o
LOAD src/ASF/common/utils/interrupt/interrupt_sam_nvic.o
LOAD src/ASF/sam/boards/same70_xplained/init.o
LOAD src/ASF/sam/drivers/mpu/mpu.o
LOAD src/ASF/sam/drivers/pio/pio.o
LOAD src/ASF/sam/drivers/pio/pio_handler.o
LOAD src/ASF/sam/drivers/pmc/pmc.o
LOAD src/ASF/sam/drivers/pmc/sleep.o
LOAD src/ASF/sam/utils/cmsis/same70/source/templates/gcc/startup_same70.o
LOAD src/ASF/sam/utils/cmsis/same70/source/templates/system_same70.o
LOAD src/ASF/sam/utils/syscalls/gcc/syscalls.o
LOAD src/main.o
START GROUP
LOAD ../src/ASF/thirdparty/CMSIS/Lib/GCC\libarm_cortexM7lfsp_math_softfp.a
LOAD c:/program files (x86)/atmel/studio/7.0/toolchain/arm/arm-gnu-toolchain/bin/../lib/gcc/arm-none-eabi/6.3.1/../../../../arm-none-eabi/lib/thumb/v7e-m\libm.a
END GROUP
START GROUP
LOAD c:/program files (x86)/atmel/studio/7.0/toolchain/arm/arm-gnu-toolchain/bin/../lib/gcc/arm-none-eabi/6.3.1/thumb/v7e-m\libgcc.a
LOAD c:/program files (x86)/atmel/studio/7.0/toolchain/arm/arm-gnu-toolchain/bin/../lib/gcc/arm-none-eabi/6.3.1/../../../../arm-none-eabi/lib/thumb/v7e-m\libc.a
END GROUP
LOAD c:/program files (x86)/atmel/studio/7.0/toolchain/arm/arm-gnu-toolchain/bin/../lib/gcc/arm-none-eabi/6.3.1/thumb/v7e-m/crtend.o
LOAD c:/program files (x86)/atmel/studio/7.0/toolchain/arm/arm-gnu-toolchain/bin/../lib/gcc/arm-none-eabi/6.3.1/thumb/v7e-m/crtn.o
                0x00002000                STACK_SIZE = DEFINED (STACK_SIZE)?STACK_SIZE:0x2000
                0x2045fffc                __ram_end__ = ((ORIGIN (ram) + LENGTH (ram)) - 0x4)
                0x00000200                HEAP_SIZE = DEFINED (HEAP_SIZE)?HEAP_SIZE:0x200

.text           0x00400000     0x74dc
                0x00400000                . = ALIGN (0x4)
                0x00400000                _sfixed = .
 *(.vectors .vectors.*)
 .vectors       0x00400000      0x140 src/ASF/sam/utils/cmsis/same70/source/templates/gcc/startup_same70.o
                0x00400000                exception_table
 *(.text .text.* .gnu.linkonce.t.*)
 .text          0x00400140       0x6c c:/program files (x86)/atmel/studio/7.0/toolchain/arm/arm-gnu-toolchain/bin/../lib/gcc/arm-none-eabi/6.3.1/thumb/v7e-m/crtbegin.o
 .text.rtc_set_hour_mode
                0x004001ac       0x16 src/ASF/sam/drivers/rtc/rtc.o
                0x004001ac                rtc_set_hour_mode
 .text.rtc_enable_interrupt
                0x004001c2        0x4 src/ASF/sam/drivers/rtc/rtc.o
                0x004001c2                rtc_enable_interrupt
 .text.rtc_get_time
                0x004001c6       0x5a src/ASF/sam/drivers/rtc/rtc.o
                0x004001c6                rtc_get_time
 .text.rtc_set_time
                0x00400220       0x90 src/ASF/sam/drivers/rtc/rtc.o
                0x00400220                rtc_set_time
 .text.rtc_set_time_alarm
                0x004002b0       0x94 src/ASF/sam/drivers/rtc/rtc.o
                0x004002b0                rtc_set_time_alarm
 .text.rtc_get_date
                0x00400344       0x72 src/ASF/sam/drivers/rtc/rtc.o
                0x00400344                rtc_get_date
 *fill*         0x004003b6        0x2 
 .text.rtc_set_date
                0x004003b8       0xb8 src/ASF/sam/drivers/rtc/rtc.o
                0x004003b8                rtc_set_date
 .text.rtc_set_date_alarm
                0x00400470       0x60 src/ASF/sam/drivers/rtc/rtc.o
                0x00400470                rtc_set_date_alarm
 .text.rtc_get_status
                0x004004d0        0x4 src/ASF/sam/drivers/rtc/rtc.o
                0x004004d0                rtc_get_status
 .text.rtc_clear_status
                0x004004d4        0x4 src/ASF/sam/drivers/rtc/rtc.o
                0x004004d4                rtc_clear_status
 .text.rtt_init
                0x004004d8       0x14 src/ASF/sam/drivers/rtt/rtt.o
                0x004004d8                rtt_init
 .text.rtt_sel_source
                0x004004ec       0x2c src/ASF/sam/drivers/rtt/rtt.o
                0x004004ec                rtt_sel_source
 .text.rtt_enable_interrupt
                0x00400518       0x14 src/ASF/sam/drivers/rtt/rtt.o
                0x00400518                rtt_enable_interrupt
 .text.rtt_disable_interrupt
                0x0040052c       0x14 src/ASF/sam/drivers/rtt/rtt.o
                0x0040052c                rtt_disable_interrupt
 .text.rtt_read_timer_value
                0x00400540       0x14 src/ASF/sam/drivers/rtt/rtt.o
                0x00400540                rtt_read_timer_value
 .text.rtt_get_status
                0x00400554        0x4 src/ASF/sam/drivers/rtt/rtt.o
                0x00400554                rtt_get_status
 .text.rtt_write_alarm_time
                0x00400558       0x44 src/ASF/sam/drivers/rtt/rtt.o
                0x00400558                rtt_write_alarm_time
 .text.spi_enable_clock
                0x0040059c       0x2c src/ASF/sam/drivers/spi/spi.o
                0x0040059c                spi_enable_clock
 .text.spi_set_peripheral_chip_select_value
                0x004005c8       0x16 src/ASF/sam/drivers/spi/spi.o
                0x004005c8                spi_set_peripheral_chip_select_value
 .text.spi_write
                0x004005de       0x34 src/ASF/sam/drivers/spi/spi.o
                0x004005de                spi_write
 .text.spi_set_clock_polarity
                0x00400612       0x1e src/ASF/sam/drivers/spi/spi.o
                0x00400612                spi_set_clock_polarity
 .text.spi_set_clock_phase
                0x00400630       0x1e src/ASF/sam/drivers/spi/spi.o
                0x00400630                spi_set_clock_phase
 .text.spi_configure_cs_behavior
                0x0040064e       0x46 src/ASF/sam/drivers/spi/spi.o
                0x0040064e                spi_configure_cs_behavior
 .text.spi_set_bits_per_transfer
                0x00400694       0x14 src/ASF/sam/drivers/spi/spi.o
                0x00400694                spi_set_bits_per_transfer
 .text.spi_calc_baudrate_div
                0x004006a8       0x16 src/ASF/sam/drivers/spi/spi.o
                0x004006a8                spi_calc_baudrate_div
 .text.spi_set_baudrate_div
                0x004006be       0x28 src/ASF/sam/drivers/spi/spi.o
                0x004006be                spi_set_baudrate_div
 .text.tc_init  0x004006e6       0x1a src/ASF/sam/drivers/tc/tc.o
                0x004006e6                tc_init
 .text.tc_start
                0x00400700        0x8 src/ASF/sam/drivers/tc/tc.o
                0x00400700                tc_start
 .text.tc_write_rc
                0x00400708        0x8 src/ASF/sam/drivers/tc/tc.o
                0x00400708                tc_write_rc
 .text.tc_enable_interrupt
                0x00400710        0x8 src/ASF/sam/drivers/tc/tc.o
                0x00400710                tc_enable_interrupt
 .text.tc_get_status
                0x00400718        0x8 src/ASF/sam/drivers/tc/tc.o
                0x00400718                tc_get_status
 .text.tc_find_mck_divisor
                0x00400720       0x70 src/ASF/sam/drivers/tc/tc.o
                0x00400720                tc_find_mck_divisor
 .text.gfx_mono_set_framebuffer
                0x00400790        0xc src/oled/gfx_mono_framebuffer.o
                0x00400790                gfx_mono_set_framebuffer
 .text.gfx_mono_framebuffer_put_byte
                0x0040079c       0x10 src/oled/gfx_mono_framebuffer.o
                0x0040079c                gfx_mono_framebuffer_put_byte
 .text.gfx_mono_framebuffer_get_byte
                0x004007ac       0x10 src/oled/gfx_mono_framebuffer.o
                0x004007ac                gfx_mono_framebuffer_get_byte
 .text.gfx_mono_generic_draw_horizontal_line
                0x004007bc       0xd0 src/oled/gfx_mono_generic.o
                0x004007bc                gfx_mono_generic_draw_horizontal_line
 .text.gfx_mono_generic_draw_filled_rect
                0x0040088c       0x38 src/oled/gfx_mono_generic.o
                0x0040088c                gfx_mono_generic_draw_filled_rect
 .text.gfx_mono_draw_char
                0x004008c4       0xac src/oled/gfx_mono_text.o
                0x004008c4                gfx_mono_draw_char
 .text.gfx_mono_draw_string
                0x00400970       0x48 src/oled/gfx_mono_text.o
                0x00400970                gfx_mono_draw_string
 .text.gfx_mono_ssd1306_put_byte
                0x004009b8       0x50 src/oled/gfx_mono_ug_2832hsweg04.o
                0x004009b8                gfx_mono_ssd1306_put_byte
 .text.gfx_mono_ssd1306_init
                0x00400a08       0x50 src/oled/gfx_mono_ug_2832hsweg04.o
                0x00400a08                gfx_mono_ssd1306_init
 .text.gfx_mono_ssd1306_draw_pixel
                0x00400a58       0x64 src/oled/gfx_mono_ug_2832hsweg04.o
                0x00400a58                gfx_mono_ssd1306_draw_pixel
 .text.gfx_mono_ssd1306_get_byte
                0x00400abc        0xc src/oled/gfx_mono_ug_2832hsweg04.o
                0x00400abc                gfx_mono_ssd1306_get_byte
 .text.ssd1306_write_command
                0x00400ac8       0x40 src/oled/ssd1306.o
                0x00400ac8                ssd1306_write_command
 .text.ssd1306_init
                0x00400b08      0x1e0 src/oled/ssd1306.o
                0x00400b08                ssd1306_init
 .text.ssd1306_write_data
                0x00400ce8       0x40 src/oled/ssd1306.o
                0x00400ce8                ssd1306_write_data
 .text.sysclk_init
                0x00400d28       0x70 src/ASF/common/services/clock/same70/sysclk.o
                0x00400d28                sysclk_init
 .text.board_init
                0x00400d98      0x140 src/ASF/sam/boards/same70_xplained/init.o
                0x00400d98                board_init
 .text.pio_pull_up
                0x00400ed8        0xa src/ASF/sam/drivers/pio/pio.o
                0x00400ed8                pio_pull_up
 .text.pio_set  0x00400ee2        0x4 src/ASF/sam/drivers/pio/pio.o
                0x00400ee2                pio_set
 .text.pio_clear
                0x00400ee6        0x4 src/ASF/sam/drivers/pio/pio.o
                0x00400ee6                pio_clear
 .text.pio_set_peripheral
                0x00400eea       0x92 src/ASF/sam/drivers/pio/pio.o
                0x00400eea                pio_set_peripheral
 .text.pio_set_input
                0x00400f7c       0x36 src/ASF/sam/drivers/pio/pio.o
                0x00400f7c                pio_set_input
 .text.pio_set_output
                0x00400fb2       0x28 src/ASF/sam/drivers/pio/pio.o
                0x00400fb2                pio_set_output
 *fill*         0x00400fda        0x2 
 .text.pio_configure
                0x00400fdc       0x90 src/ASF/sam/drivers/pio/pio.o
                0x00400fdc                pio_configure
 .text.pio_get_output_data_status
                0x0040106c        0xc src/ASF/sam/drivers/pio/pio.o
                0x0040106c                pio_get_output_data_status
 .text.pio_configure_interrupt
                0x00401078       0x32 src/ASF/sam/drivers/pio/pio.o
                0x00401078                pio_configure_interrupt
 .text.pio_enable_interrupt
                0x004010aa        0x4 src/ASF/sam/drivers/pio/pio.o
                0x004010aa                pio_enable_interrupt
 .text.pio_get_interrupt_status
                0x004010ae        0x4 src/ASF/sam/drivers/pio/pio.o
                0x004010ae                pio_get_interrupt_status
 .text.pio_get_interrupt_mask
                0x004010b2        0x4 src/ASF/sam/drivers/pio/pio.o
                0x004010b2                pio_get_interrupt_mask
 *fill*         0x004010b6        0x2 
 .text.pio_handler_process
                0x004010b8       0x50 src/ASF/sam/drivers/pio/pio_handler.o
                0x004010b8                pio_handler_process
 .text.pio_handler_set
                0x00401108       0x70 src/ASF/sam/drivers/pio/pio_handler.o
                0x00401108                pio_handler_set
 .text.PIOA_Handler
                0x00401178       0x14 src/ASF/sam/drivers/pio/pio_handler.o
                0x00401178                PIOA_Handler
 .text.PIOB_Handler
                0x0040118c       0x14 src/ASF/sam/drivers/pio/pio_handler.o
                0x0040118c                PIOB_Handler
 .text.PIOC_Handler
                0x004011a0       0x14 src/ASF/sam/drivers/pio/pio_handler.o
                0x004011a0                PIOC_Handler
 .text.PIOD_Handler
                0x004011b4       0x14 src/ASF/sam/drivers/pio/pio_handler.o
                0x004011b4                PIOD_Handler
 .text.PIOE_Handler
                0x004011c8       0x14 src/ASF/sam/drivers/pio/pio_handler.o
                0x004011c8                PIOE_Handler
 .text.pmc_mck_set_division
                0x004011dc       0x38 src/ASF/sam/drivers/pmc/pmc.o
                0x004011dc                pmc_mck_set_division
 .text.pmc_switch_mck_to_pllack
                0x00401214       0x64 src/ASF/sam/drivers/pmc/pmc.o
                0x00401214                pmc_switch_mck_to_pllack
 .text.pmc_switch_mainck_to_xtal
                0x00401278       0x54 src/ASF/sam/drivers/pmc/pmc.o
                0x00401278                pmc_switch_mainck_to_xtal
 .text.pmc_osc_is_ready_mainck
                0x004012cc       0x10 src/ASF/sam/drivers/pmc/pmc.o
                0x004012cc                pmc_osc_is_ready_mainck
 .text.pmc_disable_pllack
                0x004012dc       0x10 src/ASF/sam/drivers/pmc/pmc.o
                0x004012dc                pmc_disable_pllack
 .text.pmc_is_locked_pllack
                0x004012ec       0x10 src/ASF/sam/drivers/pmc/pmc.o
                0x004012ec                pmc_is_locked_pllack
 .text.pmc_enable_periph_clk
                0x004012fc       0x54 src/ASF/sam/drivers/pmc/pmc.o
                0x004012fc                pmc_enable_periph_clk
 .text.pmc_set_flash_in_wait_mode
                0x00401350        0x2 src/ASF/sam/drivers/pmc/pmc.o
                0x00401350                pmc_set_flash_in_wait_mode
 *fill*         0x00401352        0x2 
 .text.pmc_enable_waitmode
                0x00401354       0x4c src/ASF/sam/drivers/pmc/pmc.o
                0x00401354                pmc_enable_waitmode
 .text.pmc_sleep
                0x004013a0      0x274 src/ASF/sam/drivers/pmc/sleep.o
                0x004013a0                pmc_sleep
 .text.Dummy_Handler
                0x00401614        0x2 src/ASF/sam/utils/cmsis/same70/source/templates/gcc/startup_same70.o
                0x00401614                DACC_Handler
                0x00401614                DebugMon_Handler
                0x00401614                UART3_Handler
                0x00401614                UART2_Handler
                0x00401614                TRNG_Handler
                0x00401614                HardFault_Handler
                0x00401614                SysTick_Handler
                0x00401614                AFEC1_Handler
                0x00401614                PendSV_Handler
                0x00401614                NMI_Handler
                0x00401614                TC7_Handler
                0x00401614                QSPI_Handler
                0x00401614                ISI_Handler
                0x00401614                TC9_Handler
                0x00401614                RSWDT_Handler
                0x00401614                MCAN1_Handler
                0x00401614                USART0_Handler
                0x00401614                USBHS_Handler
                0x00401614                UsageFault_Handler
                0x00401614                TC6_Handler
                0x00401614                WDT_Handler
                0x00401614                TC4_Handler
                0x00401614                HSMCI_Handler
                0x00401614                UART1_Handler
                0x00401614                TC3_Handler
                0x00401614                Dummy_Handler
                0x00401614                TWIHS1_Handler
                0x00401614                XDMAC_Handler
                0x00401614                UART4_Handler
                0x00401614                PWM1_Handler
                0x00401614                USART1_Handler
                0x00401614                PWM0_Handler
                0x00401614                AFEC0_Handler
                0x00401614                SSC_Handler
                0x00401614                TC11_Handler
                0x00401614                ACC_Handler
                0x00401614                PMC_Handler
                0x00401614                GMAC_Handler
                0x00401614                MemManage_Handler
                0x00401614                SUPC_Handler
                0x00401614                SVC_Handler
                0x00401614                TC8_Handler
                0x00401614                EFC_Handler
                0x00401614                USART2_Handler
                0x00401614                SDRAMC_Handler
                0x00401614                SPI1_Handler
                0x00401614                MCAN0_Handler
                0x00401614                TC10_Handler
                0x00401614                TWIHS2_Handler
                0x00401614                UART0_Handler
                0x00401614                BusFault_Handler
                0x00401614                RSTC_Handler
                0x00401614                TC0_Handler
                0x00401614                TC5_Handler
                0x00401614                ICM_Handler
                0x00401614                AES_Handler
                0x00401614                TWIHS0_Handler
                0x00401614                SPI0_Handler
 *fill*         0x00401616        0x2 
 .text.Reset_Handler
                0x00401618       0xc8 src/ASF/sam/utils/cmsis/same70/source/templates/gcc/startup_same70.o
                0x00401618                Reset_Handler
 .text.SystemCoreClockUpdate
                0x004016e0      0x10c src/ASF/sam/utils/cmsis/same70/source/templates/system_same70.o
                0x004016e0                SystemCoreClockUpdate
 .text.system_init_flash
                0x004017ec       0x8c src/ASF/sam/utils/cmsis/same70/source/templates/system_same70.o
                0x004017ec                system_init_flash
 .text._sbrk    0x00401878       0x38 src/ASF/sam/utils/syscalls/gcc/syscalls.o
                0x00401878                _sbrk
 .text.RTT_init
                0x004018b0       0xb8 src/main.o
 .text.RTC_Handler
                0x00401968       0x50 src/main.o
                0x00401968                RTC_Handler
 .text.LED_init
                0x004019b8       0x28 src/main.o
                0x004019b8                LED_init
 .text.pin_toggle
                0x004019e0       0x2c src/main.o
                0x004019e0                pin_toggle
 .text.TC1_Handler
                0x00401a0c       0x30 src/main.o
                0x00401a0c                TC1_Handler
 .text.TC2_Handler
                0x00401a3c       0x2c src/main.o
                0x00401a3c                TC2_Handler
 .text.RTT_Handler
                0x00401a68       0x48 src/main.o
                0x00401a68                RTT_Handler
 .text.TC_init  0x00401ab0       0xa8 src/main.o
                0x00401ab0                TC_init
 .text.RTC_init
                0x00401b58       0xa4 src/main.o
                0x00401b58                RTC_init
 .text.set_alarm
                0x00401bfc       0x64 src/main.o
                0x00401bfc                set_alarm
 .text.but_callback
                0x00401c60        0xc src/main.o
                0x00401c60                but_callback
 .text.io_init  0x00401c6c       0xb4 src/main.o
                0x00401c6c                io_init
 .text.main     0x00401d20      0x198 src/main.o
                0x00401d20                main
 .text.__libc_init_array
                0x00401eb8       0x50 c:/program files (x86)/atmel/studio/7.0/toolchain/arm/arm-gnu-toolchain/bin/../lib/gcc/arm-none-eabi/6.3.1/../../../../arm-none-eabi/lib/thumb/v7e-m\libc.a(lib_a-init.o)
                0x00401eb8                __libc_init_array
 .text.memset   0x00401f08       0x9c c:/program files (x86)/atmel/studio/7.0/toolchain/arm/arm-gnu-toolchain/bin/../lib/gcc/arm-none-eabi/6.3.1/../../../../arm-none-eabi/lib/thumb/v7e-m\libc.a(lib_a-memset.o)
                0x00401f08                memset
 .text.sprintf  0x00401fa4       0x4c c:/program files (x86)/atmel/studio/7.0/toolchain/arm/arm-gnu-toolchain/bin/../lib/gcc/arm-none-eabi/6.3.1/../../../../arm-none-eabi/lib/thumb/v7e-m\libc.a(lib_a-sprintf.o)
                0x00401fa4                sprintf
 .text._svfprintf_r
                0x00401ff0     0x145c c:/program files (x86)/atmel/studio/7.0/toolchain/arm/arm-gnu-toolchain/bin/../lib/gcc/arm-none-eabi/6.3.1/../../../../arm-none-eabi/lib/thumb/v7e-m\libc.a(lib_a-svfprintf.o)
                0x00401ff0                _svfprintf_r
 .text.startup.register_fini
                0x0040344c       0x14 c:/program files (x86)/atmel/studio/7.0/toolchain/arm/arm-gnu-toolchain/bin/../lib/gcc/arm-none-eabi/6.3.1/../../../../arm-none-eabi/lib/thumb/v7e-m\libc.a(lib_a-__call_atexit.o)
 .text.atexit   0x00403460        0xc c:/program files (x86)/atmel/studio/7.0/toolchain/arm/arm-gnu-toolchain/bin/../lib/gcc/arm-none-eabi/6.3.1/../../../../arm-none-eabi/lib/thumb/v7e-m\libc.a(lib_a-atexit.o)
                0x00403460                atexit
 .text.quorem   0x0040346c      0x128 c:/program files (x86)/atmel/studio/7.0/toolchain/arm/arm-gnu-toolchain/bin/../lib/gcc/arm-none-eabi/6.3.1/../../../../arm-none-eabi/lib/thumb/v7e-m\libc.a(lib_a-dtoa.o)
 *fill*         0x00403594        0x4 
 .text._dtoa_r  0x00403598      0xe54 c:/program files (x86)/atmel/studio/7.0/toolchain/arm/arm-gnu-toolchain/bin/../lib/gcc/arm-none-eabi/6.3.1/../../../../arm-none-eabi/lib/thumb/v7e-m\libc.a(lib_a-dtoa.o)
                0x00403598                _dtoa_r
 .text.__libc_fini_array
                0x004043ec       0x34 c:/program files (x86)/atmel/studio/7.0/toolchain/arm/arm-gnu-toolchain/bin/../lib/gcc/arm-none-eabi/6.3.1/../../../../arm-none-eabi/lib/thumb/v7e-m\libc.a(lib_a-fini.o)
                0x004043ec                __libc_fini_array
 .text._localeconv_r
                0x00404420       0x1c c:/program files (x86)/atmel/studio/7.0/toolchain/arm/arm-gnu-toolchain/bin/../lib/gcc/arm-none-eabi/6.3.1/../../../../arm-none-eabi/lib/thumb/v7e-m\libc.a(lib_a-localeconv.o)
                0x00404420                _localeconv_r
 .text.__retarget_lock_acquire_recursive
                0x0040443c        0x4 c:/program files (x86)/atmel/studio/7.0/toolchain/arm/arm-gnu-toolchain/bin/../lib/gcc/arm-none-eabi/6.3.1/../../../../arm-none-eabi/lib/thumb/v7e-m\libc.a(lib_a-lock.o)
                0x0040443c                __retarget_lock_acquire_recursive
 .text.__retarget_lock_release_recursive
                0x00404440        0x4 c:/program files (x86)/atmel/studio/7.0/toolchain/arm/arm-gnu-toolchain/bin/../lib/gcc/arm-none-eabi/6.3.1/../../../../arm-none-eabi/lib/thumb/v7e-m\libc.a(lib_a-lock.o)
                0x00404440                __retarget_lock_release_recursive
 .text._malloc_r
                0x00404444      0x560 c:/program files (x86)/atmel/studio/7.0/toolchain/arm/arm-gnu-toolchain/bin/../lib/gcc/arm-none-eabi/6.3.1/../../../../arm-none-eabi/lib/thumb/v7e-m\libc.a(lib_a-mallocr.o)
                0x00404444                _malloc_r
 *fill*         0x004049a4        0xc 
 .text          0x004049b0       0xa0 c:/program files (x86)/atmel/studio/7.0/toolchain/arm/arm-gnu-toolchain/bin/../lib/gcc/arm-none-eabi/6.3.1/../../../../arm-none-eabi/lib/thumb/v7e-m\libc.a(lib_a-memchr.o)
                0x004049b0                memchr
 .text          0x00404a50      0x134 c:/program files (x86)/atmel/studio/7.0/toolchain/arm/arm-gnu-toolchain/bin/../lib/gcc/arm-none-eabi/6.3.1/../../../../arm-none-eabi/lib/thumb/v7e-m\libc.a(lib_a-memcpy.o)
                0x00404a50                memcpy
 .text.__malloc_lock
                0x00404b84        0xc c:/program files (x86)/atmel/studio/7.0/toolchain/arm/arm-gnu-toolchain/bin/../lib/gcc/arm-none-eabi/6.3.1/../../../../arm-none-eabi/lib/thumb/v7e-m\libc.a(lib_a-mlock.o)
                0x00404b84                __malloc_lock
 .text.__malloc_unlock
                0x00404b90        0xc c:/program files (x86)/atmel/studio/7.0/toolchain/arm/arm-gnu-toolchain/bin/../lib/gcc/arm-none-eabi/6.3.1/../../../../arm-none-eabi/lib/thumb/v7e-m\libc.a(lib_a-mlock.o)
                0x00404b90                __malloc_unlock
 .text._Balloc  0x00404b9c       0x4c c:/program files (x86)/atmel/studio/7.0/toolchain/arm/arm-gnu-toolchain/bin/../lib/gcc/arm-none-eabi/6.3.1/../../../../arm-none-eabi/lib/thumb/v7e-m\libc.a(lib_a-mprec.o)
                0x00404b9c                _Balloc
 .text._Bfree   0x00404be8       0x14 c:/program files (x86)/atmel/studio/7.0/toolchain/arm/arm-gnu-toolchain/bin/../lib/gcc/arm-none-eabi/6.3.1/../../../../arm-none-eabi/lib/thumb/v7e-m\libc.a(lib_a-mprec.o)
                0x00404be8                _Bfree
 .text.__multadd
                0x00404bfc       0x80 c:/program files (x86)/atmel/studio/7.0/toolchain/arm/arm-gnu-toolchain/bin/../lib/gcc/arm-none-eabi/6.3.1/../../../../arm-none-eabi/lib/thumb/v7e-m\libc.a(lib_a-mprec.o)
                0x00404bfc                __multadd
 .text.__hi0bits
                0x00404c7c       0x40 c:/program files (x86)/atmel/studio/7.0/toolchain/arm/arm-gnu-toolchain/bin/../lib/gcc/arm-none-eabi/6.3.1/../../../../arm-none-eabi/lib/thumb/v7e-m\libc.a(lib_a-mprec.o)
                0x00404c7c                __hi0bits
 .text.__lo0bits
                0x00404cbc       0x60 c:/program files (x86)/atmel/studio/7.0/toolchain/arm/arm-gnu-toolchain/bin/../lib/gcc/arm-none-eabi/6.3.1/../../../../arm-none-eabi/lib/thumb/v7e-m\libc.a(lib_a-mprec.o)
                0x00404cbc                __lo0bits
 .text.__i2b    0x00404d1c       0x14 c:/program files (x86)/atmel/studio/7.0/toolchain/arm/arm-gnu-toolchain/bin/../lib/gcc/arm-none-eabi/6.3.1/../../../../arm-none-eabi/lib/thumb/v7e-m\libc.a(lib_a-mprec.o)
                0x00404d1c                __i2b
 .text.__multiply
                0x00404d30      0x124 c:/program files (x86)/atmel/studio/7.0/toolchain/arm/arm-gnu-toolchain/bin/../lib/gcc/arm-none-eabi/6.3.1/../../../../arm-none-eabi/lib/thumb/v7e-m\libc.a(lib_a-mprec.o)
                0x00404d30                __multiply
 .text.__pow5mult
                0x00404e54       0xa0 c:/program files (x86)/atmel/studio/7.0/toolchain/arm/arm-gnu-toolchain/bin/../lib/gcc/arm-none-eabi/6.3.1/../../../../arm-none-eabi/lib/thumb/v7e-m\libc.a(lib_a-mprec.o)
                0x00404e54                __pow5mult
 .text.__lshift
                0x00404ef4       0xa4 c:/program files (x86)/atmel/studio/7.0/toolchain/arm/arm-gnu-toolchain/bin/../lib/gcc/arm-none-eabi/6.3.1/../../../../arm-none-eabi/lib/thumb/v7e-m\libc.a(lib_a-mprec.o)
                0x00404ef4                __lshift
 .text.__mcmp   0x00404f98       0x38 c:/program files (x86)/atmel/studio/7.0/toolchain/arm/arm-gnu-toolchain/bin/../lib/gcc/arm-none-eabi/6.3.1/../../../../arm-none-eabi/lib/thumb/v7e-m\libc.a(lib_a-mprec.o)
                0x00404f98                __mcmp
 .text.__mdiff  0x00404fd0      0x108 c:/program files (x86)/atmel/studio/7.0/toolchain/arm/arm-gnu-toolchain/bin/../lib/gcc/arm-none-eabi/6.3.1/../../../../arm-none-eabi/lib/thumb/v7e-m\libc.a(lib_a-mprec.o)
                0x00404fd0                __mdiff
 .text.__d2b    0x004050d8       0xb8 c:/program files (x86)/atmel/studio/7.0/toolchain/arm/arm-gnu-toolchain/bin/../lib/gcc/arm-none-eabi/6.3.1/../../../../arm-none-eabi/lib/thumb/v7e-m\libc.a(lib_a-mprec.o)
                0x004050d8                __d2b
 .text._sbrk_r  0x00405190       0x24 c:/program files (x86)/atmel/studio/7.0/toolchain/arm/arm-gnu-toolchain/bin/../lib/gcc/arm-none-eabi/6.3.1/../../../../arm-none-eabi/lib/thumb/v7e-m\libc.a(lib_a-sbrkr.o)
                0x00405190                _sbrk_r
 *fill*         0x004051b4        0xc 
 .text          0x004051c0       0xdc c:/program files (x86)/atmel/studio/7.0/toolchain/arm/arm-gnu-toolchain/bin/../lib/gcc/arm-none-eabi/6.3.1/../../../../arm-none-eabi/lib/thumb/v7e-m\libc.a(lib_a-strlen.o)
                0x004051c0                strlen
 .text.__ssprint_r
                0x0040529c       0xfc c:/program files (x86)/atmel/studio/7.0/toolchain/arm/arm-gnu-toolchain/bin/../lib/gcc/arm-none-eabi/6.3.1/../../../../arm-none-eabi/lib/thumb/v7e-m\libc.a(lib_a-svfiprintf.o)
                0x0040529c                __ssprint_r
 .text.__register_exitproc
                0x00405398       0xc4 c:/program files (x86)/atmel/studio/7.0/toolchain/arm/arm-gnu-toolchain/bin/../lib/gcc/arm-none-eabi/6.3.1/../../../../arm-none-eabi/lib/thumb/v7e-m\libc.a(lib_a-__atexit.o)
                0x00405398                __register_exitproc
 .text._calloc_r
                0x0040545c       0x60 c:/program files (x86)/atmel/studio/7.0/toolchain/arm/arm-gnu-toolchain/bin/../lib/gcc/arm-none-eabi/6.3.1/../../../../arm-none-eabi/lib/thumb/v7e-m\libc.a(lib_a-callocr.o)
                0x0040545c                _calloc_r
 .text._malloc_trim_r
                0x004054bc       0xa0 c:/program files (x86)/atmel/studio/7.0/toolchain/arm/arm-gnu-toolchain/bin/../lib/gcc/arm-none-eabi/6.3.1/../../../../arm-none-eabi/lib/thumb/v7e-m\libc.a(lib_a-freer.o)
                0x004054bc                _malloc_trim_r
 .text._free_r  0x0040555c      0x1cc c:/program files (x86)/atmel/studio/7.0/toolchain/arm/arm-gnu-toolchain/bin/../lib/gcc/arm-none-eabi/6.3.1/../../../../arm-none-eabi/lib/thumb/v7e-m\libc.a(lib_a-freer.o)
                0x0040555c                _free_r
 .text.__ascii_mbtowc
                0x00405728       0x2c c:/program files (x86)/atmel/studio/7.0/toolchain/arm/arm-gnu-toolchain/bin/../lib/gcc/arm-none-eabi/6.3.1/../../../../arm-none-eabi/lib/thumb/v7e-m\libc.a(lib_a-mbtowc_r.o)
                0x00405728                __ascii_mbtowc
 .text.memmove  0x00405754       0xc8 c:/program files (x86)/atmel/studio/7.0/toolchain/arm/arm-gnu-toolchain/bin/../lib/gcc/arm-none-eabi/6.3.1/../../../../arm-none-eabi/lib/thumb/v7e-m\libc.a(lib_a-memmove.o)
                0x00405754                memmove
 .text._realloc_r
                0x0040581c      0x34c c:/program files (x86)/atmel/studio/7.0/toolchain/arm/arm-gnu-toolchain/bin/../lib/gcc/arm-none-eabi/6.3.1/../../../../arm-none-eabi/lib/thumb/v7e-m\libc.a(lib_a-reallocr.o)
                0x0040581c                _realloc_r
 .text.__ascii_wctomb
                0x00405b68       0x1c c:/program files (x86)/atmel/studio/7.0/toolchain/arm/arm-gnu-toolchain/bin/../lib/gcc/arm-none-eabi/6.3.1/../../../../arm-none-eabi/lib/thumb/v7e-m\libc.a(lib_a-wctomb_r.o)
                0x00405b68                __ascii_wctomb
 .text          0x00405b84      0x370 c:/program files (x86)/atmel/studio/7.0/toolchain/arm/arm-gnu-toolchain/bin/../lib/gcc/arm-none-eabi/6.3.1/thumb/v7e-m\libgcc.a(_arm_addsubdf3.o)
                0x00405b84                __aeabi_drsub
                0x00405b8c                __aeabi_dsub
                0x00405b8c                __subdf3
                0x00405b90                __aeabi_dadd
                0x00405b90                __adddf3
                0x00405e08                __floatunsidf
                0x00405e08                __aeabi_ui2d
                0x00405e28                __floatsidf
                0x00405e28                __aeabi_i2d
                0x00405e4c                __aeabi_f2d
                0x00405e4c                __extendsfdf2
                0x00405e88                __floatundidf
                0x00405e88                __aeabi_ul2d
                0x00405e98                __floatdidf
                0x00405e98                __aeabi_l2d
 .text          0x00405ef4      0x424 c:/program files (x86)/atmel/studio/7.0/toolchain/arm/arm-gnu-toolchain/bin/../lib/gcc/arm-none-eabi/6.3.1/thumb/v7e-m\libgcc.a(_arm_muldivdf3.o)
                0x00405ef4                __aeabi_dmul
                0x00405ef4                __muldf3
                0x00406148                __divdf3
                0x00406148                __aeabi_ddiv
 .text          0x00406318      0x110 c:/program files (x86)/atmel/studio/7.0/toolchain/arm/arm-gnu-toolchain/bin/../lib/gcc/arm-none-eabi/6.3.1/thumb/v7e-m\libgcc.a(_arm_cmpdf2.o)
                0x00406318                __gtdf2
                0x00406318                __gedf2
                0x00406320                __ltdf2
                0x00406320                __ledf2
                0x00406328                __nedf2
                0x00406328                __eqdf2
                0x00406328                __cmpdf2
                0x004063a4                __aeabi_cdrcmple
                0x004063b4                __aeabi_cdcmpeq
                0x004063b4                __aeabi_cdcmple
                0x004063c4                __aeabi_dcmpeq
                0x004063d8                __aeabi_dcmplt
                0x004063ec                __aeabi_dcmple
                0x00406400                __aeabi_dcmpge
                0x00406414                __aeabi_dcmpgt
 .text          0x00406428       0x2c c:/program files (x86)/atmel/studio/7.0/toolchain/arm/arm-gnu-toolchain/bin/../lib/gcc/arm-none-eabi/6.3.1/thumb/v7e-m\libgcc.a(_arm_unorddf2.o)
                0x00406428                __unorddf2
                0x00406428                __aeabi_dcmpun
 .text          0x00406454       0x50 c:/program files (x86)/atmel/studio/7.0/toolchain/arm/arm-gnu-toolchain/bin/../lib/gcc/arm-none-eabi/6.3.1/thumb/v7e-m\libgcc.a(_arm_fixdfsi.o)
                0x00406454                __aeabi_d2iz
                0x00406454                __fixdfsi
 .text          0x004064a4       0x30 c:/program files (x86)/atmel/studio/7.0/toolchain/arm/arm-gnu-toolchain/bin/../lib/gcc/arm-none-eabi/6.3.1/thumb/v7e-m\libgcc.a(_aeabi_uldivmod.o)
                0x004064a4                __aeabi_uldivmod
 .text          0x004064d4      0x2dc c:/program files (x86)/atmel/studio/7.0/toolchain/arm/arm-gnu-toolchain/bin/../lib/gcc/arm-none-eabi/6.3.1/thumb/v7e-m\libgcc.a(_udivmoddi4.o)
                0x004064d4                __udivmoddi4
 .text          0x004067b0        0x4 c:/program files (x86)/atmel/studio/7.0/toolchain/arm/arm-gnu-toolchain/bin/../lib/gcc/arm-none-eabi/6.3.1/thumb/v7e-m\libgcc.a(_dvmd_tls.o)
                0x004067b0                __aeabi_idiv0
                0x004067b0                __aeabi_ldiv0
 *(.glue_7t)
 .glue_7t       0x004067b4        0x0 linker stubs
 *(.glue_7)
 .glue_7        0x004067b4        0x0 linker stubs
 *(.rodata .rodata* .gnu.linkonce.r.*)
 .rodata.sysfont_glyphs
                0x004067b4      0xa48 src/oled/sysfont.o
 .rodata        0x004071fc       0x1c src/main.o
 .rodata.main.str1.4
                0x00407218       0x16 src/main.o
 *fill*         0x0040722e        0x2 
 .rodata._global_impure_ptr
                0x00407230        0x4 c:/program files (x86)/atmel/studio/7.0/toolchain/arm/arm-gnu-toolchain/bin/../lib/gcc/arm-none-eabi/6.3.1/../../../../arm-none-eabi/lib/thumb/v7e-m\libc.a(lib_a-impure.o)
                0x00407230                _global_impure_ptr
 .rodata._svfprintf_r.str1.4
                0x00407234       0x42 c:/program files (x86)/atmel/studio/7.0/toolchain/arm/arm-gnu-toolchain/bin/../lib/gcc/arm-none-eabi/6.3.1/../../../../arm-none-eabi/lib/thumb/v7e-m\libc.a(lib_a-svfprintf.o)
 *fill*         0x00407276        0x2 
 .rodata.blanks.7223
                0x00407278       0x10 c:/program files (x86)/atmel/studio/7.0/toolchain/arm/arm-gnu-toolchain/bin/../lib/gcc/arm-none-eabi/6.3.1/../../../../arm-none-eabi/lib/thumb/v7e-m\libc.a(lib_a-svfprintf.o)
 .rodata.zeroes.7224
                0x00407288       0x10 c:/program files (x86)/atmel/studio/7.0/toolchain/arm/arm-gnu-toolchain/bin/../lib/gcc/arm-none-eabi/6.3.1/../../../../arm-none-eabi/lib/thumb/v7e-m\libc.a(lib_a-svfprintf.o)
 .rodata._dtoa_r.str1.4
                0x00407298       0x10 c:/program files (x86)/atmel/studio/7.0/toolchain/arm/arm-gnu-toolchain/bin/../lib/gcc/arm-none-eabi/6.3.1/../../../../arm-none-eabi/lib/thumb/v7e-m\libc.a(lib_a-dtoa.o)
                                 0x12 (size before relaxing)
 .rodata.__mprec_bigtens
                0x004072a8       0x28 c:/program files (x86)/atmel/studio/7.0/toolchain/arm/arm-gnu-toolchain/bin/../lib/gcc/arm-none-eabi/6.3.1/../../../../arm-none-eabi/lib/thumb/v7e-m\libc.a(lib_a-mprec.o)
                0x004072a8                __mprec_bigtens
 .rodata.__mprec_tens
                0x004072d0       0xc8 c:/program files (x86)/atmel/studio/7.0/toolchain/arm/arm-gnu-toolchain/bin/../lib/gcc/arm-none-eabi/6.3.1/../../../../arm-none-eabi/lib/thumb/v7e-m\libc.a(lib_a-mprec.o)
                0x004072d0                __mprec_tens
 .rodata.p05.6055
                0x00407398        0xc c:/program files (x86)/atmel/studio/7.0/toolchain/arm/arm-gnu-toolchain/bin/../lib/gcc/arm-none-eabi/6.3.1/../../../../arm-none-eabi/lib/thumb/v7e-m\libc.a(lib_a-mprec.o)
 .rodata._setlocale_r.str1.4
                0x004073a4        0xa c:/program files (x86)/atmel/studio/7.0/toolchain/arm/arm-gnu-toolchain/bin/../lib/gcc/arm-none-eabi/6.3.1/../../../../arm-none-eabi/lib/thumb/v7e-m\libc.a(lib_a-locale.o)
                                  0xd (size before relaxing)
 *fill*         0x004073ae        0x2 
 .rodata.str1.4
                0x004073b0        0x4 c:/program files (x86)/atmel/studio/7.0/toolchain/arm/arm-gnu-toolchain/bin/../lib/gcc/arm-none-eabi/6.3.1/../../../../arm-none-eabi/lib/thumb/v7e-m\libc.a(lib_a-locale.o)
                                  0x2 (size before relaxing)
 .rodata._ctype_
                0x004073b4      0x101 c:/program files (x86)/atmel/studio/7.0/toolchain/arm/arm-gnu-toolchain/bin/../lib/gcc/arm-none-eabi/6.3.1/../../../../arm-none-eabi/lib/thumb/v7e-m\libc.a(lib_a-ctype_.o)
                0x004073b4                _ctype_
 *(.ARM.extab* .gnu.linkonce.armextab.*)
                0x004074b8                . = ALIGN (0x4)
 *fill*         0x004074b5        0x3 
 *(.init)
 .init          0x004074b8        0x4 c:/program files (x86)/atmel/studio/7.0/toolchain/arm/arm-gnu-toolchain/bin/../lib/gcc/arm-none-eabi/6.3.1/thumb/v7e-m/crti.o
                0x004074b8                _init
 .init          0x004074bc        0x8 c:/program files (x86)/atmel/studio/7.0/toolchain/arm/arm-gnu-toolchain/bin/../lib/gcc/arm-none-eabi/6.3.1/thumb/v7e-m/crtn.o
                0x004074c4                . = ALIGN (0x4)
                0x004074c4                __preinit_array_start = .
 *(.preinit_array)
                0x004074c4                __preinit_array_end = .
                0x004074c4                . = ALIGN (0x4)
                0x004074c4                __init_array_start = .
 *(SORT(.init_array.*))
 .init_array.00000
                0x004074c4        0x4 c:/program files (x86)/atmel/studio/7.0/toolchain/arm/arm-gnu-toolchain/bin/../lib/gcc/arm-none-eabi/6.3.1/../../../../arm-none-eabi/lib/thumb/v7e-m\libc.a(lib_a-__call_atexit.o)
 *(.init_array)
 .init_array    0x004074c8        0x4 c:/program files (x86)/atmel/studio/7.0/toolchain/arm/arm-gnu-toolchain/bin/../lib/gcc/arm-none-eabi/6.3.1/thumb/v7e-m/crtbegin.o
                0x004074cc                __init_array_end = .
                0x004074cc                . = ALIGN (0x4)
 *crtbegin.o(.ctors)
 *(EXCLUDE_FILE(*crtend.o) .ctors)
 *(SORT(.ctors.*))
 *crtend.o(.ctors)
                0x004074cc                . = ALIGN (0x4)
 *(.fini)
 .fini          0x004074cc        0x4 c:/program files (x86)/atmel/studio/7.0/toolchain/arm/arm-gnu-toolchain/bin/../lib/gcc/arm-none-eabi/6.3.1/thumb/v7e-m/crti.o
                0x004074cc                _fini
 .fini          0x004074d0        0x8 c:/program files (x86)/atmel/studio/7.0/toolchain/arm/arm-gnu-toolchain/bin/../lib/gcc/arm-none-eabi/6.3.1/thumb/v7e-m/crtn.o
                0x004074d8                . = ALIGN (0x4)
                0x004074d8                __fini_array_start = .
 *(.fini_array)
 .fini_array    0x004074d8        0x4 c:/program files (x86)/atmel/studio/7.0/toolchain/arm/arm-gnu-toolchain/bin/../lib/gcc/arm-none-eabi/6.3.1/thumb/v7e-m/crtbegin.o
 *(SORT(.fini_array.*))
                0x004074dc                __fini_array_end = .
 *crtbegin.o(.dtors)
 *(EXCLUDE_FILE(*crtend.o) .dtors)
 *(SORT(.dtors.*))
 *crtend.o(.dtors)
                0x004074dc                . = ALIGN (0x4)
                0x004074dc                _efixed = .
                [!provide]                PROVIDE (__exidx_start, .)

.vfp11_veneer   0x004074dc        0x0
 .vfp11_veneer  0x004074dc        0x0 linker stubs

.v4_bx          0x004074dc        0x0
 .v4_bx         0x004074dc        0x0 linker stubs

.iplt           0x004074dc        0x0
 .iplt          0x004074dc        0x0 c:/program files (x86)/atmel/studio/7.0/toolchain/arm/arm-gnu-toolchain/bin/../lib/gcc/arm-none-eabi/6.3.1/thumb/v7e-m/crtbegin.o

.ARM.exidx      0x004074dc        0x8
 *(.ARM.exidx* .gnu.linkonce.armexidx.*)
 .ARM.exidx     0x004074dc        0x8 c:/program files (x86)/atmel/studio/7.0/toolchain/arm/arm-gnu-toolchain/bin/../lib/gcc/arm-none-eabi/6.3.1/thumb/v7e-m\libgcc.a(_udivmoddi4.o)
                [!provide]                PROVIDE (__exidx_end, .)

.eh_frame       0x004074e4        0x0
 .eh_frame      0x004074e4        0x0 c:/program files (x86)/atmel/studio/7.0/toolchain/arm/arm-gnu-toolchain/bin/../lib/gcc/arm-none-eabi/6.3.1/thumb/v7e-m/crtbegin.o

.rel.dyn        0x004074e4        0x0
 .rel.iplt      0x004074e4        0x0 c:/program files (x86)/atmel/studio/7.0/toolchain/arm/arm-gnu-toolchain/bin/../lib/gcc/arm-none-eabi/6.3.1/thumb/v7e-m/crtbegin.o

.jcr            0x004074e4        0x0
 .jcr           0x004074e4        0x0 c:/program files (x86)/atmel/studio/7.0/toolchain/arm/arm-gnu-toolchain/bin/../lib/gcc/arm-none-eabi/6.3.1/thumb/v7e-m/crtbegin.o

.igot.plt       0x004074e4        0x0
 .igot.plt      0x004074e4        0x0 c:/program files (x86)/atmel/studio/7.0/toolchain/arm/arm-gnu-toolchain/bin/../lib/gcc/arm-none-eabi/6.3.1/thumb/v7e-m/crtbegin.o
                0x004074e4                . = ALIGN (0x4)
                0x004074e4                _etext = .

.relocate       0x20400000      0x9d0 load address 0x004074e4
                0x20400000                . = ALIGN (0x4)
                0x20400000                _srelocate = .
 *(.ramfunc .ramfunc.*)
 .ramfunc       0x20400000        0xa src/ASF/common/services/delay/sam/cycle_counter.o
                0x20400000                portable_delay_cycles
 *(.data .data.*)
 *fill*         0x2040000a        0x2 
 .data.sysfont  0x2040000c        0xc src/oled/sysfont.o
                0x2040000c                sysfont
 .data.g_interrupt_enabled
                0x20400018        0x1 src/ASF/common/utils/interrupt/interrupt_sam_nvic.o
                0x20400018                g_interrupt_enabled
 *fill*         0x20400019        0x3 
 .data.SystemCoreClock
                0x2040001c        0x4 src/ASF/sam/utils/cmsis/same70/source/templates/system_same70.o
                0x2040001c                SystemCoreClock
 .data._impure_ptr
                0x20400020        0x4 c:/program files (x86)/atmel/studio/7.0/toolchain/arm/arm-gnu-toolchain/bin/../lib/gcc/arm-none-eabi/6.3.1/../../../../arm-none-eabi/lib/thumb/v7e-m\libc.a(lib_a-impure.o)
                0x20400020                _impure_ptr
 *fill*         0x20400024        0x4 
 .data.impure_data
                0x20400028      0x428 c:/program files (x86)/atmel/studio/7.0/toolchain/arm/arm-gnu-toolchain/bin/../lib/gcc/arm-none-eabi/6.3.1/../../../../arm-none-eabi/lib/thumb/v7e-m\libc.a(lib_a-impure.o)
 .data.__atexit_recursive_mutex
                0x20400450        0x4 c:/program files (x86)/atmel/studio/7.0/toolchain/arm/arm-gnu-toolchain/bin/../lib/gcc/arm-none-eabi/6.3.1/../../../../arm-none-eabi/lib/thumb/v7e-m\libc.a(lib_a-__call_atexit.o)
                0x20400450                __atexit_recursive_mutex
 .data.__malloc_av_
                0x20400454      0x408 c:/program files (x86)/atmel/studio/7.0/toolchain/arm/arm-gnu-toolchain/bin/../lib/gcc/arm-none-eabi/6.3.1/../../../../arm-none-eabi/lib/thumb/v7e-m\libc.a(lib_a-mallocr.o)
                0x20400454                __malloc_av_
 .data.__malloc_sbrk_base
                0x2040085c        0x4 c:/program files (x86)/atmel/studio/7.0/toolchain/arm/arm-gnu-toolchain/bin/../lib/gcc/arm-none-eabi/6.3.1/../../../../arm-none-eabi/lib/thumb/v7e-m\libc.a(lib_a-mallocr.o)
                0x2040085c                __malloc_sbrk_base
 .data.__malloc_trim_threshold
                0x20400860        0x4 c:/program files (x86)/atmel/studio/7.0/toolchain/arm/arm-gnu-toolchain/bin/../lib/gcc/arm-none-eabi/6.3.1/../../../../arm-none-eabi/lib/thumb/v7e-m\libc.a(lib_a-mallocr.o)
                0x20400860                __malloc_trim_threshold
 .data.__global_locale
                0x20400864      0x16c c:/program files (x86)/atmel/studio/7.0/toolchain/arm/arm-gnu-toolchain/bin/../lib/gcc/arm-none-eabi/6.3.1/../../../../arm-none-eabi/lib/thumb/v7e-m\libc.a(lib_a-locale.o)
                0x20400864                __global_locale
                0x204009d0                . = ALIGN (0x4)
                0x204009d0                _erelocate = .

.bss            0x204009d0      0x304 load address 0x00407eb4
                0x204009d0                . = ALIGN (0x4)
                0x204009d0                _sbss = .
                0x204009d0                _szero = .
 *(.bss .bss.*)
 .bss           0x204009d0       0x1c c:/program files (x86)/atmel/studio/7.0/toolchain/arm/arm-gnu-toolchain/bin/../lib/gcc/arm-none-eabi/6.3.1/thumb/v7e-m/crtbegin.o
 .bss.g_wobits_in_rtt_mr
                0x204009ec        0x4 src/ASF/sam/drivers/rtt/rtt.o
 .bss.fbpointer
                0x204009f0        0x4 src/oled/gfx_mono_framebuffer.o
 .bss.framebuffer
                0x204009f4      0x200 src/oled/gfx_mono_ug_2832hsweg04.o
 .bss.gs_interrupt_sources
                0x20400bf4       0x70 src/ASF/sam/drivers/pio/pio_handler.o
 .bss.gs_ul_nb_sources
                0x20400c64        0x4 src/ASF/sam/drivers/pio/pio_handler.o
 .bss.b_is_sleep_clock_used
                0x20400c68        0x1 src/ASF/sam/drivers/pmc/sleep.o
 *fill*         0x20400c69        0x3 
 .bss.callback_clocks_restored
                0x20400c6c        0x4 src/ASF/sam/drivers/pmc/sleep.o
 .bss.heap.6420
                0x20400c70        0x4 src/ASF/sam/utils/syscalls/gcc/syscalls.o
 .bss.flag_rtc_alarm
                0x20400c74        0x1 src/main.o
                0x20400c74                flag_rtc_alarm
 *fill*         0x20400c75        0x3 
 .bss.__malloc_current_mallinfo
                0x20400c78       0x28 c:/program files (x86)/atmel/studio/7.0/toolchain/arm/arm-gnu-toolchain/bin/../lib/gcc/arm-none-eabi/6.3.1/../../../../arm-none-eabi/lib/thumb/v7e-m\libc.a(lib_a-mallocr.o)
                0x20400c78                __malloc_current_mallinfo
 .bss.__malloc_max_sbrked_mem
                0x20400ca0        0x4 c:/program files (x86)/atmel/studio/7.0/toolchain/arm/arm-gnu-toolchain/bin/../lib/gcc/arm-none-eabi/6.3.1/../../../../arm-none-eabi/lib/thumb/v7e-m\libc.a(lib_a-mallocr.o)
                0x20400ca0                __malloc_max_sbrked_mem
 .bss.__malloc_max_total_mem
                0x20400ca4        0x4 c:/program files (x86)/atmel/studio/7.0/toolchain/arm/arm-gnu-toolchain/bin/../lib/gcc/arm-none-eabi/6.3.1/../../../../arm-none-eabi/lib/thumb/v7e-m\libc.a(lib_a-mallocr.o)
                0x20400ca4                __malloc_max_total_mem
 .bss.__malloc_top_pad
                0x20400ca8        0x4 c:/program files (x86)/atmel/studio/7.0/toolchain/arm/arm-gnu-toolchain/bin/../lib/gcc/arm-none-eabi/6.3.1/../../../../arm-none-eabi/lib/thumb/v7e-m\libc.a(lib_a-mallocr.o)
                0x20400ca8                __malloc_top_pad
 *(COMMON)
 COMMON         0x20400cac       0x21 c:/program files (x86)/atmel/studio/7.0/toolchain/arm/arm-gnu-toolchain/bin/../lib/gcc/arm-none-eabi/6.3.1/../../../../arm-none-eabi/lib/thumb/v7e-m\libc.a(lib_a-lock.o)
                0x20400cac                __lock___atexit_recursive_mutex
                0x20400cb0                __lock___arc4random_mutex
                0x20400cb4                __lock___env_recursive_mutex
                0x20400cb8                __lock___sinit_recursive_mutex
                0x20400cbc                __lock___malloc_recursive_mutex
                0x20400cc0                __lock___at_quick_exit_mutex
                0x20400cc4                __lock___dd_hash_mutex
                0x20400cc8                __lock___tz_mutex
                0x20400ccc                __lock___sfp_recursive_mutex
 *fill*         0x20400ccd        0x3 
 COMMON         0x20400cd0        0x4 c:/program files (x86)/atmel/studio/7.0/toolchain/arm/arm-gnu-toolchain/bin/../lib/gcc/arm-none-eabi/6.3.1/../../../../arm-none-eabi/lib/thumb/v7e-m\libc.a(lib_a-reent.o)
                0x20400cd0                errno
                0x20400cd4                . = ALIGN (0x4)
                0x20400cd4                _ebss = .
                0x20400cd4                _ezero = .

.stack          0x20400cd4     0x2004 load address 0x004081b8
                0x20400cd8                . = ALIGN (0x8)
 *fill*         0x20400cd4        0x4 
                0x20400cd8                _sstack = .
                0x20402cd8                . = (. + STACK_SIZE)
 *fill*         0x20400cd8     0x2000 
                0x20402cd8                . = ALIGN (0x8)
                0x20402cd8                _estack = .

.heap           0x20402cd8      0x200 load address 0x0040a1bc
                0x20402cd8                . = ALIGN (0x8)
                0x20402cd8                _sheap = .
                0x20402ed8                . = (. + HEAP_SIZE)
 *fill*         0x20402cd8      0x200 
                0x20402ed8                . = ALIGN (0x8)
                0x20402ed8                _eheap = .
                0x20402ed8                . = ALIGN (0x4)
                0x20402ed8                _end = .
                0x2045ffff                _ram_end_ = ((ORIGIN (ram) + LENGTH (ram)) - 0x1)
OUTPUT(OLED1.elf elf32-littlearm)

.ARM.attributes
                0x00000000       0x2e
 .ARM.attributes
                0x00000000       0x1e c:/program files (x86)/atmel/studio/7.0/toolchain/arm/arm-gnu-toolchain/bin/../lib/gcc/arm-none-eabi/6.3.1/thumb/v7e-m/crti.o
 .ARM.attributes
                0x0000001e       0x2e c:/program files (x86)/atmel/studio/7.0/toolchain/arm/arm-gnu-toolchain/bin/../lib/gcc/arm-none-eabi/6.3.1/thumb/v7e-m/crtbegin.o
 .ARM.attributes
                0x0000004c       0x37 src/ASF/sam/drivers/rtc/rtc.o
 .ARM.attributes
                0x00000083       0x37 src/ASF/sam/drivers/rtt/rtt.o
 .ARM.attributes
                0x000000ba       0x37 src/ASF/sam/drivers/spi/spi.o
 .ARM.attributes
                0x000000f1       0x37 src/ASF/sam/drivers/tc/tc.o
 .ARM.attributes
                0x00000128       0x37 src/oled/gfx_mono_framebuffer.o
 .ARM.attributes
                0x0000015f       0x37 src/oled/gfx_mono_generic.o
 .ARM.attributes
                0x00000196       0x37 src/oled/gfx_mono_text.o
 .ARM.attributes
                0x000001cd       0x37 src/oled/gfx_mono_ug_2832hsweg04.o
 .ARM.attributes
                0x00000204       0x37 src/oled/ssd1306.o
 .ARM.attributes
                0x0000023b       0x37 src/oled/sysfont.o
 .ARM.attributes
                0x00000272       0x37 src/ASF/common/services/delay/sam/cycle_counter.o
 .ARM.attributes
                0x000002a9       0x37 src/ASF/common/services/clock/same70/sysclk.o
 .ARM.attributes
                0x000002e0       0x37 src/ASF/common/utils/interrupt/interrupt_sam_nvic.o
 .ARM.attributes
                0x00000317       0x37 src/ASF/sam/boards/same70_xplained/init.o
 .ARM.attributes
                0x0000034e       0x37 src/ASF/sam/drivers/pio/pio.o
 .ARM.attributes
                0x00000385       0x37 src/ASF/sam/drivers/pio/pio_handler.o
 .ARM.attributes
                0x000003bc       0x37 src/ASF/sam/drivers/pmc/pmc.o
 .ARM.attributes
                0x000003f3       0x37 src/ASF/sam/drivers/pmc/sleep.o
 .ARM.attributes
                0x0000042a       0x37 src/ASF/sam/utils/cmsis/same70/source/templates/gcc/startup_same70.o
 .ARM.attributes
                0x00000461       0x37 src/ASF/sam/utils/cmsis/same70/source/templates/system_same70.o
 .ARM.attributes
                0x00000498       0x37 src/ASF/sam/utils/syscalls/gcc/syscalls.o
 .ARM.attributes
                0x000004cf       0x37 src/main.o
 .ARM.attributes
                0x00000506       0x2e c:/program files (x86)/atmel/studio/7.0/toolchain/arm/arm-gnu-toolchain/bin/../lib/gcc/arm-none-eabi/6.3.1/../../../../arm-none-eabi/lib/thumb/v7e-m\libc.a(lib_a-impure.o)
 .ARM.attributes
                0x00000534       0x2e c:/program files (x86)/atmel/studio/7.0/toolchain/arm/arm-gnu-toolchain/bin/../lib/gcc/arm-none-eabi/6.3.1/../../../../arm-none-eabi/lib/thumb/v7e-m\libc.a(lib_a-init.o)
 .ARM.attributes
                0x00000562       0x2e c:/program files (x86)/atmel/studio/7.0/toolchain/arm/arm-gnu-toolchain/bin/../lib/gcc/arm-none-eabi/6.3.1/../../../../arm-none-eabi/lib/thumb/v7e-m\libc.a(lib_a-memset.o)
 .ARM.attributes
                0x00000590       0x2e c:/program files (x86)/atmel/studio/7.0/toolchain/arm/arm-gnu-toolchain/bin/../lib/gcc/arm-none-eabi/6.3.1/../../../../arm-none-eabi/lib/thumb/v7e-m\libc.a(lib_a-sprintf.o)
 .ARM.attributes
                0x000005be       0x2e c:/program files (x86)/atmel/studio/7.0/toolchain/arm/arm-gnu-toolchain/bin/../lib/gcc/arm-none-eabi/6.3.1/../../../../arm-none-eabi/lib/thumb/v7e-m\libc.a(lib_a-svfprintf.o)
 .ARM.attributes
                0x000005ec       0x2e c:/program files (x86)/atmel/studio/7.0/toolchain/arm/arm-gnu-toolchain/bin/../lib/gcc/arm-none-eabi/6.3.1/../../../../arm-none-eabi/lib/thumb/v7e-m\libc.a(lib_a-__call_atexit.o)
 .ARM.attributes
                0x0000061a       0x2e c:/program files (x86)/atmel/studio/7.0/toolchain/arm/arm-gnu-toolchain/bin/../lib/gcc/arm-none-eabi/6.3.1/../../../../arm-none-eabi/lib/thumb/v7e-m\libc.a(lib_a-atexit.o)
 .ARM.attributes
                0x00000648       0x2e c:/program files (x86)/atmel/studio/7.0/toolchain/arm/arm-gnu-toolchain/bin/../lib/gcc/arm-none-eabi/6.3.1/../../../../arm-none-eabi/lib/thumb/v7e-m\libc.a(lib_a-dtoa.o)
 .ARM.attributes
                0x00000676       0x2e c:/program files (x86)/atmel/studio/7.0/toolchain/arm/arm-gnu-toolchain/bin/../lib/gcc/arm-none-eabi/6.3.1/../../../../arm-none-eabi/lib/thumb/v7e-m\libc.a(lib_a-fini.o)
 .ARM.attributes
                0x000006a4       0x2e c:/program files (x86)/atmel/studio/7.0/toolchain/arm/arm-gnu-toolchain/bin/../lib/gcc/arm-none-eabi/6.3.1/../../../../arm-none-eabi/lib/thumb/v7e-m\libc.a(lib_a-localeconv.o)
 .ARM.attributes
                0x000006d2       0x2e c:/program files (x86)/atmel/studio/7.0/toolchain/arm/arm-gnu-toolchain/bin/../lib/gcc/arm-none-eabi/6.3.1/../../../../arm-none-eabi/lib/thumb/v7e-m\libc.a(lib_a-lock.o)
 .ARM.attributes
                0x00000700       0x2e c:/program files (x86)/atmel/studio/7.0/toolchain/arm/arm-gnu-toolchain/bin/../lib/gcc/arm-none-eabi/6.3.1/../../../../arm-none-eabi/lib/thumb/v7e-m\libc.a(lib_a-mallocr.o)
 .ARM.attributes
                0x0000072e       0x1c c:/program files (x86)/atmel/studio/7.0/toolchain/arm/arm-gnu-toolchain/bin/../lib/gcc/arm-none-eabi/6.3.1/../../../../arm-none-eabi/lib/thumb/v7e-m\libc.a(lib_a-memchr.o)
 .ARM.attributes
                0x0000074a       0x1c c:/program files (x86)/atmel/studio/7.0/toolchain/arm/arm-gnu-toolchain/bin/../lib/gcc/arm-none-eabi/6.3.1/../../../../arm-none-eabi/lib/thumb/v7e-m\libc.a(lib_a-memcpy.o)
 .ARM.attributes
                0x00000766       0x2e c:/program files (x86)/atmel/studio/7.0/toolchain/arm/arm-gnu-toolchain/bin/../lib/gcc/arm-none-eabi/6.3.1/../../../../arm-none-eabi/lib/thumb/v7e-m\libc.a(lib_a-mlock.o)
 .ARM.attributes
                0x00000794       0x2e c:/program files (x86)/atmel/studio/7.0/toolchain/arm/arm-gnu-toolchain/bin/../lib/gcc/arm-none-eabi/6.3.1/../../../../arm-none-eabi/lib/thumb/v7e-m\libc.a(lib_a-mprec.o)
 .ARM.attributes
                0x000007c2       0x2e c:/program files (x86)/atmel/studio/7.0/toolchain/arm/arm-gnu-toolchain/bin/../lib/gcc/arm-none-eabi/6.3.1/../../../../arm-none-eabi/lib/thumb/v7e-m\libc.a(lib_a-sbrkr.o)
 .ARM.attributes
                0x000007f0       0x1c c:/program files (x86)/atmel/studio/7.0/toolchain/arm/arm-gnu-toolchain/bin/../lib/gcc/arm-none-eabi/6.3.1/../../../../arm-none-eabi/lib/thumb/v7e-m\libc.a(lib_a-strlen.o)
 .ARM.attributes
                0x0000080c       0x2e c:/program files (x86)/atmel/studio/7.0/toolchain/arm/arm-gnu-toolchain/bin/../lib/gcc/arm-none-eabi/6.3.1/../../../../arm-none-eabi/lib/thumb/v7e-m\libc.a(lib_a-svfiprintf.o)
 .ARM.attributes
                0x0000083a       0x2e c:/program files (x86)/atmel/studio/7.0/toolchain/arm/arm-gnu-toolchain/bin/../lib/gcc/arm-none-eabi/6.3.1/../../../../arm-none-eabi/lib/thumb/v7e-m\libc.a(lib_a-__atexit.o)
 .ARM.attributes
                0x00000868       0x2e c:/program files (x86)/atmel/studio/7.0/toolchain/arm/arm-gnu-toolchain/bin/../lib/gcc/arm-none-eabi/6.3.1/../../../../arm-none-eabi/lib/thumb/v7e-m\libc.a(lib_a-callocr.o)
 .ARM.attributes
                0x00000896       0x2e c:/program files (x86)/atmel/studio/7.0/toolchain/arm/arm-gnu-toolchain/bin/../lib/gcc/arm-none-eabi/6.3.1/../../../../arm-none-eabi/lib/thumb/v7e-m\libc.a(lib_a-freer.o)
 .ARM.attributes
                0x000008c4       0x2e c:/program files (x86)/atmel/studio/7.0/toolchain/arm/arm-gnu-toolchain/bin/../lib/gcc/arm-none-eabi/6.3.1/../../../../arm-none-eabi/lib/thumb/v7e-m\libc.a(lib_a-locale.o)
 .ARM.attributes
                0x000008f2       0x2e c:/program files (x86)/atmel/studio/7.0/toolchain/arm/arm-gnu-toolchain/bin/../lib/gcc/arm-none-eabi/6.3.1/../../../../arm-none-eabi/lib/thumb/v7e-m\libc.a(lib_a-mbtowc_r.o)
 .ARM.attributes
                0x00000920       0x2e c:/program files (x86)/atmel/studio/7.0/toolchain/arm/arm-gnu-toolchain/bin/../lib/gcc/arm-none-eabi/6.3.1/../../../../arm-none-eabi/lib/thumb/v7e-m\libc.a(lib_a-memmove.o)
 .ARM.attributes
                0x0000094e       0x2e c:/program files (x86)/atmel/studio/7.0/toolchain/arm/arm-gnu-toolchain/bin/../lib/gcc/arm-none-eabi/6.3.1/../../../../arm-none-eabi/lib/thumb/v7e-m\libc.a(lib_a-reallocr.o)
 .ARM.attributes
                0x0000097c       0x2e c:/program files (x86)/atmel/studio/7.0/toolchain/arm/arm-gnu-toolchain/bin/../lib/gcc/arm-none-eabi/6.3.1/../../../../arm-none-eabi/lib/thumb/v7e-m\libc.a(lib_a-reent.o)
 .ARM.attributes
                0x000009aa       0x2e c:/program files (x86)/atmel/studio/7.0/toolchain/arm/arm-gnu-toolchain/bin/../lib/gcc/arm-none-eabi/6.3.1/../../../../arm-none-eabi/lib/thumb/v7e-m\libc.a(lib_a-wctomb_r.o)
 .ARM.attributes
                0x000009d8       0x2e c:/program files (x86)/atmel/studio/7.0/toolchain/arm/arm-gnu-toolchain/bin/../lib/gcc/arm-none-eabi/6.3.1/../../../../arm-none-eabi/lib/thumb/v7e-m\libc.a(lib_a-ctype_.o)
 .ARM.attributes
                0x00000a06       0x1e c:/program files (x86)/atmel/studio/7.0/toolchain/arm/arm-gnu-toolchain/bin/../lib/gcc/arm-none-eabi/6.3.1/thumb/v7e-m\libgcc.a(_arm_addsubdf3.o)
 .ARM.attributes
                0x00000a24       0x1e c:/program files (x86)/atmel/studio/7.0/toolchain/arm/arm-gnu-toolchain/bin/../lib/gcc/arm-none-eabi/6.3.1/thumb/v7e-m\libgcc.a(_arm_muldivdf3.o)
 .ARM.attributes
                0x00000a42       0x1e c:/program files (x86)/atmel/studio/7.0/toolchain/arm/arm-gnu-toolchain/bin/../lib/gcc/arm-none-eabi/6.3.1/thumb/v7e-m\libgcc.a(_arm_cmpdf2.o)
 .ARM.attributes
                0x00000a60       0x1e c:/program files (x86)/atmel/studio/7.0/toolchain/arm/arm-gnu-toolchain/bin/../lib/gcc/arm-none-eabi/6.3.1/thumb/v7e-m\libgcc.a(_arm_unorddf2.o)
 .ARM.attributes
                0x00000a7e       0x1e c:/program files (x86)/atmel/studio/7.0/toolchain/arm/arm-gnu-toolchain/bin/../lib/gcc/arm-none-eabi/6.3.1/thumb/v7e-m\libgcc.a(_arm_fixdfsi.o)
 .ARM.attributes
                0x00000a9c       0x1e c:/program files (x86)/atmel/studio/7.0/toolchain/arm/arm-gnu-toolchain/bin/../lib/gcc/arm-none-eabi/6.3.1/thumb/v7e-m\libgcc.a(_aeabi_uldivmod.o)
 .ARM.attributes
                0x00000aba       0x2e c:/program files (x86)/atmel/studio/7.0/toolchain/arm/arm-gnu-toolchain/bin/../lib/gcc/arm-none-eabi/6.3.1/thumb/v7e-m\libgcc.a(_udivmoddi4.o)
 .ARM.attributes
                0x00000ae8       0x1e c:/program files (x86)/atmel/studio/7.0/toolchain/arm/arm-gnu-toolchain/bin/../lib/gcc/arm-none-eabi/6.3.1/thumb/v7e-m\libgcc.a(_dvmd_tls.o)
 .ARM.attributes
                0x00000b06       0x1e c:/program files (x86)/atmel/studio/7.0/toolchain/arm/arm-gnu-toolchain/bin/../lib/gcc/arm-none-eabi/6.3.1/thumb/v7e-m/crtn.o

.comment        0x00000000       0x59
 .comment       0x00000000       0x59 src/ASF/sam/drivers/rtc/rtc.o
                                 0x5a (size before relaxing)
 .comment       0x00000059       0x5a src/ASF/sam/drivers/rtt/rtt.o
 .comment       0x00000059       0x5a src/ASF/sam/drivers/spi/spi.o
 .comment       0x00000059       0x5a src/ASF/sam/drivers/tc/tc.o
 .comment       0x00000059       0x5a src/oled/gfx_mono_framebuffer.o
 .comment       0x00000059       0x5a src/oled/gfx_mono_generic.o
 .comment       0x00000059       0x5a src/oled/gfx_mono_text.o
 .comment       0x00000059       0x5a src/oled/gfx_mono_ug_2832hsweg04.o
 .comment       0x00000059       0x5a src/oled/ssd1306.o
 .comment       0x00000059       0x5a src/oled/sysfont.o
 .comment       0x00000059       0x5a src/ASF/common/services/delay/sam/cycle_counter.o
 .comment       0x00000059       0x5a src/ASF/common/services/clock/same70/sysclk.o
 .comment       0x00000059       0x5a src/ASF/common/utils/interrupt/interrupt_sam_nvic.o
 .comment       0x00000059       0x5a src/ASF/sam/boards/same70_xplained/init.o
 .comment       0x00000059       0x5a src/ASF/sam/drivers/pio/pio.o
 .comment       0x00000059       0x5a src/ASF/sam/drivers/pio/pio_handler.o
 .comment       0x00000059       0x5a src/ASF/sam/drivers/pmc/pmc.o
 .comment       0x00000059       0x5a src/ASF/sam/drivers/pmc/sleep.o
 .comment       0x00000059       0x5a src/ASF/sam/utils/cmsis/same70/source/templates/gcc/startup_same70.o
 .comment       0x00000059       0x5a src/ASF/sam/utils/cmsis/same70/source/templates/system_same70.o
 .comment       0x00000059       0x5a src/ASF/sam/utils/syscalls/gcc/syscalls.o
 .comment       0x00000059       0x5a src/main.o

.debug_info     0x00000000    0x1b773
 .debug_info    0x00000000     0x10f7 src/ASF/sam/drivers/rtc/rtc.o
 .debug_info    0x000010f7      0xcd1 src/ASF/sam/drivers/rtt/rtt.o
 .debug_info    0x00001dc8     0x115d src/ASF/sam/drivers/spi/spi.o
 .debug_info    0x00002f25     0x1233 src/ASF/sam/drivers/tc/tc.o
 .debug_info    0x00004158      0xdd2 src/oled/gfx_mono_framebuffer.o
 .debug_info    0x00004f2a     0x157d src/oled/gfx_mono_generic.o
 .debug_info    0x000064a7      0xf6a src/oled/gfx_mono_text.o
 .debug_info    0x00007411     0x11a0 src/oled/gfx_mono_ug_2832hsweg04.o
 .debug_info    0x000085b1     0x1fae src/oled/ssd1306.o
 .debug_info    0x0000a55f      0xb06 src/oled/sysfont.o
 .debug_info    0x0000b065      0xa45 src/ASF/common/services/delay/sam/cycle_counter.o
 .debug_info    0x0000baaa     0x1267 src/ASF/common/services/clock/same70/sysclk.o
 .debug_info    0x0000cd11      0xb01 src/ASF/common/utils/interrupt/interrupt_sam_nvic.o
 .debug_info    0x0000d812     0x1bd7 src/ASF/sam/boards/same70_xplained/init.o
 .debug_info    0x0000f3e9     0x2150 src/ASF/sam/drivers/pio/pio.o
 .debug_info    0x00011539     0x1b22 src/ASF/sam/drivers/pio/pio_handler.o
 .debug_info    0x0001305b     0x1e0e src/ASF/sam/drivers/pmc/pmc.o
 .debug_info    0x00014e69     0x165a src/ASF/sam/drivers/pmc/sleep.o
 .debug_info    0x000164c3     0x156a src/ASF/sam/utils/cmsis/same70/source/templates/gcc/startup_same70.o
 .debug_info    0x00017a2d      0x55b src/ASF/sam/utils/cmsis/same70/source/templates/system_same70.o
 .debug_info    0x00017f88      0xdb0 src/ASF/sam/utils/syscalls/gcc/syscalls.o
 .debug_info    0x00018d38     0x2a3b src/main.o

.debug_abbrev   0x00000000     0x3e58
 .debug_abbrev  0x00000000      0x2e3 src/ASF/sam/drivers/rtc/rtc.o
 .debug_abbrev  0x000002e3      0x256 src/ASF/sam/drivers/rtt/rtt.o
 .debug_abbrev  0x00000539      0x3a5 src/ASF/sam/drivers/spi/spi.o
 .debug_abbrev  0x000008de      0x293 src/ASF/sam/drivers/tc/tc.o
 .debug_abbrev  0x00000b71      0x284 src/oled/gfx_mono_framebuffer.o
 .debug_abbrev  0x00000df5      0x2a2 src/oled/gfx_mono_generic.o
 .debug_abbrev  0x00001097      0x30a src/oled/gfx_mono_text.o
 .debug_abbrev  0x000013a1      0x34b src/oled/gfx_mono_ug_2832hsweg04.o
 .debug_abbrev  0x000016ec      0x35e src/oled/ssd1306.o
 .debug_abbrev  0x00001a4a      0x1b6 src/oled/sysfont.o
 .debug_abbrev  0x00001c00      0x1b3 src/ASF/common/services/delay/sam/cycle_counter.o
 .debug_abbrev  0x00001db3      0x31f src/ASF/common/services/clock/same70/sysclk.o
 .debug_abbrev  0x000020d2      0x212 src/ASF/common/utils/interrupt/interrupt_sam_nvic.o
 .debug_abbrev  0x000022e4      0x368 src/ASF/sam/boards/same70_xplained/init.o
 .debug_abbrev  0x0000264c      0x410 src/ASF/sam/drivers/pio/pio.o
 .debug_abbrev  0x00002a5c      0x32f src/ASF/sam/drivers/pio/pio_handler.o
 .debug_abbrev  0x00002d8b      0x369 src/ASF/sam/drivers/pmc/pmc.o
 .debug_abbrev  0x000030f4      0x32b src/ASF/sam/drivers/pmc/sleep.o
 .debug_abbrev  0x0000341f      0x2e4 src/ASF/sam/utils/cmsis/same70/source/templates/gcc/startup_same70.o
 .debug_abbrev  0x00003703      0x102 src/ASF/sam/utils/cmsis/same70/source/templates/system_same70.o
 .debug_abbrev  0x00003805      0x264 src/ASF/sam/utils/syscalls/gcc/syscalls.o
 .debug_abbrev  0x00003a69      0x3ef src/main.o

.debug_loc      0x00000000     0x6ae2
 .debug_loc     0x00000000      0x8d0 src/ASF/sam/drivers/rtc/rtc.o
 .debug_loc     0x000008d0      0x1c7 src/ASF/sam/drivers/rtt/rtt.o
 .debug_loc     0x00000a97      0x610 src/ASF/sam/drivers/spi/spi.o
 .debug_loc     0x000010a7      0x5a4 src/ASF/sam/drivers/tc/tc.o
 .debug_loc     0x0000164b      0x506 src/oled/gfx_mono_framebuffer.o
 .debug_loc     0x00001b51      0xda8 src/oled/gfx_mono_generic.o
 .debug_loc     0x000028f9      0x66a src/oled/gfx_mono_text.o
 .debug_loc     0x00002f63      0x6ee src/oled/gfx_mono_ug_2832hsweg04.o
 .debug_loc     0x00003651      0x365 src/oled/ssd1306.o
 .debug_loc     0x000039b6      0x183 src/ASF/common/services/clock/same70/sysclk.o
 .debug_loc     0x00003b39      0x1e7 src/ASF/sam/boards/same70_xplained/init.o
 .debug_loc     0x00003d20      0xea4 src/ASF/sam/drivers/pio/pio.o
 .debug_loc     0x00004bc4      0x588 src/ASF/sam/drivers/pio/pio_handler.o
 .debug_loc     0x0000514c      0xce3 src/ASF/sam/drivers/pmc/pmc.o
 .debug_loc     0x00005e2f      0x389 src/ASF/sam/drivers/pmc/sleep.o
 .debug_loc     0x000061b8       0x77 src/ASF/sam/utils/cmsis/same70/source/templates/gcc/startup_same70.o
 .debug_loc     0x0000622f       0xfd src/ASF/sam/utils/syscalls/gcc/syscalls.o
 .debug_loc     0x0000632c      0x7b6 src/main.o

.debug_aranges  0x00000000      0xa78
 .debug_aranges
                0x00000000       0xb8 src/ASF/sam/drivers/rtc/rtc.o
 .debug_aranges
                0x000000b8       0x60 src/ASF/sam/drivers/rtt/rtt.o
 .debug_aranges
                0x00000118       0x90 src/ASF/sam/drivers/spi/spi.o
 .debug_aranges
                0x000001a8       0xd0 src/ASF/sam/drivers/tc/tc.o
 .debug_aranges
                0x00000278       0x58 src/oled/gfx_mono_framebuffer.o
 .debug_aranges
                0x000002d0       0x58 src/oled/gfx_mono_generic.o
 .debug_aranges
                0x00000328       0x40 src/oled/gfx_mono_text.o
 .debug_aranges
                0x00000368       0x60 src/oled/gfx_mono_ug_2832hsweg04.o
 .debug_aranges
                0x000003c8       0x30 src/oled/ssd1306.o
 .debug_aranges
                0x000003f8       0x18 src/oled/sysfont.o
 .debug_aranges
                0x00000410       0x20 src/ASF/common/services/delay/sam/cycle_counter.o
 .debug_aranges
                0x00000430       0x40 src/ASF/common/services/clock/same70/sysclk.o
 .debug_aranges
                0x00000470       0x28 src/ASF/common/utils/interrupt/interrupt_sam_nvic.o
 .debug_aranges
                0x00000498       0x20 src/ASF/sam/boards/same70_xplained/init.o
 .debug_aranges
                0x000004b8      0x1a8 src/ASF/sam/drivers/pio/pio.o
 .debug_aranges
                0x00000660       0x60 src/ASF/sam/drivers/pio/pio_handler.o
 .debug_aranges
                0x000006c0      0x250 src/ASF/sam/drivers/pmc/pmc.o
 .debug_aranges
                0x00000910       0x30 src/ASF/sam/drivers/pmc/sleep.o
 .debug_aranges
                0x00000940       0x28 src/ASF/sam/utils/cmsis/same70/source/templates/gcc/startup_same70.o
 .debug_aranges
                0x00000968       0x30 src/ASF/sam/utils/cmsis/same70/source/templates/system_same70.o
 .debug_aranges
                0x00000998       0x60 src/ASF/sam/utils/syscalls/gcc/syscalls.o
 .debug_aranges
                0x000009f8       0x80 src/main.o

.debug_ranges   0x00000000      0xad8
 .debug_ranges  0x00000000       0xa8 src/ASF/sam/drivers/rtc/rtc.o
 .debug_ranges  0x000000a8       0x50 src/ASF/sam/drivers/rtt/rtt.o
 .debug_ranges  0x000000f8       0x80 src/ASF/sam/drivers/spi/spi.o
 .debug_ranges  0x00000178       0xc0 src/ASF/sam/drivers/tc/tc.o
 .debug_ranges  0x00000238       0x48 src/oled/gfx_mono_framebuffer.o
 .debug_ranges  0x00000280       0x48 src/oled/gfx_mono_generic.o
 .debug_ranges  0x000002c8       0x48 src/oled/gfx_mono_text.o
 .debug_ranges  0x00000310       0x80 src/oled/gfx_mono_ug_2832hsweg04.o
 .debug_ranges  0x00000390       0x20 src/oled/ssd1306.o
 .debug_ranges  0x000003b0       0x10 src/ASF/common/services/delay/sam/cycle_counter.o
 .debug_ranges  0x000003c0       0x30 src/ASF/common/services/clock/same70/sysclk.o
 .debug_ranges  0x000003f0       0x18 src/ASF/common/utils/interrupt/interrupt_sam_nvic.o
 .debug_ranges  0x00000408       0x10 src/ASF/sam/boards/same70_xplained/init.o
 .debug_ranges  0x00000418      0x2a0 src/ASF/sam/drivers/pio/pio.o
 .debug_ranges  0x000006b8       0x68 src/ASF/sam/drivers/pio/pio_handler.o
 .debug_ranges  0x00000720      0x240 src/ASF/sam/drivers/pmc/pmc.o
 .debug_ranges  0x00000960       0x50 src/ASF/sam/drivers/pmc/sleep.o
 .debug_ranges  0x000009b0       0x18 src/ASF/sam/utils/cmsis/same70/source/templates/gcc/startup_same70.o
 .debug_ranges  0x000009c8       0x20 src/ASF/sam/utils/cmsis/same70/source/templates/system_same70.o
 .debug_ranges  0x000009e8       0x50 src/ASF/sam/utils/syscalls/gcc/syscalls.o
 .debug_ranges  0x00000a38       0xa0 src/main.o

.debug_macro    0x00000000    0x2255b
 .debug_macro   0x00000000      0x678 src/ASF/sam/drivers/rtc/rtc.o
 .debug_macro   0x00000678      0x8ce src/ASF/sam/drivers/rtc/rtc.o
 .debug_macro   0x00000f46      0x16d src/ASF/sam/drivers/rtc/rtc.o
 .debug_macro   0x000010b3      0x64b src/ASF/sam/drivers/rtc/rtc.o
 .debug_macro   0x000016fe       0x76 src/ASF/sam/drivers/rtc/rtc.o
 .debug_macro   0x00001774       0x16 src/ASF/sam/drivers/rtc/rtc.o
 .debug_macro   0x0000178a      0x6e4 src/ASF/sam/drivers/rtc/rtc.o
 .debug_macro   0x00001e6e       0x22 src/ASF/sam/drivers/rtc/rtc.o
 .debug_macro   0x00001e90       0x87 src/ASF/sam/drivers/rtc/rtc.o
 .debug_macro   0x00001f17       0x51 src/ASF/sam/drivers/rtc/rtc.o
 .debug_macro   0x00001f68       0xef src/ASF/sam/drivers/rtc/rtc.o
 .debug_macro   0x00002057       0x6a src/ASF/sam/drivers/rtc/rtc.o
 .debug_macro   0x000020c1      0x1df src/ASF/sam/drivers/rtc/rtc.o
 .debug_macro   0x000022a0       0x4a src/ASF/sam/drivers/rtc/rtc.o
 .debug_macro   0x000022ea       0x3b src/ASF/sam/drivers/rtc/rtc.o
 .debug_macro   0x00002325       0x2d src/ASF/sam/drivers/rtc/rtc.o
 .debug_macro   0x00002352       0x26 src/ASF/sam/drivers/rtc/rtc.o
 .debug_macro   0x00002378      0xf9a src/ASF/sam/drivers/rtc/rtc.o
 .debug_macro   0x00003312      0x175 src/ASF/sam/drivers/rtc/rtc.o
 .debug_macro   0x00003487      0x257 src/ASF/sam/drivers/rtc/rtc.o
 .debug_macro   0x000036de      0xa0f src/ASF/sam/drivers/rtc/rtc.o
 .debug_macro   0x000040ed      0x1b9 src/ASF/sam/drivers/rtc/rtc.o
 .debug_macro   0x000042a6      0x336 src/ASF/sam/drivers/rtc/rtc.o
 .debug_macro   0x000045dc      0x15b src/ASF/sam/drivers/rtc/rtc.o
 .debug_macro   0x00004737     0x1851 src/ASF/sam/drivers/rtc/rtc.o
 .debug_macro   0x00005f88       0x1c src/ASF/sam/drivers/rtc/rtc.o
 .debug_macro   0x00005fa4      0x68d src/ASF/sam/drivers/rtc/rtc.o
 .debug_macro   0x00006631      0x31e src/ASF/sam/drivers/rtc/rtc.o
 .debug_macro   0x0000694f      0x4d4 src/ASF/sam/drivers/rtc/rtc.o
 .debug_macro   0x00006e23      0x56e src/ASF/sam/drivers/rtc/rtc.o
 .debug_macro   0x00007391     0x1332 src/ASF/sam/drivers/rtc/rtc.o
 .debug_macro   0x000086c3     0x278d src/ASF/sam/drivers/rtc/rtc.o
 .debug_macro   0x0000ae50     0x102b src/ASF/sam/drivers/rtc/rtc.o
 .debug_macro   0x0000be7b      0xe01 src/ASF/sam/drivers/rtc/rtc.o
 .debug_macro   0x0000cc7c      0x3b1 src/ASF/sam/drivers/rtc/rtc.o
 .debug_macro   0x0000d02d       0xa0 src/ASF/sam/drivers/rtc/rtc.o
 .debug_macro   0x0000d0cd       0x76 src/ASF/sam/drivers/rtc/rtc.o
 .debug_macro   0x0000d143      0x409 src/ASF/sam/drivers/rtc/rtc.o
 .debug_macro   0x0000d54c       0x64 src/ASF/sam/drivers/rtc/rtc.o
 .debug_macro   0x0000d5b0      0x284 src/ASF/sam/drivers/rtc/rtc.o
 .debug_macro   0x0000d834      0x1d0 src/ASF/sam/drivers/rtc/rtc.o
 .debug_macro   0x0000da04      0x248 src/ASF/sam/drivers/rtc/rtc.o
 .debug_macro   0x0000dc4c      0x524 src/ASF/sam/drivers/rtc/rtc.o
 .debug_macro   0x0000e170      0x63b src/ASF/sam/drivers/rtc/rtc.o
 .debug_macro   0x0000e7ab      0x6b8 src/ASF/sam/drivers/rtc/rtc.o
 .debug_macro   0x0000ee63       0x4c src/ASF/sam/drivers/rtc/rtc.o
 .debug_macro   0x0000eeaf      0x468 src/ASF/sam/drivers/rtc/rtc.o
 .debug_macro   0x0000f317      0x207 src/ASF/sam/drivers/rtc/rtc.o
 .debug_macro   0x0000f51e      0x866 src/ASF/sam/drivers/rtc/rtc.o
 .debug_macro   0x0000fd84     0x1547 src/ASF/sam/drivers/rtc/rtc.o
 .debug_macro   0x000112cb       0x40 src/ASF/sam/drivers/rtc/rtc.o
 .debug_macro   0x0001130b       0x76 src/ASF/sam/drivers/rtc/rtc.o
 .debug_macro   0x00011381      0xdaf src/ASF/sam/drivers/rtc/rtc.o
 .debug_macro   0x00012130       0x82 src/ASF/sam/drivers/rtc/rtc.o
 .debug_macro   0x000121b2       0x76 src/ASF/sam/drivers/rtc/rtc.o
 .debug_macro   0x00012228       0x4c src/ASF/sam/drivers/rtc/rtc.o
 .debug_macro   0x00012274      0x135 src/ASF/sam/drivers/rtc/rtc.o
 .debug_macro   0x000123a9      0x135 src/ASF/sam/drivers/rtc/rtc.o
 .debug_macro   0x000124de      0x135 src/ASF/sam/drivers/rtc/rtc.o
 .debug_macro   0x00012613       0x6a src/ASF/sam/drivers/rtc/rtc.o
 .debug_macro   0x0001267d       0x6a src/ASF/sam/drivers/rtc/rtc.o
 .debug_macro   0x000126e7      0x313 src/ASF/sam/drivers/rtc/rtc.o
 .debug_macro   0x000129fa       0xb2 src/ASF/sam/drivers/rtc/rtc.o
 .debug_macro   0x00012aac       0xb2 src/ASF/sam/drivers/rtc/rtc.o
 .debug_macro   0x00012b5e       0xb2 src/ASF/sam/drivers/rtc/rtc.o
 .debug_macro   0x00012c10      0x11d src/ASF/sam/drivers/rtc/rtc.o
 .debug_macro   0x00012d2d      0x11d src/ASF/sam/drivers/rtc/rtc.o
 .debug_macro   0x00012e4a      0x2cd src/ASF/sam/drivers/rtc/rtc.o
 .debug_macro   0x00013117       0xb8 src/ASF/sam/drivers/rtc/rtc.o
 .debug_macro   0x000131cf       0x5e src/ASF/sam/drivers/rtc/rtc.o
 .debug_macro   0x0001322d       0x40 src/ASF/sam/drivers/rtc/rtc.o
 .debug_macro   0x0001326d       0x4c src/ASF/sam/drivers/rtc/rtc.o
 .debug_macro   0x000132b9       0xa0 src/ASF/sam/drivers/rtc/rtc.o
 .debug_macro   0x00013359      0x494 src/ASF/sam/drivers/rtc/rtc.o
 .debug_macro   0x000137ed      0x135 src/ASF/sam/drivers/rtc/rtc.o
 .debug_macro   0x00013922       0x4c src/ASF/sam/drivers/rtc/rtc.o
 .debug_macro   0x0001396e      0x313 src/ASF/sam/drivers/rtc/rtc.o
 .debug_macro   0x00013c81       0x6a src/ASF/sam/drivers/rtc/rtc.o
 .debug_macro   0x00013ceb       0xb8 src/ASF/sam/drivers/rtc/rtc.o
 .debug_macro   0x00013da3       0x6a src/ASF/sam/drivers/rtc/rtc.o
 .debug_macro   0x00013e0d       0x2e src/ASF/sam/drivers/rtc/rtc.o
 .debug_macro   0x00013e3b      0x9b1 src/ASF/sam/drivers/rtc/rtc.o
 .debug_macro   0x000147ec       0x6a src/ASF/sam/drivers/rtc/rtc.o
 .debug_macro   0x00014856       0x88 src/ASF/sam/drivers/rtc/rtc.o
 .debug_macro   0x000148de       0x58 src/ASF/sam/drivers/rtc/rtc.o
 .debug_macro   0x00014936       0xe2 src/ASF/sam/drivers/rtc/rtc.o
 .debug_macro   0x00014a18       0x16 src/ASF/sam/drivers/rtc/rtc.o
 .debug_macro   0x00014a2e       0xe2 src/ASF/sam/drivers/rtc/rtc.o
 .debug_macro   0x00014b10       0x4c src/ASF/sam/drivers/rtc/rtc.o
 .debug_macro   0x00014b5c       0x16 src/ASF/sam/drivers/rtc/rtc.o
 .debug_macro   0x00014b72       0x4c src/ASF/sam/drivers/rtc/rtc.o
 .debug_macro   0x00014bbe       0x2e src/ASF/sam/drivers/rtc/rtc.o
 .debug_macro   0x00014bec      0x1b5 src/ASF/sam/drivers/rtc/rtc.o
 .debug_macro   0x00014da1      0x1b5 src/ASF/sam/drivers/rtc/rtc.o
 .debug_macro   0x00014f56      0x1b5 src/ASF/sam/drivers/rtc/rtc.o
 .debug_macro   0x0001510b      0x1b5 src/ASF/sam/drivers/rtc/rtc.o
 .debug_macro   0x000152c0      0x1b5 src/ASF/sam/drivers/rtc/rtc.o
 .debug_macro   0x00015475       0x1c src/ASF/sam/drivers/rtc/rtc.o
 .debug_macro   0x00015491       0x2e src/ASF/sam/drivers/rtc/rtc.o
 .debug_macro   0x000154bf       0x22 src/ASF/sam/drivers/rtc/rtc.o
 .debug_macro   0x000154e1       0x1c src/ASF/sam/drivers/rtc/rtc.o
 .debug_macro   0x000154fd       0x52 src/ASF/sam/drivers/rtc/rtc.o
 .debug_macro   0x0001554f       0x10 src/ASF/sam/drivers/rtc/rtc.o
 .debug_macro   0x0001555f       0x1c src/ASF/sam/drivers/rtc/rtc.o
 .debug_macro   0x0001557b       0x4c src/ASF/sam/drivers/rtc/rtc.o
 .debug_macro   0x000155c7       0x4c src/ASF/sam/drivers/rtc/rtc.o
 .debug_macro   0x00015613       0x4c src/ASF/sam/drivers/rtc/rtc.o
 .debug_macro   0x0001565f      0x31b src/ASF/sam/drivers/rtc/rtc.o
 .debug_macro   0x0001597a     0x1022 src/ASF/sam/drivers/rtc/rtc.o
 .debug_macro   0x0001699c      0x107 src/ASF/sam/drivers/rtc/rtc.o
 .debug_macro   0x00016aa3       0x58 src/ASF/sam/drivers/rtc/rtc.o
 .debug_macro   0x00016afb       0x35 src/ASF/sam/drivers/rtc/rtc.o
 .debug_macro   0x00016b30       0x9c src/ASF/sam/drivers/rtc/rtc.o
 .debug_macro   0x00016bcc       0x16 src/ASF/sam/drivers/rtc/rtc.o
 .debug_macro   0x00016be2       0x35 src/ASF/sam/drivers/rtc/rtc.o
 .debug_macro   0x00016c17      0x353 src/ASF/sam/drivers/rtc/rtc.o
 .debug_macro   0x00016f6a       0x10 src/ASF/sam/drivers/rtc/rtc.o
 .debug_macro   0x00016f7a       0x58 src/ASF/sam/drivers/rtc/rtc.o
 .debug_macro   0x00016fd2       0x1f src/ASF/sam/drivers/rtc/rtc.o
 .debug_macro   0x00016ff1       0x43 src/ASF/sam/drivers/rtc/rtc.o
 .debug_macro   0x00017034       0x20 src/ASF/sam/drivers/rtc/rtc.o
 .debug_macro   0x00017054      0x187 src/ASF/sam/drivers/rtc/rtc.o
 .debug_macro   0x000171db       0x10 src/ASF/sam/drivers/rtc/rtc.o
 .debug_macro   0x000171eb       0x1c src/ASF/sam/drivers/rtc/rtc.o
 .debug_macro   0x00017207       0x52 src/ASF/sam/drivers/rtc/rtc.o
 .debug_macro   0x00017259       0x40 src/ASF/sam/drivers/rtc/rtc.o
 .debug_macro   0x00017299       0x10 src/ASF/sam/drivers/rtc/rtc.o
 .debug_macro   0x000172a9       0x40 src/ASF/sam/drivers/rtc/rtc.o
 .debug_macro   0x000172e9       0xd7 src/ASF/sam/drivers/rtc/rtc.o
 .debug_macro   0x000173c0       0x16 src/ASF/sam/drivers/rtc/rtc.o
 .debug_macro   0x000173d6      0x18b src/ASF/sam/drivers/rtc/rtc.o
 .debug_macro   0x00017561       0x22 src/ASF/sam/drivers/rtc/rtc.o
 .debug_macro   0x00017583       0x16 src/ASF/sam/drivers/rtc/rtc.o
 .debug_macro   0x00017599       0x16 src/ASF/sam/drivers/rtc/rtc.o
 .debug_macro   0x000175af       0x29 src/ASF/sam/drivers/rtc/rtc.o
 .debug_macro   0x000175d8       0x75 src/ASF/sam/drivers/rtc/rtc.o
 .debug_macro   0x0001764d       0x3f src/ASF/sam/drivers/rtc/rtc.o
 .debug_macro   0x0001768c      0x3ca src/ASF/sam/drivers/rtc/rtc.o
 .debug_macro   0x00017a56      0x660 src/ASF/sam/drivers/rtt/rtt.o
 .debug_macro   0x000180b6      0x6d9 src/ASF/sam/drivers/spi/spi.o
 .debug_macro   0x0001878f       0x10 src/ASF/sam/drivers/spi/spi.o
 .debug_macro   0x0001879f       0x3a src/ASF/sam/drivers/spi/spi.o
 .debug_macro   0x000187d9      0x2c6 src/ASF/sam/drivers/spi/spi.o
 .debug_macro   0x00018a9f      0xa96 src/ASF/sam/drivers/spi/spi.o
 .debug_macro   0x00019535       0x70 src/ASF/sam/drivers/spi/spi.o
 .debug_macro   0x000195a5       0x64 src/ASF/sam/drivers/spi/spi.o
 .debug_macro   0x00019609       0x5f src/ASF/sam/drivers/spi/spi.o
 .debug_macro   0x00019668       0xac src/ASF/sam/drivers/spi/spi.o
 .debug_macro   0x00019714      0x66d src/ASF/sam/drivers/tc/tc.o
 .debug_macro   0x00019d81       0x52 src/ASF/sam/drivers/tc/tc.o
 .debug_macro   0x00019dd3       0x8d src/ASF/sam/drivers/tc/tc.o
 .debug_macro   0x00019e60       0x16 src/ASF/sam/drivers/tc/tc.o
 .debug_macro   0x00019e76       0x57 src/ASF/sam/drivers/tc/tc.o
 .debug_macro   0x00019ecd       0x1c src/ASF/sam/drivers/tc/tc.o
 .debug_macro   0x00019ee9      0x7e6 src/oled/gfx_mono_framebuffer.o
 .debug_macro   0x0001a6cf       0x50 src/oled/gfx_mono_framebuffer.o
 .debug_macro   0x0001a71f       0x22 src/oled/gfx_mono_framebuffer.o
 .debug_macro   0x0001a741       0x7b src/oled/gfx_mono_framebuffer.o
 .debug_macro   0x0001a7bc       0x28 src/oled/gfx_mono_framebuffer.o
 .debug_macro   0x0001a7e4       0x23 src/oled/gfx_mono_framebuffer.o
 .debug_macro   0x0001a807       0x94 src/oled/gfx_mono_framebuffer.o
 .debug_macro   0x0001a89b       0x40 src/oled/gfx_mono_framebuffer.o
 .debug_macro   0x0001a8db       0x88 src/oled/gfx_mono_framebuffer.o
 .debug_macro   0x0001a963      0x1ce src/oled/gfx_mono_framebuffer.o
 .debug_macro   0x0001ab31       0x34 src/oled/gfx_mono_framebuffer.o
 .debug_macro   0x0001ab65       0x16 src/oled/gfx_mono_framebuffer.o
 .debug_macro   0x0001ab7b       0x1c src/oled/gfx_mono_framebuffer.o
 .debug_macro   0x0001ab97       0x16 src/oled/gfx_mono_framebuffer.o
 .debug_macro   0x0001abad       0x28 src/oled/gfx_mono_framebuffer.o
 .debug_macro   0x0001abd5       0xd1 src/oled/gfx_mono_framebuffer.o
 .debug_macro   0x0001aca6       0x8b src/oled/gfx_mono_framebuffer.o
 .debug_macro   0x0001ad31      0x7e6 src/oled/gfx_mono_generic.o
 .debug_macro   0x0001b517      0x7ff src/oled/gfx_mono_text.o
 .debug_macro   0x0001bd16      0x7ea src/oled/gfx_mono_ug_2832hsweg04.o
 .debug_macro   0x0001c500       0x28 src/oled/gfx_mono_ug_2832hsweg04.o
 .debug_macro   0x0001c528      0x7c0 src/oled/ssd1306.o
 .debug_macro   0x0001cce8      0x69c src/oled/sysfont.o
 .debug_macro   0x0001d384       0x3a src/oled/sysfont.o
 .debug_macro   0x0001d3be      0x665 src/ASF/common/services/delay/sam/cycle_counter.o
 .debug_macro   0x0001da23       0x22 src/ASF/common/services/delay/sam/cycle_counter.o
 .debug_macro   0x0001da45      0x6d1 src/ASF/common/services/clock/same70/sysclk.o
 .debug_macro   0x0001e116      0x2c0 src/ASF/common/services/clock/same70/sysclk.o
 .debug_macro   0x0001e3d6      0x655 src/ASF/common/utils/interrupt/interrupt_sam_nvic.o
 .debug_macro   0x0001ea2b      0x70b src/ASF/sam/boards/same70_xplained/init.o
 .debug_macro   0x0001f136       0x82 src/ASF/sam/boards/same70_xplained/init.o
 .debug_macro   0x0001f1b8      0x66b src/ASF/sam/drivers/pio/pio.o
 .debug_macro   0x0001f823       0x8e src/ASF/sam/drivers/pio/pio.o
 .debug_macro   0x0001f8b1      0x676 src/ASF/sam/drivers/pio/pio_handler.o
 .debug_macro   0x0001ff27      0x66b src/ASF/sam/drivers/pmc/pmc.o
 .debug_macro   0x00020592       0x6a src/ASF/sam/drivers/pmc/pmc.o
 .debug_macro   0x000205fc      0x684 src/ASF/sam/drivers/pmc/sleep.o
 .debug_macro   0x00020c80      0x664 src/ASF/sam/utils/cmsis/same70/source/templates/gcc/startup_same70.o
 .debug_macro   0x000212e4       0x10 src/ASF/sam/utils/cmsis/same70/source/templates/gcc/startup_same70.o
 .debug_macro   0x000212f4      0x455 src/ASF/sam/utils/cmsis/same70/source/templates/system_same70.o
 .debug_macro   0x00021749      0x1d6 src/ASF/sam/utils/syscalls/gcc/syscalls.o
 .debug_macro   0x0002191f       0x97 src/ASF/sam/utils/syscalls/gcc/syscalls.o
 .debug_macro   0x000219b6       0xf6 src/ASF/sam/utils/syscalls/gcc/syscalls.o
 .debug_macro   0x00021aac       0x4c src/ASF/sam/utils/syscalls/gcc/syscalls.o
 .debug_macro   0x00021af8       0x16 src/ASF/sam/utils/syscalls/gcc/syscalls.o
 .debug_macro   0x00021b0e       0x10 src/ASF/sam/utils/syscalls/gcc/syscalls.o
 .debug_macro   0x00021b1e       0x10 src/ASF/sam/utils/syscalls/gcc/syscalls.o
 .debug_macro   0x00021b2e       0x35 src/ASF/sam/utils/syscalls/gcc/syscalls.o
 .debug_macro   0x00021b63      0x122 src/ASF/sam/utils/syscalls/gcc/syscalls.o
 .debug_macro   0x00021c85      0x8d6 src/main.o

.debug_line     0x00000000    0x10891
 .debug_line    0x00000000      0xbe4 src/ASF/sam/drivers/rtc/rtc.o
 .debug_line    0x00000be4      0xa72 src/ASF/sam/drivers/rtt/rtt.o
 .debug_line    0x00001656      0xc41 src/ASF/sam/drivers/spi/spi.o
 .debug_line    0x00002297      0xb85 src/ASF/sam/drivers/tc/tc.o
 .debug_line    0x00002e1c      0xe87 src/oled/gfx_mono_framebuffer.o
 .debug_line    0x00003ca3      0xf3b src/oled/gfx_mono_generic.o
 .debug_line    0x00004bde      0xe95 src/oled/gfx_mono_text.o
 .debug_line    0x00005a73      0xf0f src/oled/gfx_mono_ug_2832hsweg04.o
 .debug_line    0x00006982      0xe64 src/oled/ssd1306.o
 .debug_line    0x000077e6      0xa1b src/oled/sysfont.o
 .debug_line    0x00008201      0x9ed src/ASF/common/services/delay/sam/cycle_counter.o
 .debug_line    0x00008bee      0xb4f src/ASF/common/services/clock/same70/sysclk.o
 .debug_line    0x0000973d      0xa01 src/ASF/common/utils/interrupt/interrupt_sam_nvic.o
 .debug_line    0x0000a13e      0xc04 src/ASF/sam/boards/same70_xplained/init.o
 .debug_line    0x0000ad42      0xee3 src/ASF/sam/drivers/pio/pio.o
 .debug_line    0x0000bc25      0xabf src/ASF/sam/drivers/pio/pio_handler.o
 .debug_line    0x0000c6e4     0x106b src/ASF/sam/drivers/pmc/pmc.o
 .debug_line    0x0000d74f      0xb4c src/ASF/sam/drivers/pmc/sleep.o
 .debug_line    0x0000e29b      0xa73 src/ASF/sam/utils/cmsis/same70/source/templates/gcc/startup_same70.o
 .debug_line    0x0000ed0e      0x7e9 src/ASF/sam/utils/cmsis/same70/source/templates/system_same70.o
 .debug_line    0x0000f4f7      0x40b src/ASF/sam/utils/syscalls/gcc/syscalls.o
 .debug_line    0x0000f902      0xf8f src/main.o

.debug_str      0x00000000    0x909af
 .debug_str     0x00000000    0x81bea src/ASF/sam/drivers/rtc/rtc.o
                              0x822a9 (size before relaxing)
 .debug_str     0x00081bea      0x132 src/ASF/sam/drivers/rtt/rtt.o
                              0x8206c (size before relaxing)
 .debug_str     0x00081d1c     0x4607 src/ASF/sam/drivers/spi/spi.o
                              0x86581 (size before relaxing)
 .debug_str     0x00086323      0x2fc src/ASF/sam/drivers/tc/tc.o
                              0x822ca (size before relaxing)
 .debug_str     0x0008661f     0x2abe src/oled/gfx_mono_framebuffer.o
                              0x88c7d (size before relaxing)
 .debug_str     0x000890dd      0x25c src/oled/gfx_mono_generic.o
                              0x88dc1 (size before relaxing)
 .debug_str     0x00089339      0x1f0 src/oled/gfx_mono_text.o
                              0x88d9c (size before relaxing)
 .debug_str     0x00089529      0x11c src/oled/gfx_mono_ug_2832hsweg04.o
                              0x88d5d (size before relaxing)
 .debug_str     0x00089645      0x612 src/oled/ssd1306.o
                              0x88995 (size before relaxing)
 .debug_str     0x00089c57     0x3ee1 src/oled/sysfont.o
                              0x861b3 (size before relaxing)
 .debug_str     0x0008db38       0x35 src/ASF/common/services/delay/sam/cycle_counter.o
                              0x820e7 (size before relaxing)
 .debug_str     0x0008db6d      0x3f1 src/ASF/common/services/clock/same70/sysclk.o
                              0x86605 (size before relaxing)
 .debug_str     0x0008df5e       0x94 src/ASF/common/utils/interrupt/interrupt_sam_nvic.o
                              0x81fb7 (size before relaxing)
 .debug_str     0x0008dff2      0x4f4 src/ASF/sam/boards/same70_xplained/init.o
                              0x870f5 (size before relaxing)
 .debug_str     0x0008e4e6      0x559 src/ASF/sam/drivers/pio/pio.o
                              0x82b0d (size before relaxing)
 .debug_str     0x0008ea3f      0x437 src/ASF/sam/drivers/pio/pio_handler.o
                              0x82c2f (size before relaxing)
 .debug_str     0x0008ee76      0x68e src/ASF/sam/drivers/pmc/pmc.o
                              0x82c71 (size before relaxing)
 .debug_str     0x0008f504      0x165 src/ASF/sam/drivers/pmc/sleep.o
                              0x85f30 (size before relaxing)
 .debug_str     0x0008f669      0x64c src/ASF/sam/utils/cmsis/same70/source/templates/gcc/startup_same70.o
                              0x82784 (size before relaxing)
 .debug_str     0x0008fcb5      0x137 src/ASF/sam/utils/cmsis/same70/source/templates/system_same70.o
                              0x72890 (size before relaxing)
 .debug_str     0x0008fdec      0x779 src/ASF/sam/utils/syscalls/gcc/syscalls.o
                               0x74c1 (size before relaxing)
 .debug_str     0x00090565      0x44a src/main.o
                              0x8da37 (size before relaxing)

.debug_frame    0x00000000     0x2348
 .debug_frame   0x00000000      0x1b0 src/ASF/sam/drivers/rtc/rtc.o
 .debug_frame   0x000001b0       0xac src/ASF/sam/drivers/rtt/rtt.o
 .debug_frame   0x0000025c      0x140 src/ASF/sam/drivers/spi/spi.o
 .debug_frame   0x0000039c      0x1a8 src/ASF/sam/drivers/tc/tc.o
 .debug_frame   0x00000544       0xdc src/oled/gfx_mono_framebuffer.o
 .debug_frame   0x00000620      0x168 src/oled/gfx_mono_generic.o
 .debug_frame   0x00000788       0xc8 src/oled/gfx_mono_text.o
 .debug_frame   0x00000850      0x124 src/oled/gfx_mono_ug_2832hsweg04.o
 .debug_frame   0x00000974       0x6c src/oled/ssd1306.o
 .debug_frame   0x000009e0       0x20 src/ASF/common/services/delay/sam/cycle_counter.o
 .debug_frame   0x00000a00       0x88 src/ASF/common/services/clock/same70/sysclk.o
 .debug_frame   0x00000a88       0x30 src/ASF/common/utils/interrupt/interrupt_sam_nvic.o
 .debug_frame   0x00000ab8       0x30 src/ASF/sam/boards/same70_xplained/init.o
 .debug_frame   0x00000ae8      0x390 src/ASF/sam/drivers/pio/pio.o
 .debug_frame   0x00000e78      0x110 src/ASF/sam/drivers/pio/pio_handler.o
 .debug_frame   0x00000f88      0x494 src/ASF/sam/drivers/pmc/pmc.o
 .debug_frame   0x0000141c       0x5c src/ASF/sam/drivers/pmc/sleep.o
 .debug_frame   0x00001478       0x38 src/ASF/sam/utils/cmsis/same70/source/templates/gcc/startup_same70.o
 .debug_frame   0x000014b0       0x40 src/ASF/sam/utils/cmsis/same70/source/templates/system_same70.o
 .debug_frame   0x000014f0       0xa0 src/ASF/sam/utils/syscalls/gcc/syscalls.o
 .debug_frame   0x00001590      0x1cc src/main.o
 .debug_frame   0x0000175c       0x2c c:/program files (x86)/atmel/studio/7.0/toolchain/arm/arm-gnu-toolchain/bin/../lib/gcc/arm-none-eabi/6.3.1/../../../../arm-none-eabi/lib/thumb/v7e-m\libc.a(lib_a-init.o)
 .debug_frame   0x00001788       0x34 c:/program files (x86)/atmel/studio/7.0/toolchain/arm/arm-gnu-toolchain/bin/../lib/gcc/arm-none-eabi/6.3.1/../../../../arm-none-eabi/lib/thumb/v7e-m\libc.a(lib_a-memset.o)
 .debug_frame   0x000017bc       0x84 c:/program files (x86)/atmel/studio/7.0/toolchain/arm/arm-gnu-toolchain/bin/../lib/gcc/arm-none-eabi/6.3.1/../../../../arm-none-eabi/lib/thumb/v7e-m\libc.a(lib_a-sprintf.o)
 .debug_frame   0x00001840       0x40 c:/program files (x86)/atmel/studio/7.0/toolchain/arm/arm-gnu-toolchain/bin/../lib/gcc/arm-none-eabi/6.3.1/../../../../arm-none-eabi/lib/thumb/v7e-m\libc.a(lib_a-svfprintf.o)
 .debug_frame   0x00001880       0x5c c:/program files (x86)/atmel/studio/7.0/toolchain/arm/arm-gnu-toolchain/bin/../lib/gcc/arm-none-eabi/6.3.1/../../../../arm-none-eabi/lib/thumb/v7e-m\libc.a(lib_a-__call_atexit.o)
 .debug_frame   0x000018dc       0x20 c:/program files (x86)/atmel/studio/7.0/toolchain/arm/arm-gnu-toolchain/bin/../lib/gcc/arm-none-eabi/6.3.1/../../../../arm-none-eabi/lib/thumb/v7e-m\libc.a(lib_a-atexit.o)
 .debug_frame   0x000018fc       0x88 c:/program files (x86)/atmel/studio/7.0/toolchain/arm/arm-gnu-toolchain/bin/../lib/gcc/arm-none-eabi/6.3.1/../../../../arm-none-eabi/lib/thumb/v7e-m\libc.a(lib_a-dtoa.o)
 .debug_frame   0x00001984       0x34 c:/program files (x86)/atmel/studio/7.0/toolchain/arm/arm-gnu-toolchain/bin/../lib/gcc/arm-none-eabi/6.3.1/../../../../arm-none-eabi/lib/thumb/v7e-m\libc.a(lib_a-fini.o)
 .debug_frame   0x000019b8       0x40 c:/program files (x86)/atmel/studio/7.0/toolchain/arm/arm-gnu-toolchain/bin/../lib/gcc/arm-none-eabi/6.3.1/../../../../arm-none-eabi/lib/thumb/v7e-m\libc.a(lib_a-localeconv.o)
 .debug_frame   0x000019f8       0xb0 c:/program files (x86)/atmel/studio/7.0/toolchain/arm/arm-gnu-toolchain/bin/../lib/gcc/arm-none-eabi/6.3.1/../../../../arm-none-eabi/lib/thumb/v7e-m\libc.a(lib_a-lock.o)