Archive member included to satisfy reference by file (symbol)

c:/program files (x86)/atmel/studio/7.0/toolchain/arm/arm-gnu-toolchain/bin/../lib/gcc/arm-none-eabi/6.3.1/thumb/v7e-m\libgcc.a(_arm_addsubdf3.o)
                              src/main.o (__aeabi_dadd)
c:/program files (x86)/atmel/studio/7.0/toolchain/arm/arm-gnu-toolchain/bin/../lib/gcc/arm-none-eabi/6.3.1/thumb/v7e-m\libgcc.a(_arm_cmpdf2.o)
                              src/main.o (__aeabi_dcmplt)
c:/program files (x86)/atmel/studio/7.0/toolchain/arm/arm-gnu-toolchain/bin/../lib/gcc/arm-none-eabi/6.3.1/thumb/v7e-m\libgcc.a(_aeabi_uldivmod.o)
                              src/main.o (__aeabi_uldivmod)
c:/program files (x86)/atmel/studio/7.0/toolchain/arm/arm-gnu-toolchain/bin/../lib/gcc/arm-none-eabi/6.3.1/thumb/v7e-m\libgcc.a(_udivmoddi4.o)
                              c:/program files (x86)/atmel/studio/7.0/toolchain/arm/arm-gnu-toolchain/bin/../lib/gcc/arm-none-eabi/6.3.1/thumb/v7e-m\libgcc.a(_aeabi_uldivmod.o) (__udivmoddi4)
c:/program files (x86)/atmel/studio/7.0/toolchain/arm/arm-gnu-toolchain/bin/../lib/gcc/arm-none-eabi/6.3.1/thumb/v7e-m\libgcc.a(_dvmd_tls.o)
                              c:/program files (x86)/atmel/studio/7.0/toolchain/arm/arm-gnu-toolchain/bin/../lib/gcc/arm-none-eabi/6.3.1/thumb/v7e-m\libgcc.a(_aeabi_uldivmod.o) (__aeabi_ldiv0)
c:/program files (x86)/atmel/studio/7.0/toolchain/arm/arm-gnu-toolchain/bin/../lib/gcc/arm-none-eabi/6.3.1/../../../../arm-none-eabi/lib/thumb/v7e-m\libc.a(lib_a-exit.o)
                              c:/program files (x86)/atmel/studio/7.0/toolchain/arm/arm-gnu-toolchain/bin/../lib/gcc/arm-none-eabi/6.3.1/../../../../arm-none-eabi/lib/thumb/v7e-m/crt0.o (exit)
c:/program files (x86)/atmel/studio/7.0/toolchain/arm/arm-gnu-toolchain/bin/../lib/gcc/arm-none-eabi/6.3.1/../../../../arm-none-eabi/lib/thumb/v7e-m\libc.a(lib_a-impure.o)
                              c:/program files (x86)/atmel/studio/7.0/toolchain/arm/arm-gnu-toolchain/bin/../lib/gcc/arm-none-eabi/6.3.1/../../../../arm-none-eabi/lib/thumb/v7e-m\libc.a(lib_a-exit.o) (_global_impure_ptr)
c:/program files (x86)/atmel/studio/7.0/toolchain/arm/arm-gnu-toolchain/bin/../lib/gcc/arm-none-eabi/6.3.1/../../../../arm-none-eabi/lib/thumb/v7e-m\libc.a(lib_a-init.o)
                              c:/program files (x86)/atmel/studio/7.0/toolchain/arm/arm-gnu-toolchain/bin/../lib/gcc/arm-none-eabi/6.3.1/../../../../arm-none-eabi/lib/thumb/v7e-m/crt0.o (__libc_init_array)
c:/program files (x86)/atmel/studio/7.0/toolchain/arm/arm-gnu-toolchain/bin/../lib/gcc/arm-none-eabi/6.3.1/../../../../arm-none-eabi/lib/thumb/v7e-m\libc.a(lib_a-memset.o)
                              c:/program files (x86)/atmel/studio/7.0/toolchain/arm/arm-gnu-toolchain/bin/../lib/gcc/arm-none-eabi/6.3.1/../../../../arm-none-eabi/lib/thumb/v7e-m/crt0.o (memset)
c:/program files (x86)/atmel/studio/7.0/toolchain/arm/arm-gnu-toolchain/bin/../lib/gcc/arm-none-eabi/6.3.1/../../../../arm-none-eabi/lib/thumb/v7e-m\libc.a(lib_a-sprintf.o)
                              src/main.o (sprintf)
c:/program files (x86)/atmel/studio/7.0/toolchain/arm/arm-gnu-toolchain/bin/../lib/gcc/arm-none-eabi/6.3.1/../../../../arm-none-eabi/lib/thumb/v7e-m\libc.a(lib_a-svfprintf.o)
                              c:/program files (x86)/atmel/studio/7.0/toolchain/arm/arm-gnu-toolchain/bin/../lib/gcc/arm-none-eabi/6.3.1/../../../../arm-none-eabi/lib/thumb/v7e-m\libc.a(lib_a-sprintf.o) (_svfprintf_r)
c:/program files (x86)/atmel/studio/7.0/toolchain/arm/arm-gnu-toolchain/bin/../lib/gcc/arm-none-eabi/6.3.1/../../../../arm-none-eabi/lib/thumb/v7e-m\libc.a(lib_a-__call_atexit.o)
                              c:/program files (x86)/atmel/studio/7.0/toolchain/arm/arm-gnu-toolchain/bin/../lib/gcc/arm-none-eabi/6.3.1/../../../../arm-none-eabi/lib/thumb/v7e-m\libc.a(lib_a-exit.o) (__call_exitprocs)
c:/program files (x86)/atmel/studio/7.0/toolchain/arm/arm-gnu-toolchain/bin/../lib/gcc/arm-none-eabi/6.3.1/../../../../arm-none-eabi/lib/thumb/v7e-m\libc.a(lib_a-atexit.o)
                              c:/program files (x86)/atmel/studio/7.0/toolchain/arm/arm-gnu-toolchain/bin/../lib/gcc/arm-none-eabi/6.3.1/../../../../arm-none-eabi/lib/thumb/v7e-m\libc.a(lib_a-__call_atexit.o) (atexit)
c:/program files (x86)/atmel/studio/7.0/toolchain/arm/arm-gnu-toolchain/bin/../lib/gcc/arm-none-eabi/6.3.1/../../../../arm-none-eabi/lib/thumb/v7e-m\libc.a(lib_a-dtoa.o)
                              c:/program files (x86)/atmel/studio/7.0/toolchain/arm/arm-gnu-toolchain/bin/../lib/gcc/arm-none-eabi/6.3.1/../../../../arm-none-eabi/lib/thumb/v7e-m\libc.a(lib_a-svfprintf.o) (_dtoa_r)
c:/program files (x86)/atmel/studio/7.0/toolchain/arm/arm-gnu-toolchain/bin/../lib/gcc/arm-none-eabi/6.3.1/../../../../arm-none-eabi/lib/thumb/v7e-m\libc.a(lib_a-fini.o)
[...]
Memory Configuration

Name             Origin             Length             Attributes
rom              0x00400000         0x00200000         xr
ram              0x20400000         0x00060000         xrw
*default*        0x00000000         0xffffffff

Linker script and memory map

LOAD c:/program files (x86)/atmel/studio/7.0/toolchain/arm/arm-gnu-toolchain/bin/../lib/gcc/arm-none-eabi/6.3.1/thumb/v7e-m/crti.o
LOAD c:/program files (x86)/atmel/studio/7.0/toolchain/arm/arm-gnu-toolchain/bin/../lib/gcc/arm-none-eabi/6.3.1/thumb/v7e-m/crtbegin.o
LOAD c:/program files (x86)/atmel/studio/7.0/toolchain/arm/arm-gnu-toolchain/bin/../lib/gcc/arm-none-eabi/6.3.1/../../../../arm-none-eabi/lib/thumb/v7e-m/crt0.o
LOAD src/ASF/common/services/sleepmgr/sam/sleepmgr.o
LOAD src/ASF/sam/drivers/spi/spi.o
LOAD src/ASF/sam/drivers/tc/tc.o
LOAD src/oled/gfx_mono_framebuffer.o
LOAD src/oled/gfx_mono_generic.o
LOAD src/oled/gfx_mono_text.o
LOAD src/oled/gfx_mono_ug_2832hsweg04.o
LOAD src/oled/ssd1306.o
LOAD src/oled/sysfont.o
LOAD src/ASF/common/services/delay/sam/cycle_counter.o
LOAD src/ASF/common/services/clock/same70/sysclk.o
LOAD src/ASF/common/utils/interrupt/interrupt_sam_nvic.o
LOAD src/ASF/sam/boards/same70_xplained/init.o
LOAD src/ASF/sam/drivers/mpu/mpu.o
LOAD src/ASF/sam/drivers/pio/pio.o
LOAD src/ASF/sam/drivers/pio/pio_handler.o
LOAD src/ASF/sam/drivers/pmc/pmc.o
LOAD src/ASF/sam/drivers/pmc/sleep.o
LOAD src/ASF/sam/utils/cmsis/same70/source/templates/gcc/startup_same70.o
LOAD src/ASF/sam/utils/cmsis/same70/source/templates/system_same70.o
LOAD src/ASF/sam/utils/syscalls/gcc/syscalls.o
LOAD src/main.o
START GROUP
LOAD ../src/ASF/thirdparty/CMSIS/Lib/GCC\libarm_cortexM7lfsp_math_softfp.a
LOAD c:/program files (x86)/atmel/studio/7.0/toolchain/arm/arm-gnu-toolchain/bin/../lib/gcc/arm-none-eabi/6.3.1/../../../../arm-none-eabi/lib/thumb/v7e-m\libm.a
END GROUP
START GROUP
LOAD c:/program files (x86)/atmel/studio/7.0/toolchain/arm/arm-gnu-toolchain/bin/../lib/gcc/arm-none-eabi/6.3.1/thumb/v7e-m\libgcc.a
LOAD c:/program files (x86)/atmel/studio/7.0/toolchain/arm/arm-gnu-toolchain/bin/../lib/gcc/arm-none-eabi/6.3.1/../../../../arm-none-eabi/lib/thumb/v7e-m\libc.a
END GROUP
LOAD c:/program files (x86)/atmel/studio/7.0/toolchain/arm/arm-gnu-toolchain/bin/../lib/gcc/arm-none-eabi/6.3.1/thumb/v7e-m/crtend.o
LOAD c:/program files (x86)/atmel/studio/7.0/toolchain/arm/arm-gnu-toolchain/bin/../lib/gcc/arm-none-eabi/6.3.1/thumb/v7e-m/crtn.o
                0x00002000                STACK_SIZE = DEFINED (STACK_SIZE)?STACK_SIZE:0x2000
                0x2045fffc                __ram_end__ = ((ORIGIN (ram) + LENGTH (ram)) - 0x4)
                0x00000200                HEAP_SIZE = DEFINED (HEAP_SIZE)?HEAP_SIZE:0x200

.text           0x00400000     0x6f24
                0x00400000                . = ALIGN (0x4)
                0x00400000                _sfixed = .
 *(.vectors .vectors.*)
 .vectors       0x00400000      0x140 src/ASF/sam/utils/cmsis/same70/source/templates/gcc/startup_same70.o
                0x00400000                exception_table
 *(.text .text.* .gnu.linkonce.t.*)
 .text          0x00400140       0x6c c:/program files (x86)/atmel/studio/7.0/toolchain/arm/arm-gnu-toolchain/bin/../lib/gcc/arm-none-eabi/6.3.1/thumb/v7e-m/crtbegin.o
 .text.spi_enable_clock
                0x004001ac       0x2c src/ASF/sam/drivers/spi/spi.o
                0x004001ac                spi_enable_clock
 .text.spi_set_peripheral_chip_select_value
                0x004001d8       0x16 src/ASF/sam/drivers/spi/spi.o
                0x004001d8                spi_set_peripheral_chip_select_value
 .text.spi_write
                0x004001ee       0x34 src/ASF/sam/drivers/spi/spi.o
                0x004001ee                spi_write
 .text.spi_set_clock_polarity
                0x00400222       0x1e src/ASF/sam/drivers/spi/spi.o
                0x00400222                spi_set_clock_polarity
 .text.spi_set_clock_phase
                0x00400240       0x1e src/ASF/sam/drivers/spi/spi.o
                0x00400240                spi_set_clock_phase
 .text.spi_configure_cs_behavior
                0x0040025e       0x46 src/ASF/sam/drivers/spi/spi.o
                0x0040025e                spi_configure_cs_behavior
 .text.spi_set_bits_per_transfer
                0x004002a4       0x14 src/ASF/sam/drivers/spi/spi.o
                0x004002a4                spi_set_bits_per_transfer
 .text.spi_calc_baudrate_div
                0x004002b8       0x16 src/ASF/sam/drivers/spi/spi.o
                0x004002b8                spi_calc_baudrate_div
 .text.spi_set_baudrate_div
                0x004002ce       0x28 src/ASF/sam/drivers/spi/spi.o
                0x004002ce                spi_set_baudrate_div
 *fill*         0x004002f6        0x2 
 .text.gfx_mono_set_framebuffer
                0x004002f8        0xc src/oled/gfx_mono_framebuffer.o
                0x004002f8                gfx_mono_set_framebuffer
 .text.gfx_mono_framebuffer_put_byte
                0x00400304       0x10 src/oled/gfx_mono_framebuffer.o
                0x00400304                gfx_mono_framebuffer_put_byte
 .text.gfx_mono_framebuffer_get_byte
                0x00400314       0x10 src/oled/gfx_mono_framebuffer.o
                0x00400314                gfx_mono_framebuffer_get_byte
 .text.gfx_mono_generic_draw_horizontal_line
                0x00400324       0xd0 src/oled/gfx_mono_generic.o
                0x00400324                gfx_mono_generic_draw_horizontal_line
 .text.gfx_mono_generic_draw_vertical_line
                0x004003f4       0xa0 src/oled/gfx_mono_generic.o
                0x004003f4                gfx_mono_generic_draw_vertical_line
 .text.gfx_mono_generic_draw_filled_rect
                0x00400494       0x38 src/oled/gfx_mono_generic.o
                0x00400494                gfx_mono_generic_draw_filled_rect
 .text.gfx_mono_draw_char
                0x004004cc       0xac src/oled/gfx_mono_text.o
                0x004004cc                gfx_mono_draw_char
 .text.gfx_mono_draw_string
                0x00400578       0x48 src/oled/gfx_mono_text.o
                0x00400578                gfx_mono_draw_string
 .text.gfx_mono_ssd1306_put_byte
                0x004005c0       0x50 src/oled/gfx_mono_ug_2832hsweg04.o
                0x004005c0                gfx_mono_ssd1306_put_byte
 .text.gfx_mono_ssd1306_init
                0x00400610       0x50 src/oled/gfx_mono_ug_2832hsweg04.o
                0x00400610                gfx_mono_ssd1306_init
 .text.gfx_mono_ssd1306_draw_pixel
                0x00400660       0x64 src/oled/gfx_mono_ug_2832hsweg04.o
                0x00400660                gfx_mono_ssd1306_draw_pixel
 .text.gfx_mono_ssd1306_get_byte
                0x004006c4        0xc src/oled/gfx_mono_ug_2832hsweg04.o
                0x004006c4                gfx_mono_ssd1306_get_byte
 .text.gfx_mono_ssd1306_mask_byte
                0x004006d0       0x44 src/oled/gfx_mono_ug_2832hsweg04.o
                0x004006d0                gfx_mono_ssd1306_mask_byte
 .text.ssd1306_write_command
                0x00400714       0x40 src/oled/ssd1306.o
                0x00400714                ssd1306_write_command
 .text.ssd1306_init
                0x00400754      0x1e0 src/oled/ssd1306.o
                0x00400754                ssd1306_init
 .text.ssd1306_write_data
                0x00400934       0x40 src/oled/ssd1306.o
                0x00400934                ssd1306_write_data
 .text.sysclk_init
                0x00400974       0x70 src/ASF/common/services/clock/same70/sysclk.o
                0x00400974                sysclk_init
 .text.board_init
                0x004009e4      0x140 src/ASF/sam/boards/same70_xplained/init.o
                0x004009e4                board_init
 .text.pio_set_debounce_filter
                0x00400b24       0x1a src/ASF/sam/drivers/pio/pio.o
                0x00400b24                pio_set_debounce_filter
 .text.pio_set  0x00400b3e        0x4 src/ASF/sam/drivers/pio/pio.o
                0x00400b3e                pio_set
 .text.pio_clear
                0x00400b42        0x4 src/ASF/sam/drivers/pio/pio.o
                0x00400b42                pio_clear
 .text.pio_get  0x00400b46       0x1a src/ASF/sam/drivers/pio/pio.o
                0x00400b46                pio_get
 .text.pio_set_peripheral
                0x00400b60       0x92 src/ASF/sam/drivers/pio/pio.o
                0x00400b60                pio_set_peripheral
 .text.pio_set_input
                0x00400bf2       0x36 src/ASF/sam/drivers/pio/pio.o
                0x00400bf2                pio_set_input
 .text.pio_set_output
                0x00400c28       0x28 src/ASF/sam/drivers/pio/pio.o
                0x00400c28                pio_set_output
 .text.pio_configure
                0x00400c50       0x90 src/ASF/sam/drivers/pio/pio.o
                0x00400c50                pio_configure
 .text.pio_configure_interrupt
                0x00400ce0       0x32 src/ASF/sam/drivers/pio/pio.o
                0x00400ce0                pio_configure_interrupt
 .text.pio_enable_interrupt
                0x00400d12        0x4 src/ASF/sam/drivers/pio/pio.o
                0x00400d12                pio_enable_interrupt
 .text.pio_get_interrupt_status
                0x00400d16        0x4 src/ASF/sam/drivers/pio/pio.o
                0x00400d16                pio_get_interrupt_status
 .text.pio_get_interrupt_mask
                0x00400d1a        0x4 src/ASF/sam/drivers/pio/pio.o
                0x00400d1a                pio_get_interrupt_mask
 *fill*         0x00400d1e        0x2 
 .text.pio_handler_process
                0x00400d20       0x50 src/ASF/sam/drivers/pio/pio_handler.o
                0x00400d20                pio_handler_process
 .text.pio_handler_set
                0x00400d70       0x70 src/ASF/sam/drivers/pio/pio_handler.o
                0x00400d70                pio_handler_set
 .text.PIOA_Handler
                0x00400de0       0x14 src/ASF/sam/drivers/pio/pio_handler.o
                0x00400de0                PIOA_Handler
 .text.PIOB_Handler
                0x00400df4       0x14 src/ASF/sam/drivers/pio/pio_handler.o
                0x00400df4                PIOB_Handler
 .text.PIOC_Handler
                0x00400e08       0x14 src/ASF/sam/drivers/pio/pio_handler.o
                0x00400e08                PIOC_Handler
 .text.PIOD_Handler
                0x00400e1c       0x14 src/ASF/sam/drivers/pio/pio_handler.o
                0x00400e1c                PIOD_Handler
 .text.PIOE_Handler
                0x00400e30       0x14 src/ASF/sam/drivers/pio/pio_handler.o
                0x00400e30                PIOE_Handler
 .text.pmc_mck_set_division
                0x00400e44       0x38 src/ASF/sam/drivers/pmc/pmc.o
                0x00400e44                pmc_mck_set_division
 .text.pmc_switch_mck_to_pllack
                0x00400e7c       0x64 src/ASF/sam/drivers/pmc/pmc.o
                0x00400e7c                pmc_switch_mck_to_pllack
 .text.pmc_switch_mainck_to_xtal
                0x00400ee0       0x54 src/ASF/sam/drivers/pmc/pmc.o
                0x00400ee0                pmc_switch_mainck_to_xtal
 .text.pmc_osc_is_ready_mainck
                0x00400f34       0x10 src/ASF/sam/drivers/pmc/pmc.o
                0x00400f34                pmc_osc_is_ready_mainck
 .text.pmc_disable_pllack
                0x00400f44       0x10 src/ASF/sam/drivers/pmc/pmc.o
                0x00400f44                pmc_disable_pllack
 .text.pmc_is_locked_pllack
                0x00400f54       0x10 src/ASF/sam/drivers/pmc/pmc.o
                0x00400f54                pmc_is_locked_pllack
 .text.pmc_enable_periph_clk
                0x00400f64       0x54 src/ASF/sam/drivers/pmc/pmc.o
                0x00400f64                pmc_enable_periph_clk
 .text.pmc_set_flash_in_wait_mode
                0x00400fb8        0x2 src/ASF/sam/drivers/pmc/pmc.o
                0x00400fb8                pmc_set_flash_in_wait_mode
 *fill*         0x00400fba        0x2 
 .text.pmc_enable_waitmode
                0x00400fbc       0x4c src/ASF/sam/drivers/pmc/pmc.o
                0x00400fbc                pmc_enable_waitmode
 .text.pmc_sleep
                0x00401008      0x274 src/ASF/sam/drivers/pmc/sleep.o
                0x00401008                pmc_sleep
 .text.Dummy_Handler
                0x0040127c        0x2 src/ASF/sam/utils/cmsis/same70/source/templates/gcc/startup_same70.o
                0x0040127c                DACC_Handler
                0x0040127c                DebugMon_Handler
                0x0040127c                UART3_Handler
                0x0040127c                UART2_Handler
                0x0040127c                TRNG_Handler
                0x0040127c                HardFault_Handler
                0x0040127c                TC2_Handler
                0x0040127c                SysTick_Handler
                0x0040127c                AFEC1_Handler
                0x0040127c                PendSV_Handler
                0x0040127c                NMI_Handler
                0x0040127c                TC7_Handler
                0x0040127c                QSPI_Handler
                0x0040127c                ISI_Handler
                0x0040127c                TC9_Handler
                0x0040127c                RSWDT_Handler
                0x0040127c                MCAN1_Handler
                0x0040127c                USART0_Handler
                0x0040127c                RTT_Handler
                0x0040127c                USBHS_Handler
                0x0040127c                RTC_Handler
                0x0040127c                UsageFault_Handler
                0x0040127c                TC6_Handler
                0x0040127c                WDT_Handler
                0x0040127c                TC4_Handler
                0x0040127c                TC1_Handler
                0x0040127c                HSMCI_Handler
                0x0040127c                UART1_Handler
                0x0040127c                TC3_Handler
                0x0040127c                Dummy_Handler
                0x0040127c                TWIHS1_Handler
                0x0040127c                XDMAC_Handler
                0x0040127c                UART4_Handler
                0x0040127c                PWM1_Handler
                0x0040127c                USART1_Handler
                0x0040127c                PWM0_Handler
                0x0040127c                AFEC0_Handler
                0x0040127c                SSC_Handler
                0x0040127c                TC11_Handler
                0x0040127c                ACC_Handler
                0x0040127c                PMC_Handler
                0x0040127c                GMAC_Handler
                0x0040127c                MemManage_Handler
                0x0040127c                SUPC_Handler
                0x0040127c                SVC_Handler
                0x0040127c                TC8_Handler
                0x0040127c                EFC_Handler
                0x0040127c                USART2_Handler
                0x0040127c                SDRAMC_Handler
                0x0040127c                SPI1_Handler
                0x0040127c                MCAN0_Handler
                0x0040127c                TC10_Handler
                0x0040127c                TWIHS2_Handler
                0x0040127c                UART0_Handler
                0x0040127c                BusFault_Handler
                0x0040127c                RSTC_Handler
                0x0040127c                TC0_Handler
                0x0040127c                TC5_Handler
                0x0040127c                ICM_Handler
                0x0040127c                AES_Handler
                0x0040127c                TWIHS0_Handler
                0x0040127c                SPI0_Handler
 *fill*         0x0040127e        0x2 
 .text.Reset_Handler
                0x00401280       0xc8 src/ASF/sam/utils/cmsis/same70/source/templates/gcc/startup_same70.o
                0x00401280                Reset_Handler
 .text.SystemCoreClockUpdate
                0x00401348      0x10c src/ASF/sam/utils/cmsis/same70/source/templates/system_same70.o
                0x00401348                SystemCoreClockUpdate
 .text.system_init_flash
                0x00401454       0x8c src/ASF/sam/utils/cmsis/same70/source/templates/system_same70.o
                0x00401454                system_init_flash
 .text._sbrk    0x004014e0       0x38 src/ASF/sam/utils/syscalls/gcc/syscalls.o
                0x004014e0                _sbrk
 .text.play_pause_callback
                0x00401518        0xc src/main.o
                0x00401518                play_pause_callback
 .text.decrease_callback
                0x00401524        0xc src/main.o
                0x00401524                decrease_callback
 .text.edge_frequency_callback
                0x00401530       0x30 src/main.o
                0x00401530                edge_frequency_callback
 .text.change_frequency
                0x00401560       0xec src/main.o
                0x00401560                change_frequency
 .text.io_init  0x0040164c      0x13c src/main.o
                0x0040164c                io_init
 .text.pisca_led
                0x00401788       0xf0 src/main.o
                0x00401788                pisca_led
 .text.main     0x00401878       0xbc src/main.o
                0x00401878                main
 .text          0x00401934      0x370 c:/program files (x86)/atmel/studio/7.0/toolchain/arm/arm-gnu-toolchain/bin/../lib/gcc/arm-none-eabi/6.3.1/thumb/v7e-m\libgcc.a(_arm_addsubdf3.o)
                0x00401934                __aeabi_drsub
                0x0040193c                __aeabi_dsub
                0x0040193c                __subdf3
                0x00401940                __aeabi_dadd
                0x00401940                __adddf3
                0x00401bb8                __floatunsidf
                0x00401bb8                __aeabi_ui2d
                0x00401bd8                __floatsidf
                0x00401bd8                __aeabi_i2d
                0x00401bfc                __aeabi_f2d
                0x00401bfc                __extendsfdf2
                0x00401c38                __floatundidf
                0x00401c38                __aeabi_ul2d
                0x00401c48                __floatdidf
                0x00401c48                __aeabi_l2d
 .text          0x00401ca4      0x110 c:/program files (x86)/atmel/studio/7.0/toolchain/arm/arm-gnu-toolchain/bin/../lib/gcc/arm-none-eabi/6.3.1/thumb/v7e-m\libgcc.a(_arm_cmpdf2.o)
                0x00401ca4                __gtdf2
                0x00401ca4                __gedf2
                0x00401cac                __ltdf2
                0x00401cac                __ledf2
                0x00401cb4                __nedf2
                0x00401cb4                __eqdf2
                0x00401cb4                __cmpdf2
                0x00401d30                __aeabi_cdrcmple
                0x00401d40                __aeabi_cdcmpeq
                0x00401d40                __aeabi_cdcmple
                0x00401d50                __aeabi_dcmpeq
                0x00401d64                __aeabi_dcmplt
                0x00401d78                __aeabi_dcmple
                0x00401d8c                __aeabi_dcmpge
                0x00401da0                __aeabi_dcmpgt
 .text          0x00401db4       0x30 c:/program files (x86)/atmel/studio/7.0/toolchain/arm/arm-gnu-toolchain/bin/../lib/gcc/arm-none-eabi/6.3.1/thumb/v7e-m\libgcc.a(_aeabi_uldivmod.o)
                0x00401db4                __aeabi_uldivmod
 .text          0x00401de4      0x2dc c:/program files (x86)/atmel/studio/7.0/toolchain/arm/arm-gnu-toolchain/bin/../lib/gcc/arm-none-eabi/6.3.1/thumb/v7e-m\libgcc.a(_udivmoddi4.o)
                0x00401de4                __udivmoddi4
 .text          0x004020c0        0x4 c:/program files (x86)/atmel/studio/7.0/toolchain/arm/arm-gnu-toolchain/bin/../lib/gcc/arm-none-eabi/6.3.1/thumb/v7e-m\libgcc.a(_dvmd_tls.o)
                0x004020c0                __aeabi_idiv0
                0x004020c0                __aeabi_ldiv0
 .text.__libc_init_array
                0x004020c4       0x50 c:/program files (x86)/atmel/studio/7.0/toolchain/arm/arm-gnu-toolchain/bin/../lib/gcc/arm-none-eabi/6.3.1/../../../../arm-none-eabi/lib/thumb/v7e-m\libc.a(lib_a-init.o)
                0x004020c4                __libc_init_array
 .text.memset   0x00402114       0x9c c:/program files (x86)/atmel/studio/7.0/toolchain/arm/arm-gnu-toolchain/bin/../lib/gcc/arm-none-eabi/6.3.1/../../../../arm-none-eabi/lib/thumb/v7e-m\libc.a(lib_a-memset.o)
                0x00402114                memset
 .text.sprintf  0x004021b0       0x4c c:/program files (x86)/atmel/studio/7.0/toolchain/arm/arm-gnu-toolchain/bin/../lib/gcc/arm-none-eabi/6.3.1/../../../../arm-none-eabi/lib/thumb/v7e-m\libc.a(lib_a-sprintf.o)
                0x004021b0                sprintf
 .text._svfprintf_r
                0x004021fc     0x145c c:/program files (x86)/atmel/studio/7.0/toolchain/arm/arm-gnu-toolchain/bin/../lib/gcc/arm-none-eabi/6.3.1/../../../../arm-none-eabi/lib/thumb/v7e-m\libc.a(lib_a-svfprintf.o)
                0x004021fc                _svfprintf_r
 .text.startup.register_fini
                0x00403658       0x14 c:/program files (x86)/atmel/studio/7.0/toolchain/arm/arm-gnu-toolchain/bin/../lib/gcc/arm-none-eabi/6.3.1/../../../../arm-none-eabi/lib/thumb/v7e-m\libc.a(lib_a-__call_atexit.o)
 .text.atexit   0x0040366c        0xc c:/program files (x86)/atmel/studio/7.0/toolchain/arm/arm-gnu-toolchain/bin/../lib/gcc/arm-none-eabi/6.3.1/../../../../arm-none-eabi/lib/thumb/v7e-m\libc.a(lib_a-atexit.o)
                0x0040366c                atexit
 .text.quorem   0x00403678      0x128 c:/program files (x86)/atmel/studio/7.0/toolchain/arm/arm-gnu-toolchain/bin/../lib/gcc/arm-none-eabi/6.3.1/../../../../arm-none-eabi/lib/thumb/v7e-m\libc.a(lib_a-dtoa.o)
 .text._dtoa_r  0x004037a0      0xe54 c:/program files (x86)/atmel/studio/7.0/toolchain/arm/arm-gnu-toolchain/bin/../lib/gcc/arm-none-eabi/6.3.1/../../../../arm-none-eabi/lib/thumb/v7e-m\libc.a(lib_a-dtoa.o)
                0x004037a0                _dtoa_r
 .text.__libc_fini_array
                0x004045f4       0x34 c:/program files (x86)/atmel/studio/7.0/toolchain/arm/arm-gnu-toolchain/bin/../lib/gcc/arm-none-eabi/6.3.1/../../../../arm-none-eabi/lib/thumb/v7e-m\libc.a(lib_a-fini.o)
                0x004045f4                __libc_fini_array
 .text._localeconv_r
                0x00404628       0x1c c:/program files (x86)/atmel/studio/7.0/toolchain/arm/arm-gnu-toolchain/bin/../lib/gcc/arm-none-eabi/6.3.1/../../../../arm-none-eabi/lib/thumb/v7e-m\libc.a(lib_a-localeconv.o)
                0x00404628                _localeconv_r
 .text.__retarget_lock_acquire_recursive
                0x00404644        0x4 c:/program files (x86)/atmel/studio/7.0/toolchain/arm/arm-gnu-toolchain/bin/../lib/gcc/arm-none-eabi/6.3.1/../../../../arm-none-eabi/lib/thumb/v7e-m\libc.a(lib_a-lock.o)
                0x00404644                __retarget_lock_acquire_recursive
 .text.__retarget_lock_release_recursive
                0x00404648        0x4 c:/program files (x86)/atmel/studio/7.0/toolchain/arm/arm-gnu-toolchain/bin/../lib/gcc/arm-none-eabi/6.3.1/../../../../arm-none-eabi/lib/thumb/v7e-m\libc.a(lib_a-lock.o)
                0x00404648                __retarget_lock_release_recursive
 .text._malloc_r
                0x0040464c      0x560 c:/program files (x86)/atmel/studio/7.0/toolchain/arm/arm-gnu-toolchain/bin/../lib/gcc/arm-none-eabi/6.3.1/../../../../arm-none-eabi/lib/thumb/v7e-m\libc.a(lib_a-mallocr.o)
                0x0040464c                _malloc_r
 *fill*         0x00404bac        0x4 
 .text          0x00404bb0       0xa0 c:/program files (x86)/atmel/studio/7.0/toolchain/arm/arm-gnu-toolchain/bin/../lib/gcc/arm-none-eabi/6.3.1/../../../../arm-none-eabi/lib/thumb/v7e-m\libc.a(lib_a-memchr.o)
                0x00404bb0                memchr
 .text          0x00404c50      0x134 c:/program files (x86)/atmel/studio/7.0/toolchain/arm/arm-gnu-toolchain/bin/../lib/gcc/arm-none-eabi/6.3.1/../../../../arm-none-eabi/lib/thumb/v7e-m\libc.a(lib_a-memcpy.o)
                0x00404c50                memcpy
 .text.__malloc_lock
                0x00404d84        0xc c:/program files (x86)/atmel/studio/7.0/toolchain/arm/arm-gnu-toolchain/bin/../lib/gcc/arm-none-eabi/6.3.1/../../../../arm-none-eabi/lib/thumb/v7e-m\libc.a(lib_a-mlock.o)
                0x00404d84                __malloc_lock
 .text.__malloc_unlock
                0x00404d90        0xc c:/program files (x86)/atmel/studio/7.0/toolchain/arm/arm-gnu-toolchain/bin/../lib/gcc/arm-none-eabi/6.3.1/../../../../arm-none-eabi/lib/thumb/v7e-m\libc.a(lib_a-mlock.o)
                0x00404d90                __malloc_unlock
 .text._Balloc  0x00404d9c       0x4c c:/program files (x86)/atmel/studio/7.0/toolchain/arm/arm-gnu-toolchain/bin/../lib/gcc/arm-none-eabi/6.3.1/../../../../arm-none-eabi/lib/thumb/v7e-m\libc.a(lib_a-mprec.o)
                0x00404d9c                _Balloc
 .text._Bfree   0x00404de8       0x14 c:/program files (x86)/atmel/studio/7.0/toolchain/arm/arm-gnu-toolchain/bin/../lib/gcc/arm-none-eabi/6.3.1/../../../../arm-none-eabi/lib/thumb/v7e-m\libc.a(lib_a-mprec.o)
                0x00404de8                _Bfree
 .text.__multadd
                0x00404dfc       0x80 c:/program files (x86)/atmel/studio/7.0/toolchain/arm/arm-gnu-toolchain/bin/../lib/gcc/arm-none-eabi/6.3.1/../../../../arm-none-eabi/lib/thumb/v7e-m\libc.a(lib_a-mprec.o)
                0x00404dfc                __multadd
 .text.__hi0bits
                0x00404e7c       0x40 c:/program files (x86)/atmel/studio/7.0/toolchain/arm/arm-gnu-toolchain/bin/../lib/gcc/arm-none-eabi/6.3.1/../../../../arm-none-eabi/lib/thumb/v7e-m\libc.a(lib_a-mprec.o)
                0x00404e7c                __hi0bits
 .text.__lo0bits
                0x00404ebc       0x60 c:/program files (x86)/atmel/studio/7.0/toolchain/arm/arm-gnu-toolchain/bin/../lib/gcc/arm-none-eabi/6.3.1/../../../../arm-none-eabi/lib/thumb/v7e-m\libc.a(lib_a-mprec.o)
                0x00404ebc                __lo0bits
 .text.__i2b    0x00404f1c       0x14 c:/program files (x86)/atmel/studio/7.0/toolchain/arm/arm-gnu-toolchain/bin/../lib/gcc/arm-none-eabi/6.3.1/../../../../arm-none-eabi/lib/thumb/v7e-m\libc.a(lib_a-mprec.o)
                0x00404f1c                __i2b
 .text.__multiply
                0x00404f30      0x124 c:/program files (x86)/atmel/studio/7.0/toolchain/arm/arm-gnu-toolchain/bin/../lib/gcc/arm-none-eabi/6.3.1/../../../../arm-none-eabi/lib/thumb/v7e-m\libc.a(lib_a-mprec.o)
                0x00404f30                __multiply
 .text.__pow5mult
                0x00405054       0xa0 c:/program files (x86)/atmel/studio/7.0/toolchain/arm/arm-gnu-toolchain/bin/../lib/gcc/arm-none-eabi/6.3.1/../../../../arm-none-eabi/lib/thumb/v7e-m\libc.a(lib_a-mprec.o)
                0x00405054                __pow5mult
 .text.__lshift
                0x004050f4       0xa4 c:/program files (x86)/atmel/studio/7.0/toolchain/arm/arm-gnu-toolchain/bin/../lib/gcc/arm-none-eabi/6.3.1/../../../../arm-none-eabi/lib/thumb/v7e-m\libc.a(lib_a-mprec.o)
                0x004050f4                __lshift
 .text.__mcmp   0x00405198       0x38 c:/program files (x86)/atmel/studio/7.0/toolchain/arm/arm-gnu-toolchain/bin/../lib/gcc/arm-none-eabi/6.3.1/../../../../arm-none-eabi/lib/thumb/v7e-m\libc.a(lib_a-mprec.o)
                0x00405198                __mcmp
 .text.__mdiff  0x004051d0      0x108 c:/program files (x86)/atmel/studio/7.0/toolchain/arm/arm-gnu-toolchain/bin/../lib/gcc/arm-none-eabi/6.3.1/../../../../arm-none-eabi/lib/thumb/v7e-m\libc.a(lib_a-mprec.o)
                0x004051d0                __mdiff
 .text.__d2b    0x004052d8       0xb8 c:/program files (x86)/atmel/studio/7.0/toolchain/arm/arm-gnu-toolchain/bin/../lib/gcc/arm-none-eabi/6.3.1/../../../../arm-none-eabi/lib/thumb/v7e-m\libc.a(lib_a-mprec.o)
                0x004052d8                __d2b
 .text._sbrk_r  0x00405390       0x24 c:/program files (x86)/atmel/studio/7.0/toolchain/arm/arm-gnu-toolchain/bin/../lib/gcc/arm-none-eabi/6.3.1/../../../../arm-none-eabi/lib/thumb/v7e-m\libc.a(lib_a-sbrkr.o)
                0x00405390                _sbrk_r
 *fill*         0x004053b4        0xc 
 .text          0x004053c0       0xdc c:/program files (x86)/atmel/studio/7.0/toolchain/arm/arm-gnu-toolchain/bin/../lib/gcc/arm-none-eabi/6.3.1/../../../../arm-none-eabi/lib/thumb/v7e-m\libc.a(lib_a-strlen.o)
                0x004053c0                strlen
 .text.__ssprint_r
                0x0040549c       0xfc c:/program files (x86)/atmel/studio/7.0/toolchain/arm/arm-gnu-toolchain/bin/../lib/gcc/arm-none-eabi/6.3.1/../../../../arm-none-eabi/lib/thumb/v7e-m\libc.a(lib_a-svfiprintf.o)
                0x0040549c                __ssprint_r
 .text.__register_exitproc
                0x00405598       0xc4 c:/program files (x86)/atmel/studio/7.0/toolchain/arm/arm-gnu-toolchain/bin/../lib/gcc/arm-none-eabi/6.3.1/../../../../arm-none-eabi/lib/thumb/v7e-m\libc.a(lib_a-__atexit.o)
                0x00405598                __register_exitproc
 .text._calloc_r
                0x0040565c       0x60 c:/program files (x86)/atmel/studio/7.0/toolchain/arm/arm-gnu-toolchain/bin/../lib/gcc/arm-none-eabi/6.3.1/../../../../arm-none-eabi/lib/thumb/v7e-m\libc.a(lib_a-callocr.o)
                0x0040565c                _calloc_r
 .text._malloc_trim_r
                0x004056bc       0xa0 c:/program files (x86)/atmel/studio/7.0/toolchain/arm/arm-gnu-toolchain/bin/../lib/gcc/arm-none-eabi/6.3.1/../../../../arm-none-eabi/lib/thumb/v7e-m\libc.a(lib_a-freer.o)
                0x004056bc                _malloc_trim_r
 .text._free_r  0x0040575c      0x1cc c:/program files (x86)/atmel/studio/7.0/toolchain/arm/arm-gnu-toolchain/bin/../lib/gcc/arm-none-eabi/6.3.1/../../../../arm-none-eabi/lib/thumb/v7e-m\libc.a(lib_a-freer.o)
                0x0040575c                _free_r
 .text.__ascii_mbtowc
                0x00405928       0x2c c:/program files (x86)/atmel/studio/7.0/toolchain/arm/arm-gnu-toolchain/bin/../lib/gcc/arm-none-eabi/6.3.1/../../../../arm-none-eabi/lib/thumb/v7e-m\libc.a(lib_a-mbtowc_r.o)
                0x00405928                __ascii_mbtowc
 .text.memmove  0x00405954       0xc8 c:/program files (x86)/atmel/studio/7.0/toolchain/arm/arm-gnu-toolchain/bin/../lib/gcc/arm-none-eabi/6.3.1/../../../../arm-none-eabi/lib/thumb/v7e-m\libc.a(lib_a-memmove.o)
                0x00405954                memmove
 .text._realloc_r
                0x00405a1c      0x34c c:/program files (x86)/atmel/studio/7.0/toolchain/arm/arm-gnu-toolchain/bin/../lib/gcc/arm-none-eabi/6.3.1/../../../../arm-none-eabi/lib/thumb/v7e-m\libc.a(lib_a-reallocr.o)
                0x00405a1c                _realloc_r
 .text.__ascii_wctomb
                0x00405d68       0x1c c:/program files (x86)/atmel/studio/7.0/toolchain/arm/arm-gnu-toolchain/bin/../lib/gcc/arm-none-eabi/6.3.1/../../../../arm-none-eabi/lib/thumb/v7e-m\libc.a(lib_a-wctomb_r.o)
                0x00405d68                __ascii_wctomb
 .text          0x00405d84      0x424 c:/program files (x86)/atmel/studio/7.0/toolchain/arm/arm-gnu-toolchain/bin/../lib/gcc/arm-none-eabi/6.3.1/thumb/v7e-m\libgcc.a(_arm_muldivdf3.o)
                0x00405d84                __aeabi_dmul
                0x00405d84                __muldf3
                0x00405fd8                __divdf3
                0x00405fd8                __aeabi_ddiv
 .text          0x004061a8       0x2c c:/program files (x86)/atmel/studio/7.0/toolchain/arm/arm-gnu-toolchain/bin/../lib/gcc/arm-none-eabi/6.3.1/thumb/v7e-m\libgcc.a(_arm_unorddf2.o)
                0x004061a8                __unorddf2
                0x004061a8                __aeabi_dcmpun
 .text          0x004061d4       0x50 c:/program files (x86)/atmel/studio/7.0/toolchain/arm/arm-gnu-toolchain/bin/../lib/gcc/arm-none-eabi/6.3.1/thumb/v7e-m\libgcc.a(_arm_fixdfsi.o)
                0x004061d4                __aeabi_d2iz
                0x004061d4                __fixdfsi
 *(.glue_7t)
 .glue_7t       0x00406224        0x0 linker stubs
 *(.glue_7)
 .glue_7        0x00406224        0x0 linker stubs
 *(.rodata .rodata* .gnu.linkonce.r.*)
 .rodata.sysfont_glyphs
                0x00406224      0xa48 src/oled/sysfont.o
 .rodata.change_frequency.str1.4
                0x00406c6c        0x9 src/main.o
 *fill*         0x00406c75        0x3 
 .rodata._global_impure_ptr
                0x00406c78        0x4 c:/program files (x86)/atmel/studio/7.0/toolchain/arm/arm-gnu-toolchain/bin/../lib/gcc/arm-none-eabi/6.3.1/../../../../arm-none-eabi/lib/thumb/v7e-m\libc.a(lib_a-impure.o)
                0x00406c78                _global_impure_ptr
 .rodata._svfprintf_r.str1.4
                0x00406c7c       0x42 c:/program files (x86)/atmel/studio/7.0/toolchain/arm/arm-gnu-toolchain/bin/../lib/gcc/arm-none-eabi/6.3.1/../../../../arm-none-eabi/lib/thumb/v7e-m\libc.a(lib_a-svfprintf.o)
 *fill*         0x00406cbe        0x2 
 .rodata.blanks.7223
                0x00406cc0       0x10 c:/program files (x86)/atmel/studio/7.0/toolchain/arm/arm-gnu-toolchain/bin/../lib/gcc/arm-none-eabi/6.3.1/../../../../arm-none-eabi/lib/thumb/v7e-m\libc.a(lib_a-svfprintf.o)
 .rodata.zeroes.7224
                0x00406cd0       0x10 c:/program files (x86)/atmel/studio/7.0/toolchain/arm/arm-gnu-toolchain/bin/../lib/gcc/arm-none-eabi/6.3.1/../../../../arm-none-eabi/lib/thumb/v7e-m\libc.a(lib_a-svfprintf.o)
 .rodata._dtoa_r.str1.4
                0x00406ce0       0x10 c:/program files (x86)/atmel/studio/7.0/toolchain/arm/arm-gnu-toolchain/bin/../lib/gcc/arm-none-eabi/6.3.1/../../../../arm-none-eabi/lib/thumb/v7e-m\libc.a(lib_a-dtoa.o)
                                 0x12 (size before relaxing)
 .rodata.__mprec_bigtens
                0x00406cf0       0x28 c:/program files (x86)/atmel/studio/7.0/toolchain/arm/arm-gnu-toolchain/bin/../lib/gcc/arm-none-eabi/6.3.1/../../../../arm-none-eabi/lib/thumb/v7e-m\libc.a(lib_a-mprec.o)
                0x00406cf0                __mprec_bigtens
 .rodata.__mprec_tens
                0x00406d18       0xc8 c:/program files (x86)/atmel/studio/7.0/toolchain/arm/arm-gnu-toolchain/bin/../lib/gcc/arm-none-eabi/6.3.1/../../../../arm-none-eabi/lib/thumb/v7e-m\libc.a(lib_a-mprec.o)
                0x00406d18                __mprec_tens
 .rodata.p05.6055
                0x00406de0        0xc c:/program files (x86)/atmel/studio/7.0/toolchain/arm/arm-gnu-toolchain/bin/../lib/gcc/arm-none-eabi/6.3.1/../../../../arm-none-eabi/lib/thumb/v7e-m\libc.a(lib_a-mprec.o)
 .rodata._setlocale_r.str1.4
                0x00406dec        0xa c:/program files (x86)/atmel/studio/7.0/toolchain/arm/arm-gnu-toolchain/bin/../lib/gcc/arm-none-eabi/6.3.1/../../../../arm-none-eabi/lib/thumb/v7e-m\libc.a(lib_a-locale.o)
                                  0xd (size before relaxing)
 *fill*         0x00406df6        0x2 
 .rodata.str1.4
                0x00406df8        0x4 c:/program files (x86)/atmel/studio/7.0/toolchain/arm/arm-gnu-toolchain/bin/../lib/gcc/arm-none-eabi/6.3.1/../../../../arm-none-eabi/lib/thumb/v7e-m\libc.a(lib_a-locale.o)
                                  0x2 (size before relaxing)
 .rodata._ctype_
                0x00406dfc      0x101 c:/program files (x86)/atmel/studio/7.0/toolchain/arm/arm-gnu-toolchain/bin/../lib/gcc/arm-none-eabi/6.3.1/../../../../arm-none-eabi/lib/thumb/v7e-m\libc.a(lib_a-ctype_.o)
                0x00406dfc                _ctype_
 *(.ARM.extab* .gnu.linkonce.armextab.*)
                0x00406f00                . = ALIGN (0x4)
 *fill*         0x00406efd        0x3 
 *(.init)
 .init          0x00406f00        0x4 c:/program files (x86)/atmel/studio/7.0/toolchain/arm/arm-gnu-toolchain/bin/../lib/gcc/arm-none-eabi/6.3.1/thumb/v7e-m/crti.o
                0x00406f00                _init
 .init          0x00406f04        0x8 c:/program files (x86)/atmel/studio/7.0/toolchain/arm/arm-gnu-toolchain/bin/../lib/gcc/arm-none-eabi/6.3.1/thumb/v7e-m/crtn.o
                0x00406f0c                . = ALIGN (0x4)
                0x00406f0c                __preinit_array_start = .
 *(.preinit_array)
                0x00406f0c                __preinit_array_end = .
                0x00406f0c                . = ALIGN (0x4)
                0x00406f0c                __init_array_start = .
 *(SORT(.init_array.*))
 .init_array.00000
                0x00406f0c        0x4 c:/program files (x86)/atmel/studio/7.0/toolchain/arm/arm-gnu-toolchain/bin/../lib/gcc/arm-none-eabi/6.3.1/../../../../arm-none-eabi/lib/thumb/v7e-m\libc.a(lib_a-__call_atexit.o)
 *(.init_array)
 .init_array    0x00406f10        0x4 c:/program files (x86)/atmel/studio/7.0/toolchain/arm/arm-gnu-toolchain/bin/../lib/gcc/arm-none-eabi/6.3.1/thumb/v7e-m/crtbegin.o
                0x00406f14                __init_array_end = .
                0x00406f14                . = ALIGN (0x4)
 *crtbegin.o(.ctors)
 *(EXCLUDE_FILE(*crtend.o) .ctors)
 *(SORT(.ctors.*))
 *crtend.o(.ctors)
                0x00406f14                . = ALIGN (0x4)
 *(.fini)
 .fini          0x00406f14        0x4 c:/program files (x86)/atmel/studio/7.0/toolchain/arm/arm-gnu-toolchain/bin/../lib/gcc/arm-none-eabi/6.3.1/thumb/v7e-m/crti.o
                0x00406f14                _fini
 .fini          0x00406f18        0x8 c:/program files (x86)/atmel/studio/7.0/toolchain/arm/arm-gnu-toolchain/bin/../lib/gcc/arm-none-eabi/6.3.1/thumb/v7e-m/crtn.o
                0x00406f20                . = ALIGN (0x4)
                0x00406f20                __fini_array_start = .
 *(.fini_array)
 .fini_array    0x00406f20        0x4 c:/program files (x86)/atmel/studio/7.0/toolchain/arm/arm-gnu-toolchain/bin/../lib/gcc/arm-none-eabi/6.3.1/thumb/v7e-m/crtbegin.o
 *(SORT(.fini_array.*))
                0x00406f24                __fini_array_end = .
 *crtbegin.o(.dtors)
 *(EXCLUDE_FILE(*crtend.o) .dtors)
 *(SORT(.dtors.*))
 *crtend.o(.dtors)
                0x00406f24                . = ALIGN (0x4)
                0x00406f24                _efixed = .
                [!provide]                PROVIDE (__exidx_start, .)

.vfp11_veneer   0x00406f24        0x0
 .vfp11_veneer  0x00406f24        0x0 linker stubs

.v4_bx          0x00406f24        0x0
 .v4_bx         0x00406f24        0x0 linker stubs

.iplt           0x00406f24        0x0
 .iplt          0x00406f24        0x0 c:/program files (x86)/atmel/studio/7.0/toolchain/arm/arm-gnu-toolchain/bin/../lib/gcc/arm-none-eabi/6.3.1/thumb/v7e-m/crtbegin.o

.ARM.exidx      0x00406f24        0x8
 *(.ARM.exidx* .gnu.linkonce.armexidx.*)
 .ARM.exidx     0x00406f24        0x8 c:/program files (x86)/atmel/studio/7.0/toolchain/arm/arm-gnu-toolchain/bin/../lib/gcc/arm-none-eabi/6.3.1/thumb/v7e-m\libgcc.a(_udivmoddi4.o)
                [!provide]                PROVIDE (__exidx_end, .)

.eh_frame       0x00406f2c        0x0
 .eh_frame      0x00406f2c        0x0 c:/program files (x86)/atmel/studio/7.0/toolchain/arm/arm-gnu-toolchain/bin/../lib/gcc/arm-none-eabi/6.3.1/thumb/v7e-m/crtbegin.o

.rel.dyn        0x00406f2c        0x0
 .rel.iplt      0x00406f2c        0x0 c:/program files (x86)/atmel/studio/7.0/toolchain/arm/arm-gnu-toolchain/bin/../lib/gcc/arm-none-eabi/6.3.1/thumb/v7e-m/crtbegin.o

.jcr            0x00406f2c        0x0
 .jcr           0x00406f2c        0x0 c:/program files (x86)/atmel/studio/7.0/toolchain/arm/arm-gnu-toolchain/bin/../lib/gcc/arm-none-eabi/6.3.1/thumb/v7e-m/crtbegin.o

.igot.plt       0x00406f2c        0x0
 .igot.plt      0x00406f2c        0x0 c:/program files (x86)/atmel/studio/7.0/toolchain/arm/arm-gnu-toolchain/bin/../lib/gcc/arm-none-eabi/6.3.1/thumb/v7e-m/crtbegin.o
                0x00406f2c                . = ALIGN (0x4)
                0x00406f2c                _etext = .

.relocate       0x20400000      0x9d0 load address 0x00406f2c
                0x20400000                . = ALIGN (0x4)
                0x20400000                _srelocate = .
 *(.ramfunc .ramfunc.*)
 .ramfunc       0x20400000        0xa src/ASF/common/services/delay/sam/cycle_counter.o
                0x20400000                portable_delay_cycles
 *(.data .data.*)
 *fill*         0x2040000a        0x2 
 .data.sysfont  0x2040000c        0xc src/oled/sysfont.o
                0x2040000c                sysfont
 .data.g_interrupt_enabled
                0x20400018        0x1 src/ASF/common/utils/interrupt/interrupt_sam_nvic.o
                0x20400018                g_interrupt_enabled
 *fill*         0x20400019        0x3 
 .data.SystemCoreClock
                0x2040001c        0x4 src/ASF/sam/utils/cmsis/same70/source/templates/system_same70.o
                0x2040001c                SystemCoreClock
 .data._impure_ptr
                0x20400020        0x4 c:/program files (x86)/atmel/studio/7.0/toolchain/arm/arm-gnu-toolchain/bin/../lib/gcc/arm-none-eabi/6.3.1/../../../../arm-none-eabi/lib/thumb/v7e-m\libc.a(lib_a-impure.o)
                0x20400020                _impure_ptr
 *fill*         0x20400024        0x4 
 .data.impure_data
                0x20400028      0x428 c:/program files (x86)/atmel/studio/7.0/toolchain/arm/arm-gnu-toolchain/bin/../lib/gcc/arm-none-eabi/6.3.1/../../../../arm-none-eabi/lib/thumb/v7e-m\libc.a(lib_a-impure.o)
 .data.__atexit_recursive_mutex
                0x20400450        0x4 c:/program files (x86)/atmel/studio/7.0/toolchain/arm/arm-gnu-toolchain/bin/../lib/gcc/arm-none-eabi/6.3.1/../../../../arm-none-eabi/lib/thumb/v7e-m\libc.a(lib_a-__call_atexit.o)
                0x20400450                __atexit_recursive_mutex
 .data.__malloc_av_
                0x20400454      0x408 c:/program files (x86)/atmel/studio/7.0/toolchain/arm/arm-gnu-toolchain/bin/../lib/gcc/arm-none-eabi/6.3.1/../../../../arm-none-eabi/lib/thumb/v7e-m\libc.a(lib_a-mallocr.o)
                0x20400454                __malloc_av_
 .data.__malloc_sbrk_base
                0x2040085c        0x4 c:/program files (x86)/atmel/studio/7.0/toolchain/arm/arm-gnu-toolchain/bin/../lib/gcc/arm-none-eabi/6.3.1/../../../../arm-none-eabi/lib/thumb/v7e-m\libc.a(lib_a-mallocr.o)
                0x2040085c                __malloc_sbrk_base
 .data.__malloc_trim_threshold
                0x20400860        0x4 c:/program files (x86)/atmel/studio/7.0/toolchain/arm/arm-gnu-toolchain/bin/../lib/gcc/arm-none-eabi/6.3.1/../../../../arm-none-eabi/lib/thumb/v7e-m\libc.a(lib_a-mallocr.o)
                0x20400860                __malloc_trim_threshold
 .data.__global_locale
                0x20400864      0x16c c:/program files (x86)/atmel/studio/7.0/toolchain/arm/arm-gnu-toolchain/bin/../lib/gcc/arm-none-eabi/6.3.1/../../../../arm-none-eabi/lib/thumb/v7e-m\libc.a(lib_a-locale.o)
                0x20400864                __global_locale
                0x204009d0                . = ALIGN (0x4)
                0x204009d0                _erelocate = .

.bss            0x204009d0      0x300 load address 0x004078fc
                0x204009d0                . = ALIGN (0x4)
                0x204009d0                _sbss = .
                0x204009d0                _szero = .
 *(.bss .bss.*)
 .bss           0x204009d0       0x1c c:/program files (x86)/atmel/studio/7.0/toolchain/arm/arm-gnu-toolchain/bin/../lib/gcc/arm-none-eabi/6.3.1/thumb/v7e-m/crtbegin.o
 .bss.fbpointer
                0x204009ec        0x4 src/oled/gfx_mono_framebuffer.o
 .bss.framebuffer
                0x204009f0      0x200 src/oled/gfx_mono_ug_2832hsweg04.o
 .bss.gs_interrupt_sources
                0x20400bf0       0x70 src/ASF/sam/drivers/pio/pio_handler.o
 .bss.gs_ul_nb_sources
                0x20400c60        0x4 src/ASF/sam/drivers/pio/pio_handler.o
 .bss.b_is_sleep_clock_used
                0x20400c64        0x1 src/ASF/sam/drivers/pmc/sleep.o
 *fill*         0x20400c65        0x3 
 .bss.callback_clocks_restored
                0x20400c68        0x4 src/ASF/sam/drivers/pmc/sleep.o
 .bss.heap.6420
                0x20400c6c        0x4 src/ASF/sam/utils/syscalls/gcc/syscalls.o
 .bss.__malloc_current_mallinfo
                0x20400c70       0x28 c:/program files (x86)/atmel/studio/7.0/toolchain/arm/arm-gnu-toolchain/bin/../lib/gcc/arm-none-eabi/6.3.1/../../../../arm-none-eabi/lib/thumb/v7e-m\libc.a(lib_a-mallocr.o)
                0x20400c70                __malloc_current_mallinfo
 .bss.__malloc_max_sbrked_mem
                0x20400c98        0x4 c:/program files (x86)/atmel/studio/7.0/toolchain/arm/arm-gnu-toolchain/bin/../lib/gcc/arm-none-eabi/6.3.1/../../../../arm-none-eabi/lib/thumb/v7e-m\libc.a(lib_a-mallocr.o)
                0x20400c98                __malloc_max_sbrked_mem
 .bss.__malloc_max_total_mem
                0x20400c9c        0x4 c:/program files (x86)/atmel/studio/7.0/toolchain/arm/arm-gnu-toolchain/bin/../lib/gcc/arm-none-eabi/6.3.1/../../../../arm-none-eabi/lib/thumb/v7e-m\libc.a(lib_a-mallocr.o)
                0x20400c9c                __malloc_max_total_mem
 .bss.__malloc_top_pad
                0x20400ca0        0x4 c:/program files (x86)/atmel/studio/7.0/toolchain/arm/arm-gnu-toolchain/bin/../lib/gcc/arm-none-eabi/6.3.1/../../../../arm-none-eabi/lib/thumb/v7e-m\libc.a(lib_a-mallocr.o)
                0x20400ca0                __malloc_top_pad
 *(COMMON)
 COMMON         0x20400ca4        0x3 src/main.o
                0x20400ca4                play_pause_flag
                0x20400ca5                change_frequency_flag
                0x20400ca6                decrease_flag
 *fill*         0x20400ca7        0x1 
 COMMON         0x20400ca8       0x21 c:/program files (x86)/atmel/studio/7.0/toolchain/arm/arm-gnu-toolchain/bin/../lib/gcc/arm-none-eabi/6.3.1/../../../../arm-none-eabi/lib/thumb/v7e-m\libc.a(lib_a-lock.o)
                0x20400ca8                __lock___atexit_recursive_mutex
                0x20400cac                __lock___arc4random_mutex
                0x20400cb0                __lock___env_recursive_mutex
                0x20400cb4                __lock___sinit_recursive_mutex
                0x20400cb8                __lock___malloc_recursive_mutex
                0x20400cbc                __lock___at_quick_exit_mutex
                0x20400cc0                __lock___dd_hash_mutex
                0x20400cc4                __lock___tz_mutex
                0x20400cc8                __lock___sfp_recursive_mutex
 *fill*         0x20400cc9        0x3 
 COMMON         0x20400ccc        0x4 c:/program files (x86)/atmel/studio/7.0/toolchain/arm/arm-gnu-toolchain/bin/../lib/gcc/arm-none-eabi/6.3.1/../../../../arm-none-eabi/lib/thumb/v7e-m\libc.a(lib_a-reent.o)
                0x20400ccc                errno
                0x20400cd0                . = ALIGN (0x4)
                0x20400cd0                _ebss = .
                0x20400cd0                _ezero = .

.stack          0x20400cd0     0x2000 load address 0x00407bfc
                0x20400cd0                . = ALIGN (0x8)
                0x20400cd0                _sstack = .
                0x20402cd0                . = (. + STACK_SIZE)
 *fill*         0x20400cd0     0x2000 
                0x20402cd0                . = ALIGN (0x8)
                0x20402cd0                _estack = .

.heap           0x20402cd0      0x200 load address 0x00409bfc
                0x20402cd0                . = ALIGN (0x8)
                0x20402cd0                _sheap = .
                0x20402ed0                . = (. + HEAP_SIZE)
 *fill*         0x20402cd0      0x200 
                0x20402ed0                . = ALIGN (0x8)
                0x20402ed0                _eheap = .
                0x20402ed0                . = ALIGN (0x4)
                0x20402ed0                _end = .
                0x2045ffff                _ram_end_ = ((ORIGIN (ram) + LENGTH (ram)) - 0x1)
OUTPUT(OLED1.elf elf32-littlearm)

.ARM.attributes
                0x00000000       0x2e
 .ARM.attributes
                0x00000000       0x1e c:/program files (x86)/atmel/studio/7.0/toolchain/arm/arm-gnu-toolchain/bin/../lib/gcc/arm-none-eabi/6.3.1/thumb/v7e-m/crti.o
 .ARM.attributes
                0x0000001e       0x2e c:/program files (x86)/atmel/studio/7.0/toolchain/arm/arm-gnu-toolchain/bin/../lib/gcc/arm-none-eabi/6.3.1/thumb/v7e-m/crtbegin.o
 .ARM.attributes
                0x0000004c       0x37 src/ASF/sam/drivers/spi/spi.o
 .ARM.attributes
                0x00000083       0x37 src/oled/gfx_mono_framebuffer.o
 .ARM.attributes
                0x000000ba       0x37 src/oled/gfx_mono_generic.o
 .ARM.attributes
                0x000000f1       0x37 src/oled/gfx_mono_text.o
 .ARM.attributes
                0x00000128       0x37 src/oled/gfx_mono_ug_2832hsweg04.o
 .ARM.attributes
                0x0000015f       0x37 src/oled/ssd1306.o
 .ARM.attributes
                0x00000196       0x37 src/oled/sysfont.o
 .ARM.attributes
                0x000001cd       0x37 src/ASF/common/services/delay/sam/cycle_counter.o
 .ARM.attributes
                0x00000204       0x37 src/ASF/common/services/clock/same70/sysclk.o
 .ARM.attributes
                0x0000023b       0x37 src/ASF/common/utils/interrupt/interrupt_sam_nvic.o
 .ARM.attributes
                0x00000272       0x37 src/ASF/sam/boards/same70_xplained/init.o
 .ARM.attributes
                0x000002a9       0x37 src/ASF/sam/drivers/pio/pio.o
 .ARM.attributes
                0x000002e0       0x37 src/ASF/sam/drivers/pio/pio_handler.o
 .ARM.attributes
                0x00000317       0x37 src/ASF/sam/drivers/pmc/pmc.o
 .ARM.attributes
                0x0000034e       0x37 src/ASF/sam/drivers/pmc/sleep.o
 .ARM.attributes
                0x00000385       0x37 src/ASF/sam/utils/cmsis/same70/source/templates/gcc/startup_same70.o
 .ARM.attributes
                0x000003bc       0x37 src/ASF/sam/utils/cmsis/same70/source/templates/system_same70.o
 .ARM.attributes
                0x000003f3       0x37 src/ASF/sam/utils/syscalls/gcc/syscalls.o
 .ARM.attributes
                0x0000042a       0x37 src/main.o
 .ARM.attributes
                0x00000461       0x1e c:/program files (x86)/atmel/studio/7.0/toolchain/arm/arm-gnu-toolchain/bin/../lib/gcc/arm-none-eabi/6.3.1/thumb/v7e-m\libgcc.a(_arm_addsubdf3.o)
 .ARM.attributes
                0x0000047f       0x1e c:/program files (x86)/atmel/studio/7.0/toolchain/arm/arm-gnu-toolchain/bin/../lib/gcc/arm-none-eabi/6.3.1/thumb/v7e-m\libgcc.a(_arm_cmpdf2.o)
 .ARM.attributes
                0x0000049d       0x1e c:/program files (x86)/atmel/studio/7.0/toolchain/arm/arm-gnu-toolchain/bin/../lib/gcc/arm-none-eabi/6.3.1/thumb/v7e-m\libgcc.a(_aeabi_uldivmod.o)
 .ARM.attributes
                0x000004bb       0x2e c:/program files (x86)/atmel/studio/7.0/toolchain/arm/arm-gnu-toolchain/bin/../lib/gcc/arm-none-eabi/6.3.1/thumb/v7e-m\libgcc.a(_udivmoddi4.o)
 .ARM.attributes
                0x000004e9       0x1e c:/program files (x86)/atmel/studio/7.0/toolchain/arm/arm-gnu-toolchain/bin/../lib/gcc/arm-none-eabi/6.3.1/thumb/v7e-m\libgcc.a(_dvmd_tls.o)
 .ARM.attributes
                0x00000507       0x2e c:/program files (x86)/atmel/studio/7.0/toolchain/arm/arm-gnu-toolchain/bin/../lib/gcc/arm-none-eabi/6.3.1/../../../../arm-none-eabi/lib/thumb/v7e-m\libc.a(lib_a-impure.o)
 .ARM.attributes
                0x00000535       0x2e c:/program files (x86)/atmel/studio/7.0/toolchain/arm/arm-gnu-toolchain/bin/../lib/gcc/arm-none-eabi/6.3.1/../../../../arm-none-eabi/lib/thumb/v7e-m\libc.a(lib_a-init.o)
 .ARM.attributes
                0x00000563       0x2e c:/program files (x86)/atmel/studio/7.0/toolchain/arm/arm-gnu-toolchain/bin/../lib/gcc/arm-none-eabi/6.3.1/../../../../arm-none-eabi/lib/thumb/v7e-m\libc.a(lib_a-memset.o)
 .ARM.attributes
                0x00000591       0x2e c:/program files (x86)/atmel/studio/7.0/toolchain/arm/arm-gnu-toolchain/bin/../lib/gcc/arm-none-eabi/6.3.1/../../../../arm-none-eabi/lib/thumb/v7e-m\libc.a(lib_a-sprintf.o)
 .ARM.attributes
                0x000005bf       0x2e c:/program files (x86)/atmel/studio/7.0/toolchain/arm/arm-gnu-toolchain/bin/../lib/gcc/arm-none-eabi/6.3.1/../../../../arm-none-eabi/lib/thumb/v7e-m\libc.a(lib_a-svfprintf.o)
 .ARM.attributes
                0x000005ed       0x2e c:/program files (x86)/atmel/studio/7.0/toolchain/arm/arm-gnu-toolchain/bin/../lib/gcc/arm-none-eabi/6.3.1/../../../../arm-none-eabi/lib/thumb/v7e-m\libc.a(lib_a-__call_atexit.o)
 .ARM.attributes
                0x0000061b       0x2e c:/program files (x86)/atmel/studio/7.0/toolchain/arm/arm-gnu-toolchain/bin/../lib/gcc/arm-none-eabi/6.3.1/../../../../arm-none-eabi/lib/thumb/v7e-m\libc.a(lib_a-atexit.o)
 .ARM.attributes
                0x00000649       0x2e c:/program files (x86)/atmel/studio/7.0/toolchain/arm/arm-gnu-toolchain/bin/../lib/gcc/arm-none-eabi/6.3.1/../../../../arm-none-eabi/lib/thumb/v7e-m\libc.a(lib_a-dtoa.o)
 .ARM.attributes
                0x00000677       0x2e c:/program files (x86)/atmel/studio/7.0/toolchain/arm/arm-gnu-toolchain/bin/../lib/gcc/arm-none-eabi/6.3.1/../../../../arm-none-eabi/lib/thumb/v7e-m\libc.a(lib_a-fini.o)
 .ARM.attributes
                0x000006a5       0x2e c:/program files (x86)/atmel/studio/7.0/toolchain/arm/arm-gnu-toolchain/bin/../lib/gcc/arm-none-eabi/6.3.1/../../../../arm-none-eabi/lib/thumb/v7e-m\libc.a(lib_a-localeconv.o)
 .ARM.attributes
                0x000006d3       0x2e c:/program files (x86)/atmel/studio/7.0/toolchain/arm/arm-gnu-toolchain/bin/../lib/gcc/arm-none-eabi/6.3.1/../../../../arm-none-eabi/lib/thumb/v7e-m\libc.a(lib_a-lock.o)
 .ARM.attributes
                0x00000701       0x2e c:/program files (x86)/atmel/studio/7.0/toolchain/arm/arm-gnu-toolchain/bin/../lib/gcc/arm-none-eabi/6.3.1/../../../../arm-none-eabi/lib/thumb/v7e-m\libc.a(lib_a-mallocr.o)
 .ARM.attributes
                0x0000072f       0x1c c:/program files (x86)/atmel/studio/7.0/toolchain/arm/arm-gnu-toolchain/bin/../lib/gcc/arm-none-eabi/6.3.1/../../../../arm-none-eabi/lib/thumb/v7e-m\libc.a(lib_a-memchr.o)
 .ARM.attributes
                0x0000074b       0x1c c:/program files (x86)/atmel/studio/7.0/toolchain/arm/arm-gnu-toolchain/bin/../lib/gcc/arm-none-eabi/6.3.1/../../../../arm-none-eabi/lib/thumb/v7e-m\libc.a(lib_a-memcpy.o)
 .ARM.attributes
                0x00000767       0x2e c:/program files (x86)/atmel/studio/7.0/toolchain/arm/arm-gnu-toolchain/bin/../lib/gcc/arm-none-eabi/6.3.1/../../../../arm-none-eabi/lib/thumb/v7e-m\libc.a(lib_a-mlock.o)
 .ARM.attributes
                0x00000795       0x2e c:/program files (x86)/atmel/studio/7.0/toolchain/arm/arm-gnu-toolchain/bin/../lib/gcc/arm-none-eabi/6.3.1/../../../../arm-none-eabi/lib/thumb/v7e-m\libc.a(lib_a-mprec.o)
 .ARM.attributes
                0x000007c3       0x2e c:/program files (x86)/atmel/studio/7.0/toolchain/arm/arm-gnu-toolchain/bin/../lib/gcc/arm-none-eabi/6.3.1/../../../../arm-none-eabi/lib/thumb/v7e-m\libc.a(lib_a-sbrkr.o)
 .ARM.attributes
                0x000007f1       0x1c c:/program files (x86)/atmel/studio/7.0/toolchain/arm/arm-gnu-toolchain/bin/../lib/gcc/arm-none-eabi/6.3.1/../../../../arm-none-eabi/lib/thumb/v7e-m\libc.a(lib_a-strlen.o)
 .ARM.attributes
                0x0000080d       0x2e c:/program files (x86)/atmel/studio/7.0/toolchain/arm/arm-gnu-toolchain/bin/../lib/gcc/arm-none-eabi/6.3.1/../../../../arm-none-eabi/lib/thumb/v7e-m\libc.a(lib_a-svfiprintf.o)
 .ARM.attributes
                0x0000083b       0x2e c:/program files (x86)/atmel/studio/7.0/toolchain/arm/arm-gnu-toolchain/bin/../lib/gcc/arm-none-eabi/6.3.1/../../../../arm-none-eabi/lib/thumb/v7e-m\libc.a(lib_a-__atexit.o)
 .ARM.attributes
                0x00000869       0x2e c:/program files (x86)/atmel/studio/7.0/toolchain/arm/arm-gnu-toolchain/bin/../lib/gcc/arm-none-eabi/6.3.1/../../../../arm-none-eabi/lib/thumb/v7e-m\libc.a(lib_a-callocr.o)
 .ARM.attributes
                0x00000897       0x2e c:/program files (x86)/atmel/studio/7.0/toolchain/arm/arm-gnu-toolchain/bin/../lib/gcc/arm-none-eabi/6.3.1/../../../../arm-none-eabi/lib/thumb/v7e-m\libc.a(lib_a-freer.o)
 .ARM.attributes
                0x000008c5       0x2e c:/program files (x86)/atmel/studio/7.0/toolchain/arm/arm-gnu-toolchain/bin/../lib/gcc/arm-none-eabi/6.3.1/../../../../arm-none-eabi/lib/thumb/v7e-m\libc.a(lib_a-locale.o)
 .ARM.attributes
                0x000008f3       0x2e c:/program files (x86)/atmel/studio/7.0/toolchain/arm/arm-gnu-toolchain/bin/../lib/gcc/arm-none-eabi/6.3.1/../../../../arm-none-eabi/lib/thumb/v7e-m\libc.a(lib_a-mbtowc_r.o)
 .ARM.attributes
                0x00000921       0x2e c:/program files (x86)/atmel/studio/7.0/toolchain/arm/arm-gnu-toolchain/bin/../lib/gcc/arm-none-eabi/6.3.1/../../../../arm-none-eabi/lib/thumb/v7e-m\libc.a(lib_a-memmove.o)
 .ARM.attributes
                0x0000094f       0x2e c:/program files (x86)/atmel/studio/7.0/toolchain/arm/arm-gnu-toolchain/bin/../lib/gcc/arm-none-eabi/6.3.1/../../../../arm-none-eabi/lib/thumb/v7e-m\libc.a(lib_a-reallocr.o)
 .ARM.attributes
                0x0000097d       0x2e c:/program files (x86)/atmel/studio/7.0/toolchain/arm/arm-gnu-toolchain/bin/../lib/gcc/arm-none-eabi/6.3.1/../../../../arm-none-eabi/lib/thumb/v7e-m\libc.a(lib_a-reent.o)
 .ARM.attributes
                0x000009ab       0x2e c:/program files (x86)/atmel/studio/7.0/toolchain/arm/arm-gnu-toolchain/bin/../lib/gcc/arm-none-eabi/6.3.1/../../../../arm-none-eabi/lib/thumb/v7e-m\libc.a(lib_a-wctomb_r.o)
 .ARM.attributes
                0x000009d9       0x2e c:/program files (x86)/atmel/studio/7.0/toolchain/arm/arm-gnu-toolchain/bin/../lib/gcc/arm-none-eabi/6.3.1/../../../../arm-none-eabi/lib/thumb/v7e-m\libc.a(lib_a-ctype_.o)
 .ARM.attributes
                0x00000a07       0x1e c:/program files (x86)/atmel/studio/7.0/toolchain/arm/arm-gnu-toolchain/bin/../lib/gcc/arm-none-eabi/6.3.1/thumb/v7e-m\libgcc.a(_arm_muldivdf3.o)
 .ARM.attributes
                0x00000a25       0x1e c:/program files (x86)/atmel/studio/7.0/toolchain/arm/arm-gnu-toolchain/bin/../lib/gcc/arm-none-eabi/6.3.1/thumb/v7e-m\libgcc.a(_arm_unorddf2.o)
 .ARM.attributes
                0x00000a43       0x1e c:/program files (x86)/atmel/studio/7.0/toolchain/arm/arm-gnu-toolchain/bin/../lib/gcc/arm-none-eabi/6.3.1/thumb/v7e-m\libgcc.a(_arm_fixdfsi.o)
 .ARM.attributes
                0x00000a61       0x1e c:/program files (x86)/atmel/studio/7.0/toolchain/arm/arm-gnu-toolchain/bin/../lib/gcc/arm-none-eabi/6.3.1/thumb/v7e-m/crtn.o

.comment        0x00000000       0x59
 .comment       0x00000000       0x59 src/ASF/sam/drivers/spi/spi.o
                                 0x5a (size before relaxing)
 .comment       0x00000059       0x5a src/oled/gfx_mono_framebuffer.o
 .comment       0x00000059       0x5a src/oled/gfx_mono_generic.o
 .comment       0x00000059       0x5a src/oled/gfx_mono_text.o
 .comment       0x00000059       0x5a src/oled/gfx_mono_ug_2832hsweg04.o
 .comment       0x00000059       0x5a src/oled/ssd1306.o
 .comment       0x00000059       0x5a src/oled/sysfont.o
 .comment       0x00000059       0x5a src/ASF/common/services/delay/sam/cycle_counter.o
 .comment       0x00000059       0x5a src/ASF/common/services/clock/same70/sysclk.o
 .comment       0x00000059       0x5a src/ASF/common/utils/interrupt/interrupt_sam_nvic.o
 .comment       0x00000059       0x5a src/ASF/sam/boards/same70_xplained/init.o
 .comment       0x00000059       0x5a src/ASF/sam/drivers/pio/pio.o
 .comment       0x00000059       0x5a src/ASF/sam/drivers/pio/pio_handler.o
 .comment       0x00000059       0x5a src/ASF/sam/drivers/pmc/pmc.o
 .comment       0x00000059       0x5a src/ASF/sam/drivers/pmc/sleep.o
 .comment       0x00000059       0x5a src/ASF/sam/utils/cmsis/same70/source/templates/gcc/startup_same70.o
 .comment       0x00000059       0x5a src/ASF/sam/utils/cmsis/same70/source/templates/system_same70.o
 .comment       0x00000059       0x5a src/ASF/sam/utils/syscalls/gcc/syscalls.o
 .comment       0x00000059       0x5a src/main.o

.debug_info     0x00000000    0x17dec
 .debug_info    0x00000000     0x115d src/ASF/sam/drivers/spi/spi.o
 .debug_info    0x0000115d      0xdea src/oled/gfx_mono_framebuffer.o
 .debug_info    0x00001f47     0x1595 src/oled/gfx_mono_generic.o
 .debug_info    0x000034dc      0xf82 src/oled/gfx_mono_text.o
 .debug_info    0x0000445e     0x11b8 src/oled/gfx_mono_ug_2832hsweg04.o
 .debug_info    0x00005616     0x1fc6 src/oled/ssd1306.o
 .debug_info    0x000075dc      0xb06 src/oled/sysfont.o
 .debug_info    0x000080e2      0xa45 src/ASF/common/services/delay/sam/cycle_counter.o
 .debug_info    0x00008b27     0x1267 src/ASF/common/services/clock/same70/sysclk.o
 .debug_info    0x00009d8e      0xb01 src/ASF/common/utils/interrupt/interrupt_sam_nvic.o
 .debug_info    0x0000a88f     0x1bd7 src/ASF/sam/boards/same70_xplained/init.o
 .debug_info    0x0000c466     0x2150 src/ASF/sam/drivers/pio/pio.o
 .debug_info    0x0000e5b6     0x1b22 src/ASF/sam/drivers/pio/pio_handler.o
 .debug_info    0x000100d8     0x1e0e src/ASF/sam/drivers/pmc/pmc.o
 .debug_info    0x00011ee6     0x165a src/ASF/sam/drivers/pmc/sleep.o
 .debug_info    0x00013540     0x156a src/ASF/sam/utils/cmsis/same70/source/templates/gcc/startup_same70.o
 .debug_info    0x00014aaa      0x55b src/ASF/sam/utils/cmsis/same70/source/templates/system_same70.o
 .debug_info    0x00015005      0xdb0 src/ASF/sam/utils/syscalls/gcc/syscalls.o
 .debug_info    0x00015db5     0x2037 src/main.o

.debug_abbrev   0x00000000     0x3670
 .debug_abbrev  0x00000000      0x3a5 src/ASF/sam/drivers/spi/spi.o
 .debug_abbrev  0x000003a5      0x289 src/oled/gfx_mono_framebuffer.o
 .debug_abbrev  0x0000062e      0x2a7 src/oled/gfx_mono_generic.o
 .debug_abbrev  0x000008d5      0x30f src/oled/gfx_mono_text.o
 .debug_abbrev  0x00000be4      0x350 src/oled/gfx_mono_ug_2832hsweg04.o
 .debug_abbrev  0x00000f34      0x363 src/oled/ssd1306.o
 .debug_abbrev  0x00001297      0x1b6 src/oled/sysfont.o
 .debug_abbrev  0x0000144d      0x1b3 src/ASF/common/services/delay/sam/cycle_counter.o
 .debug_abbrev  0x00001600      0x31f src/ASF/common/services/clock/same70/sysclk.o
 .debug_abbrev  0x0000191f      0x212 src/ASF/common/utils/interrupt/interrupt_sam_nvic.o
 .debug_abbrev  0x00001b31      0x368 src/ASF/sam/boards/same70_xplained/init.o
 .debug_abbrev  0x00001e99      0x410 src/ASF/sam/drivers/pio/pio.o
 .debug_abbrev  0x000022a9      0x32f src/ASF/sam/drivers/pio/pio_handler.o
 .debug_abbrev  0x000025d8      0x369 src/ASF/sam/drivers/pmc/pmc.o
 .debug_abbrev  0x00002941      0x32b src/ASF/sam/drivers/pmc/sleep.o
 .debug_abbrev  0x00002c6c      0x2e4 src/ASF/sam/utils/cmsis/same70/source/templates/gcc/startup_same70.o
 .debug_abbrev  0x00002f50      0x102 src/ASF/sam/utils/cmsis/same70/source/templates/system_same70.o
 .debug_abbrev  0x00003052      0x264 src/ASF/sam/utils/syscalls/gcc/syscalls.o
 .debug_abbrev  0x000032b6      0x3ba src/main.o

.debug_loc      0x00000000     0x55f0
 .debug_loc     0x00000000      0x610 src/ASF/sam/drivers/spi/spi.o
 .debug_loc     0x00000610      0x506 src/oled/gfx_mono_framebuffer.o
 .debug_loc     0x00000b16      0xda8 src/oled/gfx_mono_generic.o
 .debug_loc     0x000018be      0x66a src/oled/gfx_mono_text.o
 .debug_loc     0x00001f28      0x6ee src/oled/gfx_mono_ug_2832hsweg04.o
 .debug_loc     0x00002616      0x365 src/oled/ssd1306.o
 .debug_loc     0x0000297b      0x183 src/ASF/common/services/clock/same70/sysclk.o
 .debug_loc     0x00002afe      0x1e7 src/ASF/sam/boards/same70_xplained/init.o
 .debug_loc     0x00002ce5      0xea4 src/ASF/sam/drivers/pio/pio.o
 .debug_loc     0x00003b89      0x588 src/ASF/sam/drivers/pio/pio_handler.o
 .debug_loc     0x00004111      0xce3 src/ASF/sam/drivers/pmc/pmc.o
 .debug_loc     0x00004df4      0x389 src/ASF/sam/drivers/pmc/sleep.o
 .debug_loc     0x0000517d       0x77 src/ASF/sam/utils/cmsis/same70/source/templates/gcc/startup_same70.o
 .debug_loc     0x000051f4       0xfd src/ASF/sam/utils/syscalls/gcc/syscalls.o
 .debug_loc     0x000052f1      0x2ff src/main.o

.debug_aranges  0x00000000      0x860
 .debug_aranges
                0x00000000       0x90 src/ASF/sam/drivers/spi/spi.o
 .debug_aranges
                0x00000090       0x58 src/oled/gfx_mono_framebuffer.o
 .debug_aranges
                0x000000e8       0x58 src/oled/gfx_mono_generic.o
 .debug_aranges
                0x00000140       0x40 src/oled/gfx_mono_text.o
 .debug_aranges
                0x00000180       0x60 src/oled/gfx_mono_ug_2832hsweg04.o
 .debug_aranges
                0x000001e0       0x30 src/oled/ssd1306.o
 .debug_aranges
                0x00000210       0x18 src/oled/sysfont.o
 .debug_aranges
                0x00000228       0x20 src/ASF/common/services/delay/sam/cycle_counter.o
 .debug_aranges
                0x00000248       0x40 src/ASF/common/services/clock/same70/sysclk.o
 .debug_aranges
                0x00000288       0x28 src/ASF/common/utils/interrupt/interrupt_sam_nvic.o
 .debug_aranges
                0x000002b0       0x20 src/ASF/sam/boards/same70_xplained/init.o
 .debug_aranges
                0x000002d0      0x1a8 src/ASF/sam/drivers/pio/pio.o
 .debug_aranges
                0x00000478       0x60 src/ASF/sam/drivers/pio/pio_handler.o
 .debug_aranges
                0x000004d8      0x250 src/ASF/sam/drivers/pmc/pmc.o
 .debug_aranges
                0x00000728       0x30 src/ASF/sam/drivers/pmc/sleep.o
 .debug_aranges
                0x00000758       0x28 src/ASF/sam/utils/cmsis/same70/source/templates/gcc/startup_same70.o
 .debug_aranges
                0x00000780       0x30 src/ASF/sam/utils/cmsis/same70/source/templates/system_same70.o
 .debug_aranges
                0x000007b0       0x60 src/ASF/sam/utils/syscalls/gcc/syscalls.o
 .debug_aranges
                0x00000810       0x50 src/main.o

.debug_ranges   0x00000000      0x8f0
 .debug_ranges  0x00000000       0x80 src/ASF/sam/drivers/spi/spi.o
 .debug_ranges  0x00000080       0x48 src/oled/gfx_mono_framebuffer.o
 .debug_ranges  0x000000c8       0x48 src/oled/gfx_mono_generic.o
 .debug_ranges  0x00000110       0x48 src/oled/gfx_mono_text.o
 .debug_ranges  0x00000158       0x80 src/oled/gfx_mono_ug_2832hsweg04.o
 .debug_ranges  0x000001d8       0x20 src/oled/ssd1306.o
 .debug_ranges  0x000001f8       0x10 src/ASF/common/services/delay/sam/cycle_counter.o
 .debug_ranges  0x00000208       0x30 src/ASF/common/services/clock/same70/sysclk.o
 .debug_ranges  0x00000238       0x18 src/ASF/common/utils/interrupt/interrupt_sam_nvic.o
 .debug_ranges  0x00000250       0x10 src/ASF/sam/boards/same70_xplained/init.o
 .debug_ranges  0x00000260      0x2a0 src/ASF/sam/drivers/pio/pio.o
 .debug_ranges  0x00000500       0x68 src/ASF/sam/drivers/pio/pio_handler.o
 .debug_ranges  0x00000568      0x240 src/ASF/sam/drivers/pmc/pmc.o
 .debug_ranges  0x000007a8       0x50 src/ASF/sam/drivers/pmc/sleep.o
 .debug_ranges  0x000007f8       0x18 src/ASF/sam/utils/cmsis/same70/source/templates/gcc/startup_same70.o
 .debug_ranges  0x00000810       0x20 src/ASF/sam/utils/cmsis/same70/source/templates/system_same70.o
 .debug_ranges  0x00000830       0x50 src/ASF/sam/utils/syscalls/gcc/syscalls.o
 .debug_ranges  0x00000880       0x70 src/main.o

.debug_macro    0x00000000     0x9c90
 .debug_macro   0x00000000      0x6d9 src/ASF/sam/drivers/spi/spi.o
 .debug_macro   0x000006d9       0x10 src/ASF/sam/drivers/spi/spi.o
 .debug_macro   0x000006e9       0x3a src/ASF/sam/drivers/spi/spi.o
 .debug_macro   0x00000723      0x2c6 src/ASF/sam/drivers/spi/spi.o
 .debug_macro   0x000009e9      0xa96 src/ASF/sam/drivers/spi/spi.o
 .debug_macro   0x0000147f       0x70 src/ASF/sam/drivers/spi/spi.o
 .debug_macro   0x000014ef       0x64 src/ASF/sam/drivers/spi/spi.o
 .debug_macro   0x00001553       0x5f src/ASF/sam/drivers/spi/spi.o
 .debug_macro   0x000015b2       0xac src/ASF/sam/drivers/spi/spi.o
 .debug_macro   0x0000165e      0x7f4 src/oled/gfx_mono_framebuffer.o
 .debug_macro   0x00001e52       0x50 src/oled/gfx_mono_framebuffer.o
 .debug_macro   0x00001ea2       0x22 src/oled/gfx_mono_framebuffer.o
 .debug_macro   0x00001ec4       0x7b src/oled/gfx_mono_framebuffer.o
 .debug_macro   0x00001f3f       0x28 src/oled/gfx_mono_framebuffer.o
 .debug_macro   0x00001f67       0x23 src/oled/gfx_mono_framebuffer.o
 .debug_macro   0x00001f8a       0x94 src/oled/gfx_mono_framebuffer.o
 .debug_macro   0x0000201e       0x40 src/oled/gfx_mono_framebuffer.o
 .debug_macro   0x0000205e       0x88 src/oled/gfx_mono_framebuffer.o
 .debug_macro   0x000020e6      0x1ce src/oled/gfx_mono_framebuffer.o
 .debug_macro   0x000022b4       0x16 src/oled/gfx_mono_framebuffer.o
 .debug_macro   0x000022ca       0x1c src/oled/gfx_mono_framebuffer.o
 .debug_macro   0x000022e6       0x16 src/oled/gfx_mono_framebuffer.o
 .debug_macro   0x000022fc       0x28 src/oled/gfx_mono_framebuffer.o
 .debug_macro   0x00002324       0xd1 src/oled/gfx_mono_framebuffer.o
 .debug_macro   0x000023f5       0x8b src/oled/gfx_mono_framebuffer.o
 .debug_macro   0x00002480      0x7f4 src/oled/gfx_mono_generic.o
 .debug_macro   0x00002c74      0x80d src/oled/gfx_mono_text.o
 .debug_macro   0x00003481      0x7f9 src/oled/gfx_mono_ug_2832hsweg04.o
 .debug_macro   0x00003c7a       0x28 src/oled/gfx_mono_ug_2832hsweg04.o
 .debug_macro   0x00003ca2      0x7ce src/oled/ssd1306.o
 .debug_macro   0x00004470      0x69c src/oled/sysfont.o
 .debug_macro   0x00004b0c       0x3a src/oled/sysfont.o
 .debug_macro   0x00004b46      0x665 src/ASF/common/services/delay/sam/cycle_counter.o
 .debug_macro   0x000051ab       0x22 src/ASF/common/services/delay/sam/cycle_counter.o
 .debug_macro   0x000051cd      0x6d1 src/ASF/common/services/clock/same70/sysclk.o
 .debug_macro   0x0000589e      0x2c0 src/ASF/common/services/clock/same70/sysclk.o
 .debug_macro   0x00005b5e      0x655 src/ASF/common/utils/interrupt/interrupt_sam_nvic.o
 .debug_macro   0x000061b3      0x70b src/ASF/sam/boards/same70_xplained/init.o
 .debug_macro   0x000068be       0x82 src/ASF/sam/boards/same70_xplained/init.o
 .debug_macro   0x00006940      0x66b src/ASF/sam/drivers/pio/pio.o
 .debug_macro   0x00006fab       0x8e src/ASF/sam/drivers/pio/pio.o
 .debug_macro   0x00007039      0x676 src/ASF/sam/drivers/pio/pio_handler.o
 .debug_macro   0x000076af      0x66b src/ASF/sam/drivers/pmc/pmc.o
 .debug_macro   0x00007d1a       0x6a src/ASF/sam/drivers/pmc/pmc.o
 .debug_macro   0x00007d84      0x684 src/ASF/sam/drivers/pmc/sleep.o
 .debug_macro   0x00008408      0x664 src/ASF/sam/utils/cmsis/same70/source/templates/gcc/startup_same70.o
 .debug_macro   0x00008a6c       0x10 src/ASF/sam/utils/cmsis/same70/source/templates/gcc/startup_same70.o
 .debug_macro   0x00008a7c      0x455 src/ASF/sam/utils/cmsis/same70/source/templates/system_same70.o
 .debug_macro   0x00008ed1      0x1d6 src/ASF/sam/utils/syscalls/gcc/syscalls.o
 .debug_macro   0x000090a7       0x97 src/ASF/sam/utils/syscalls/gcc/syscalls.o
 .debug_macro   0x0000913e       0xf6 src/ASF/sam/utils/syscalls/gcc/syscalls.o
 .debug_macro   0x00009234       0x4c src/ASF/sam/utils/syscalls/gcc/syscalls.o
 .debug_macro   0x00009280       0x16 src/ASF/sam/utils/syscalls/gcc/syscalls.o
 .debug_macro   0x00009296       0x10 src/ASF/sam/utils/syscalls/gcc/syscalls.o
 .debug_macro   0x000092a6       0x10 src/ASF/sam/utils/syscalls/gcc/syscalls.o
 .debug_macro   0x000092b6       0x35 src/ASF/sam/utils/syscalls/gcc/syscalls.o
 .debug_macro   0x000092eb      0x122 src/ASF/sam/utils/syscalls/gcc/syscalls.o
 .debug_macro   0x0000940d      0x883 src/main.o

.debug_line     0x00000000     0xe766
 .debug_line    0x00000000      0xc41 src/ASF/sam/drivers/spi/spi.o
 .debug_line    0x00000c41      0xeba src/oled/gfx_mono_framebuffer.o
 .debug_line    0x00001afb      0xf6e src/oled/gfx_mono_generic.o
 .debug_line    0x00002a69      0xec8 src/oled/gfx_mono_text.o
 .debug_line    0x00003931      0xf42 src/oled/gfx_mono_ug_2832hsweg04.o
 .debug_line    0x00004873      0xe97 src/oled/ssd1306.o
 .debug_line    0x0000570a      0xa1b src/oled/sysfont.o
 .debug_line    0x00006125      0x9ed src/ASF/common/services/delay/sam/cycle_counter.o
 .debug_line    0x00006b12      0xb4f src/ASF/common/services/clock/same70/sysclk.o
 .debug_line    0x00007661      0xa01 src/ASF/common/utils/interrupt/interrupt_sam_nvic.o
 .debug_line    0x00008062      0xc04 src/ASF/sam/boards/same70_xplained/init.o
 .debug_line    0x00008c66      0xee3 src/ASF/sam/drivers/pio/pio.o
 .debug_line    0x00009b49      0xabf src/ASF/sam/drivers/pio/pio_handler.o
 .debug_line    0x0000a608     0x106b src/ASF/sam/drivers/pmc/pmc.o
 .debug_line    0x0000b673      0xb4c src/ASF/sam/drivers/pmc/sleep.o
 .debug_line    0x0000c1bf      0xa73 src/ASF/sam/utils/cmsis/same70/source/templates/gcc/startup_same70.o
 .debug_line    0x0000cc32      0x7e9 src/ASF/sam/utils/cmsis/same70/source/templates/system_same70.o
 .debug_line    0x0000d41b      0x40b src/ASF/sam/utils/syscalls/gcc/syscalls.o
 .debug_line    0x0000d826      0xf40 src/main.o

.debug_str      0x00000000    0x900fe
 .debug_str     0x00000000    0x85ea0 src/ASF/sam/drivers/spi/spi.o
                              0x8656d (size before relaxing)
 .debug_str     0x00085ea0     0x2b21 src/oled/gfx_mono_framebuffer.o
                              0x88ca4 (size before relaxing)
 .debug_str     0x000889c1      0x25c src/oled/gfx_mono_generic.o
                              0x88de8 (size before relaxing)
 .debug_str     0x00088c1d      0x266 src/oled/gfx_mono_text.o
                              0x88dc3 (size before relaxing)
 .debug_str     0x00088e83      0x11c src/oled/gfx_mono_ug_2832hsweg04.o
                              0x88d84 (size before relaxing)
 .debug_str     0x00088f9f      0x612 src/oled/ssd1306.o
                              0x889bc (size before relaxing)
 .debug_str     0x000895b1     0x3ee1 src/oled/sysfont.o
                              0x8619f (size before relaxing)
 .debug_str     0x0008d492       0x35 src/ASF/common/services/delay/sam/cycle_counter.o
                              0x820d3 (size before relaxing)
 .debug_str     0x0008d4c7      0x3f1 src/ASF/common/services/clock/same70/sysclk.o
                              0x865f1 (size before relaxing)
 .debug_str     0x0008d8b8       0x94 src/ASF/common/utils/interrupt/interrupt_sam_nvic.o
                              0x81fa3 (size before relaxing)
 .debug_str     0x0008d94c      0x4f4 src/ASF/sam/boards/same70_xplained/init.o
                              0x870e1 (size before relaxing)
 .debug_str     0x0008de40      0x57b src/ASF/sam/drivers/pio/pio.o
                              0x82af9 (size before relaxing)
 .debug_str     0x0008e3bb      0x437 src/ASF/sam/drivers/pio/pio_handler.o
                              0x82c1b (size before relaxing)
 .debug_str     0x0008e7f2      0x699 src/ASF/sam/drivers/pmc/pmc.o
                              0x82c5d (size before relaxing)
 .debug_str     0x0008ee8b      0x165 src/ASF/sam/drivers/pmc/sleep.o
                              0x85f1c (size before relaxing)
 .debug_str     0x0008eff0      0x64c src/ASF/sam/utils/cmsis/same70/source/templates/gcc/startup_same70.o
                              0x82770 (size before relaxing)
 .debug_str     0x0008f63c      0x137 src/ASF/sam/utils/cmsis/same70/source/templates/system_same70.o
                              0x7287c (size before relaxing)
 .debug_str     0x0008f773      0x779 src/ASF/sam/utils/syscalls/gcc/syscalls.o
                               0x74ad (size before relaxing)
 .debug_str     0x0008feec      0x212 src/main.o
                              0x8d5f5 (size before relaxing)

.debug_frame    0x00000000     0x1e68
 .debug_frame   0x00000000      0x140 src/ASF/sam/drivers/spi/spi.o
 .debug_frame   0x00000140       0xdc src/oled/gfx_mono_framebuffer.o
 .debug_frame   0x0000021c      0x168 src/oled/gfx_mono_generic.o
 .debug_frame   0x00000384       0xc8 src/oled/gfx_mono_text.o
 .debug_frame   0x0000044c      0x124 src/oled/gfx_mono_ug_2832hsweg04.o
 .debug_frame   0x00000570       0x6c src/oled/ssd1306.o
 .debug_frame   0x000005dc       0x20 src/ASF/common/services/delay/sam/cycle_counter.o
 .debug_frame   0x000005fc       0x88 src/ASF/common/services/clock/same70/sysclk.o
 .debug_frame   0x00000684       0x30 src/ASF/common/utils/interrupt/interrupt_sam_nvic.o
 .debug_frame   0x000006b4       0x30 src/ASF/sam/boards/same70_xplained/init.o
 .debug_frame   0x000006e4      0x390 src/ASF/sam/drivers/pio/pio.o
 .debug_frame   0x00000a74      0x110 src/ASF/sam/drivers/pio/pio_handler.o
 .debug_frame   0x00000b84      0x494 src/ASF/sam/drivers/pmc/pmc.o
 .debug_frame   0x00001018       0x5c src/ASF/sam/drivers/pmc/sleep.o
 .debug_frame   0x00001074       0x38 src/ASF/sam/utils/cmsis/same70/source/templates/gcc/startup_same70.o
 .debug_frame   0x000010ac       0x40 src/ASF/sam/utils/cmsis/same70/source/templates/system_same70.o
 .debug_frame   0x000010ec       0xa0 src/ASF/sam/utils/syscalls/gcc/syscalls.o
 .debug_frame   0x0000118c       0xf0 src/main.o
 .debug_frame   0x0000127c       0xac c:/program files (x86)/atmel/studio/7.0/toolchain/arm/arm-gnu-toolchain/bin/../lib/gcc/arm-none-eabi/6.3.1/thumb/v7e-m\libgcc.a(_arm_addsubdf3.o)
 .debug_frame   0x00001328       0xc4 c:/program files (x86)/atmel/studio/7.0/toolchain/arm/arm-gnu-toolchain/bin/../lib/gcc/arm-none-eabi/6.3.1/thumb/v7e-m\libgcc.a(_arm_cmpdf2.o)
 .debug_frame   0x000013ec       0x2c c:/program files (x86)/atmel/studio/7.0/toolchain/arm/arm-gnu-toolchain/bin/../lib/gcc/arm-none-eabi/6.3.1/thumb/v7e-m\libgcc.a(_aeabi_uldivmod.o)
 .debug_frame   0x00001418       0x34 c:/program files (x86)/atmel/studio/7.0/toolchain/arm/arm-gnu-toolchain/bin/../lib/gcc/arm-none-eabi/6.3.1/thumb/v7e-m\libgcc.a(_udivmoddi4.o)
 .debug_frame   0x0000144c       0x2c c:/program files (x86)/atmel/studio/7.0/toolchain/arm/arm-gnu-toolchain/bin/../lib/gcc/arm-none-eabi/6.3.1/../../../../arm-none-eabi/lib/thumb/v7e-m\libc.a(lib_a-init.o)
 .debug_frame   0x00001478       0x34 c:/program files (x86)/atmel/studio/7.0/toolchain/arm/arm-gnu-toolchain/bin/../lib/gcc/arm-none-eabi/6.3.1/../../../../arm-none-eabi/lib/thumb/v7e-m\libc.a(lib_a-memset.o)
 .debug_frame   0x000014ac       0x84 c:/program files (x86)/atmel/studio/7.0/toolchain/arm/arm-gnu-toolchain/bin/../lib/gcc/arm-none-eabi/6.3.1/../../../../arm-none-eabi/lib/thumb/v7e-m\libc.a(lib_a-sprintf.o)
 .debug_frame   0x00001530       0x40 c:/program files (x86)/atmel/studio/7.0/toolchain/arm/arm-gnu-toolchain/bin/../lib/gcc/arm-none-eabi/6.3.1/../../../../arm-none-eabi/lib/thumb/v7e-m\libc.a(lib_a-svfprintf.o)
 .debug_frame   0x00001570       0x5c c:/program files (x86)/atmel/studio/7.0/toolchain/arm/arm-gnu-toolchain/bin/../lib/gcc/arm-none-eabi/6.3.1/../../../../arm-none-eabi/lib/thumb/v7e-m\libc.a(lib_a-__call_atexit.o)
 .debug_frame   0x000015cc       0x20 c:/program files (x86)/atmel/studio/7.0/toolchain/arm/arm-gnu-toolchain/bin/../lib/gcc/arm-none-eabi/6.3.1/../../../../arm-none-eabi/lib/thumb/v7e-m\libc.a(lib_a-atexit.o)
 .debug_frame   0x000015ec       0x88 c:/program files (x86)/atmel/studio/7.0/toolchain/arm/arm-gnu-toolchain/bin/../lib/gcc/arm-none-eabi/6.3.1/../../../../arm-none-eabi/lib/thumb/v7e-m\libc.a(lib_a-dtoa.o)
 .debug_frame   0x00001674       0x34 c:/program files (x86)/atmel/studio/7.0/toolchain/arm/arm-gnu-toolchain/bin/../lib/gcc/arm-none-eabi/6.3.1/../../../../arm-none-eabi/lib/thumb/v7e-m\libc.a(lib_a-fini.o)
 .debug_frame   0x000016a8       0x40 c:/program files (x86)/atmel/studio/7.0/toolchain/arm/arm-gnu-toolchain/bin/../lib/gcc/arm-none-eabi/6.3.1/../../../../arm-none-eabi/lib/thumb/v7e-m\libc.a(lib_a-localeconv.o)
 .debug_frame   0x000016e8       0xb0 c:/program files (x86)/atmel/studio/7.0/toolchain/arm/arm-gnu-toolchain/bin/../lib/gcc/arm-none-eabi/6.3.1/../../../../arm-none-eabi/lib/thumb/v7e-m\libc.a(lib_a-lock.o)
 .debug_frame   0x00001798       0x58 c:/program files (x86)/atmel/studio/7.0/toolchain/arm/arm-gnu-toolchain/bin/../lib/gcc/arm-none-eabi/6.3.1/../../../../arm-none-eabi/lib/thumb/v7e-m\libc.a(lib_a-mallocr.o)
 .debug_frame   0x000017f0       0x30 c:/program files (x86)/atmel/studio/7.0/toolchain/arm/arm-gnu-toolchain/bin/../lib/gcc/arm-none-eabi/6.3.1/../../../../arm-none-eabi/lib/thumb/v7e-m\libc.a(lib_a-mlock.o)
 .debug_frame   0x00001820      0x25c c:/program files (x86)/atmel/studio/7.0/toolchain/arm/arm-gnu-toolchain/bin/../lib/gcc/arm-none-eabi/6.3.1/../../../../arm-none-eabi/lib/thumb/v7e-m\libc.a(lib_a-mprec.o)
 .debug_frame   0x00001a7c       0x2c c:/program files (x86)/atmel/studio/7.0/toolchain/arm/arm-gnu-toolchain/bin/../lib/gcc/arm-none-eabi/6.3.1/../../../../arm-none-eabi/lib/thumb/v7e-m\libc.a(lib_a-sbrkr.o)
 .debug_frame   0x00001aa8       0x78 c:/program files (x86)/atmel/studio/7.0/toolchain/arm/arm-gnu-toolchain/bin/../lib/gcc/arm-none-eabi/6.3.1/../../../../arm-none-eabi/lib/thumb/v7e-m\libc.a(lib_a-svfiprintf.o)
 .debug_frame   0x00001b20       0x34 c:/program files (x86)/atmel/studio/7.0/toolchain/arm/arm-gnu-toolchain/bin/../lib/gcc/arm-none-eabi/6.3.1/../../../../arm-none-eabi/lib/thumb/v7e-m\libc.a(lib_a-__atexit.o)
 .debug_frame   0x00001b54       0x28 c:/program files (x86)/atmel/studio/7.0/toolchain/arm/arm-gnu-toolchain/bin/../lib/gcc/arm-none-eabi/6.3.1/../../../../arm-none-eabi/lib/thumb/v7e-m\libc.a(lib_a-callocr.o)
 .debug_frame   0x00001b7c       0x74 c:/program files (x86)/atmel/studio/7.0/toolchain/arm/arm-gnu-toolchain/bin/../lib/gcc/arm-none-eabi/6.3.1/../../../../arm-none-eabi/lib/thumb/v7e-m\libc.a(lib_a-freer.o)
 .debug_frame   0x00001bf0       0x6c c:/program files (x86)/atmel/studio/7.0/toolchain/arm/arm-gnu-toolchain/bin/../lib/gcc/arm-none-eabi/6.3.1/../../../../arm-none-eabi/lib/thumb/v7e-m\libc.a(lib_a-locale.o)
 .debug_frame   0x00001c5c       0x4c c:/program files (x86)/atmel/studio/7.0/toolchain/arm/arm-gnu-toolchain/bin/../lib/gcc/arm-none-eabi/6.3.1/../../../../arm-none-eabi/lib/thumb/v7e-m\libc.a(lib_a-mbtowc_r.o)
 .debug_frame   0x00001ca8       0x30 c:/program files (x86)/atmel/studio/7.0/toolchain/arm/arm-gnu-toolchain/bin/../lib/gcc/arm-none-eabi/6.3.1/../../../../arm-none-eabi/lib/thumb/v7e-m\libc.a(lib_a-memmove.o)
 .debug_frame   0x00001cd8       0x68 c:/program files (x86)/atmel/studio/7.0/toolchain/arm/arm-gnu-toolchain/bin/../lib/gcc/arm-none-eabi/6.3.1/../../../../arm-none-eabi/lib/thumb/v7e-m\libc.a(lib_a-reallocr.o)
 .debug_frame   0x00001d40       0x58 c:/program files (x86)/atmel/studio/7.0/toolchain/arm/arm-gnu-toolchain/bin/../lib/gcc/arm-none-eabi/6.3.1/../../../../arm-none-eabi/lib/thumb/v7e-m\libc.a(lib_a-reent.o)
 .debug_frame   0x00001d98       0x3c c:/program files (x86)/atmel/studio/7.0/toolchain/arm/arm-gnu-toolchain/bin/../lib/gcc/arm-none-eabi/6.3.1/../../../../arm-none-eabi/lib/thumb/v7e-m\libc.a(lib_a-wctomb_r.o)
 .debug_frame   0x00001dd4       0x50 c:/program files (x86)/atmel/studio/7.0/toolchain/arm/arm-gnu-toolchain/bin/../lib/gcc/arm-none-eabi/6.3.1/thumb/v7e-m\libgcc.a(_arm_muldivdf3.o)
 .debug_frame   0x00001e24       0x20 c:/program files (x86)/atmel/studio/7.0/toolchain/arm/arm-gnu-toolchain/bin/../lib/gcc/arm-none-eabi/6.3.1/thumb/v7e-m\libgcc.a(_arm_unorddf2.o)
 .debug_frame   0x00001e44       0x24 c:/program files (x86)/atmel/studio/7.0/toolchain/arm/arm-gnu-toolchain/bin/../lib/gcc/arm-none-eabi/6.3.1/thumb/v7e-m\libgcc.a(_arm_fixdfsi.o)

Cross Reference Table

Symbol                                            File
ACC_Handler                                       src/ASF/sam/utils/cmsis/same70/source/templates/gcc/startup_same70.o
AES_Handler                                       src/ASF/sam/utils/cmsis/same70/source/templates/gcc/startup_same70.o
AFEC0_Handler                                     src/ASF/sam/utils/cmsis/same70/source/templates/gcc/startup_same70.o
AFEC1_Handler                                     src/ASF/sam/utils/cmsis/same70/source/templates/gcc/startup_same70.o
BusFault_Handler                                  src/ASF/sam/utils/cmsis/same70/source/templates/gcc/startup_same70.o
DACC_Handler                                      src/ASF/sam/utils/cmsis/same70/source/templates/gcc/startup_same70.o
DebugMon_Handler                                  src/ASF/sam/utils/cmsis/same70/source/templates/gcc/startup_same70.o
Dummy_Handler                                     src/ASF/sam/utils/cmsis/same70/source/templates/gcc/startup_same70.o
EFC_Handler                                       src/ASF/sam/utils/cmsis/same70/source/templates/gcc/startup_same70.o
GMAC_Handler                                      src/ASF/sam/utils/cmsis/same70/source/templates/gcc/startup_same70.o
HSMCI_Handler                                     src/ASF/sam/utils/cmsis/same70/source/templates/gcc/startup_same70.o
HardFault_Handler                                 src/ASF/sam/utils/cmsis/same70/source/templates/gcc/startup_same70.o
ICM_Handler                                       src/ASF/sam/utils/cmsis/same70/source/templates/gcc/startup_same70.o
ISI_Handler                                       src/ASF/sam/utils/cmsis/same70/source/templates/gcc/startup_same70.o
MCAN0_Handler                                     src/ASF/sam/utils/cmsis/same70/source/templates/gcc/startup_same70.o
MCAN1_Handler                                     src/ASF/sam/utils/cmsis/same70/source/templates/gcc/startup_same70.o
MemManage_Handler                                 src/ASF/sam/utils/cmsis/same70/source/templates/gcc/startup_same70.o
NMI_Handler                                       src/ASF/sam/utils/cmsis/same70/source/templates/gcc/startup_same70.o
PIOA_Handler                                      src/ASF/sam/drivers/pio/pio_handler.o
PIOB_Handler                                      src/ASF/sam/drivers/pio/pio_handler.o
PIOC_Handler                                      src/ASF/sam/drivers/pio/pio_handler.o
PIOD_Handler                                      src/ASF/sam/drivers/pio/pio_handler.o
PIOE_Handler                                      src/ASF/sam/drivers/pio/pio_handler.o
PMC_Handler                                       src/ASF/sam/utils/cmsis/same70/source/templates/gcc/startup_same70.o
PWM0_Handler                                      src/ASF/sam/utils/cmsis/same70/source/templates/gcc/startup_same70.o
PWM1_Handler                                      src/ASF/sam/utils/cmsis/same70/source/templates/gcc/startup_same70.o
PendSV_Handler                                    src/ASF/sam/utils/cmsis/same70/source/templates/gcc/startup_same70.o
QSPI_Handler                                      src/ASF/sam/utils/cmsis/same70/source/templates/gcc/startup_same70.o
RSTC_Handler                                      src/ASF/sam/utils/cmsis/same70/source/templates/gcc/startup_same70.o
RSWDT_Handler                                     src/ASF/sam/utils/cmsis/same70/source/templates/gcc/startup_same70.o
RTC_Handler                                       src/ASF/sam/utils/cmsis/same70/source/templates/gcc/startup_same70.o
RTT_Handler                                       src/ASF/sam/utils/cmsis/same70/source/templates/gcc/startup_same70.o
Reset_Handler                                     src/ASF/sam/utils/cmsis/same70/source/templates/gcc/startup_same70.o
SDRAMC_Handler                                    src/ASF/sam/utils/cmsis/same70/source/templates/gcc/startup_same70.o
SPI0_Handler                                      src/ASF/sam/utils/cmsis/same70/source/templates/gcc/startup_same70.o
SPI1_Handler                                      src/ASF/sam/utils/cmsis/same70/source/templates/gcc/startup_same70.o
SSC_Handler                                       src/ASF/sam/utils/cmsis/same70/source/templates/gcc/startup_same70.o
SUPC_Handler                                      src/ASF/sam/utils/cmsis/same70/source/templates/gcc/startup_same70.o
SVC_Handler                                       src/ASF/sam/utils/cmsis/same70/source/templates/gcc/startup_same70.o
SysTick_Handler                                   src/ASF/sam/utils/cmsis/same70/source/templates/gcc/startup_same70.o
SystemCoreClock                                   src/ASF/sam/utils/cmsis/same70/source/templates/system_same70.o
SystemCoreClockUpdate                             src/ASF/sam/utils/cmsis/same70/source/templates/system_same70.o
                                                  src/ASF/common/services/clock/same70/sysclk.o
SystemInit                                        src/ASF/sam/utils/cmsis/same70/source/templates/system_same70.o
TC0_Handler                                       src/ASF/sam/utils/cmsis/same70/source/templates/gcc/startup_same70.o
TC10_Handler                                      src/ASF/sam/utils/cmsis/same70/source/templates/gcc/startup_same70.o
TC11_Handler                                      src/ASF/sam/utils/cmsis/same70/source/templates/gcc/startup_same70.o
TC1_Handler                                       src/ASF/sam/utils/cmsis/same70/source/templates/gcc/startup_same70.o
TC2_Handler                                       src/ASF/sam/utils/cmsis/same70/source/templates/gcc/startup_same70.o
TC3_Handler                                       src/ASF/sam/utils/cmsis/same70/source/templates/gcc/startup_same70.o
TC4_Handler                                       src/ASF/sam/utils/cmsis/same70/source/templates/gcc/startup_same70.o
TC5_Handler                                       src/ASF/sam/utils/cmsis/same70/source/templates/gcc/startup_same70.o
TC6_Handler                                       src/ASF/sam/utils/cmsis/same70/source/templates/gcc/startup_same70.o
TC7_Handler                                       src/ASF/sam/utils/cmsis/same70/source/templates/gcc/startup_same70.o
TC8_Handler                                       src/ASF/sam/utils/cmsis/same70/source/templates/gcc/startup_same70.o
TC9_Handler                                       src/ASF/sam/utils/cmsis/same70/source/templates/gcc/startup_same70.o
TRNG_Handler                                      src/ASF/sam/utils/cmsis/same70/source/templates/gcc/startup_same70.o
TWIHS0_Handler                                    src/ASF/sam/utils/cmsis/same70/source/templates/gcc/startup_same70.o
TWIHS1_Handler                                    src/ASF/sam/utils/cmsis/same70/source/templates/gcc/startup_same70.o
TWIHS2_Handler                                    src/ASF/sam/utils/cmsis/same70/source/templates/gcc/startup_same70.o
UART0_Handler                                     src/ASF/sam/utils/cmsis/same70/source/templates/gcc/startup_same70.o
UART1_Handler                                     src/ASF/sam/utils/cmsis/same70/source/templates/gcc/startup_same70.o
UART2_Handler                                     src/ASF/sam/utils/cmsis/same70/source/templates/gcc/startup_same70.o
UART3_Handler                                     src/ASF/sam/utils/cmsis/same70/source/templates/gcc/startup_same70.o
UART4_Handler                                     src/ASF/sam/utils/cmsis/same70/source/templates/gcc/startup_same70.o
USART0_Handler                                    src/ASF/sam/utils/cmsis/same70/source/templates/gcc/startup_same70.o
USART1_Handler                                    src/ASF/sam/utils/cmsis/same70/source/templates/gcc/startup_same70.o
USART2_Handler                                    src/ASF/sam/utils/cmsis/same70/source/templates/gcc/startup_same70.o
USBHS_Handler                                     src/ASF/sam/utils/cmsis/same70/source/templates/gcc/startup_same70.o
UsageFault_Handler                                src/ASF/sam/utils/cmsis/same70/source/templates/gcc/startup_same70.o
WDT_Handler                                       src/ASF/sam/utils/cmsis/same70/source/templates/gcc/startup_same70.o
XDMAC_Handler                                     src/ASF/sam/utils/cmsis/same70/source/templates/gcc/startup_same70.o
_Balloc                                           c:/program files (x86)/atmel/studio/7.0/toolchain/arm/arm-gnu-toolchain/bin/../lib/gcc/arm-none-eabi/6.3.1/../../../../arm-none-eabi/lib/thumb/v7e-m\libc.a(lib_a-mprec.o)
                                                  c:/program files (x86)/atmel/studio/7.0/toolchain/arm/arm-gnu-toolchain/bin/../lib/gcc/arm-none-eabi/6.3.1/../../../../arm-none-eabi/lib/thumb/v7e-m\libc.a(lib_a-dtoa.o)
_Bfree                                            c:/program files (x86)/atmel/studio/7.0/toolchain/arm/arm-gnu-toolchain/bin/../lib/gcc/arm-none-eabi/6.3.1/../../../../arm-none-eabi/lib/thumb/v7e-m\libc.a(lib_a-mprec.o)
                                                  c:/program files (x86)/atmel/studio/7.0/toolchain/arm/arm-gnu-toolchain/bin/../lib/gcc/arm-none-eabi/6.3.1/../../../../arm-none-eabi/lib/thumb/v7e-m\libc.a(lib_a-dtoa.o)
_Jv_RegisterClasses                               c:/program files (x86)/atmel/studio/7.0/toolchain/arm/arm-gnu-toolchain/bin/../lib/gcc/arm-none-eabi/6.3.1/thumb/v7e-m/crtbegin.o
_PathLocale                                       c:/program files (x86)/atmel/studio/7.0/toolchain/arm/arm-gnu-toolchain/bin/../lib/gcc/arm-none-eabi/6.3.1/../../../../arm-none-eabi/lib/thumb/v7e-m\libc.a(lib_a-locale.o)
__adddf3                                          c:/program files (x86)/atmel/studio/7.0/toolchain/arm/arm-gnu-toolchain/bin/../lib/gcc/arm-none-eabi/6.3.1/thumb/v7e-m\libgcc.a(_arm_addsubdf3.o)
__aeabi_cdcmpeq                                   c:/program files (x86)/atmel/studio/7.0/toolchain/arm/arm-gnu-toolchain/bin/../lib/gcc/arm-none-eabi/6.3.1/thumb/v7e-m\libgcc.a(_arm_cmpdf2.o)
__aeabi_cdcmple                                   c:/program files (x86)/atmel/studio/7.0/toolchain/arm/arm-gnu-toolchain/bin/../lib/gcc/arm-none-eabi/6.3.1/thumb/v7e-m\libgcc.a(_arm_cmpdf2.o)
__aeabi_cdrcmple                                  c:/program files (x86)/atmel/studio/7.0/toolchain/arm/arm-gnu-toolchain/bin/../lib/gcc/arm-none-eabi/6.3.1/thumb/v7e-m\libgcc.a(_arm_cmpdf2.o)
__aeabi_d2iz                                      c:/program files (x86)/atmel/studio/7.0/toolchain/arm/arm-gnu-toolchain/bin/../lib/gcc/arm-none-eabi/6.3.1/thumb/v7e-m\libgcc.a(_arm_fixdfsi.o)
                                                  c:/program files (x86)/atmel/studio/7.0/toolchain/arm/arm-gnu-toolchain/bin/../lib/gcc/arm-none-eabi/6.3.1/../../../../arm-none-eabi/lib/thumb/v7e-m\libc.a(lib_a-dtoa.o)
__aeabi_dadd                                      c:/program files (x86)/atmel/studio/7.0/toolchain/arm/arm-gnu-toolchain/bin/../lib/gcc/arm-none-eabi/6.3.1/thumb/v7e-m\libgcc.a(_arm_addsubdf3.o)
                                                  c:/program files (x86)/atmel/studio/7.0/toolchain/arm/arm-gnu-toolchain/bin/../lib/gcc/arm-none-eabi/6.3.1/../../../../arm-none-eabi/lib/thumb/v7e-m\libc.a(lib_a-dtoa.o)
                                                  src/main.o
__aeabi_dcmpeq                                    c:/program files (x86)/atmel/studio/7.0/toolchain/arm/arm-gnu-toolchain/bin/../lib/gcc/arm-none-eabi/6.3.1/thumb/v7e-m\libgcc.a(_arm_cmpdf2.o)