Archive member included to satisfy reference by file (symbol)

c:/program files (x86)/atmel/studio/7.0/toolchain/arm/arm-gnu-toolchain/bin/../lib/gcc/arm-none-eabi/6.3.1/thumb/v7e-m\libgcc.a(_arm_addsubdf3.o)
                              src/main.o (__aeabi_ui2d)
c:/program files (x86)/atmel/studio/7.0/toolchain/arm/arm-gnu-toolchain/bin/../lib/gcc/arm-none-eabi/6.3.1/thumb/v7e-m\libgcc.a(_arm_muldivdf3.o)
                              src/main.o (__aeabi_dmul)
c:/program files (x86)/atmel/studio/7.0/toolchain/arm/arm-gnu-toolchain/bin/../lib/gcc/arm-none-eabi/6.3.1/thumb/v7e-m\libgcc.a(_arm_truncdfsf2.o)
                              src/main.o (__aeabi_d2f)
c:/program files (x86)/atmel/studio/7.0/toolchain/arm/arm-gnu-toolchain/bin/../lib/gcc/arm-none-eabi/6.3.1/../../../../arm-none-eabi/lib/thumb/v7e-m\libc.a(lib_a-exit.o)
                              c:/program files (x86)/atmel/studio/7.0/toolchain/arm/arm-gnu-toolchain/bin/../lib/gcc/arm-none-eabi/6.3.1/../../../../arm-none-eabi/lib/thumb/v7e-m/crt0.o (exit)
c:/program files (x86)/atmel/studio/7.0/toolchain/arm/arm-gnu-toolchain/bin/../lib/gcc/arm-none-eabi/6.3.1/../../../../arm-none-eabi/lib/thumb/v7e-m\libc.a(lib_a-impure.o)
                              c:/program files (x86)/atmel/studio/7.0/toolchain/arm/arm-gnu-toolchain/bin/../lib/gcc/arm-none-eabi/6.3.1/../../../../arm-none-eabi/lib/thumb/v7e-m\libc.a(lib_a-exit.o) (_global_impure_ptr)
c:/program files (x86)/atmel/studio/7.0/toolchain/arm/arm-gnu-toolchain/bin/../lib/gcc/arm-none-eabi/6.3.1/../../../../arm-none-eabi/lib/thumb/v7e-m\libc.a(lib_a-init.o)
                              c:/program files (x86)/atmel/studio/7.0/toolchain/arm/arm-gnu-toolchain/bin/../lib/gcc/arm-none-eabi/6.3.1/../../../../arm-none-eabi/lib/thumb/v7e-m/crt0.o (__libc_init_array)
c:/program files (x86)/atmel/studio/7.0/toolchain/arm/arm-gnu-toolchain/bin/../lib/gcc/arm-none-eabi/6.3.1/../../../../arm-none-eabi/lib/thumb/v7e-m\libc.a(lib_a-memset.o)
                              c:/program files (x86)/atmel/studio/7.0/toolchain/arm/arm-gnu-toolchain/bin/../lib/gcc/arm-none-eabi/6.3.1/../../../../arm-none-eabi/lib/thumb/v7e-m/crt0.o (memset)
c:/program files (x86)/atmel/studio/7.0/toolchain/arm/arm-gnu-toolchain/bin/../lib/gcc/arm-none-eabi/6.3.1/../../../../arm-none-eabi/lib/thumb/v7e-m\libc.a(lib_a-sprintf.o)
                              src/main.o (sprintf)
c:/program files (x86)/atmel/studio/7.0/toolchain/arm/arm-gnu-toolchain/bin/../lib/gcc/arm-none-eabi/6.3.1/../../../../arm-none-eabi/lib/thumb/v7e-m\libc.a(lib_a-svfprintf.o)
                              c:/program files (x86)/atmel/studio/7.0/toolchain/arm/arm-gnu-toolchain/bin/../lib/gcc/arm-none-eabi/6.3.1/../../../../arm-none-eabi/lib/thumb/v7e-m\libc.a(lib_a-sprintf.o) (_svfprintf_r)
c:/program files (x86)/atmel/studio/7.0/toolchain/arm/arm-gnu-toolchain/bin/../lib/gcc/arm-none-eabi/6.3.1/../../../../arm-none-eabi/lib/thumb/v7e-m\libc.a(lib_a-__call_atexit.o)
                              c:/program files (x86)/atmel/studio/7.0/toolchain/arm/arm-gnu-toolchain/bin/../lib/gcc/arm-none-eabi/6.3.1/../../../../arm-none-eabi/lib/thumb/v7e-m\libc.a(lib_a-exit.o) (__call_exitprocs)
c:/program files (x86)/atmel/studio/7.0/toolchain/arm/arm-gnu-toolchain/bin/../lib/gcc/arm-none-eabi/6.3.1/../../../../arm-none-eabi/lib/thumb/v7e-m\libc.a(lib_a-atexit.o)
                              c:/program files (x86)/atmel/studio/7.0/toolchain/arm/arm-gnu-toolchain/bin/../lib/gcc/arm-none-eabi/6.3.1/../../../../arm-none-eabi/lib/thumb/v7e-m\libc.a(lib_a-__call_atexit.o) (atexit)
c:/program files (x86)/atmel/studio/7.0/toolchain/arm/arm-gnu-toolchain/bin/../lib/gcc/arm-none-eabi/6.3.1/../../../../arm-none-eabi/lib/thumb/v7e-m\libc.a(lib_a-dtoa.o)
                              c:/program files (x86)/atmel/studio/7.0/toolchain/arm/arm-gnu-toolchain/bin/../lib/gcc/arm-none-eabi/6.3.1/../../../../arm-none-eabi/lib/thumb/v7e-m\libc.a(lib_a-svfprintf.o) (_dtoa_r)
c:/program files (x86)/atmel/studio/7.0/toolchain/arm/arm-gnu-toolchain/bin/../lib/gcc/arm-none-eabi/6.3.1/../../../../arm-none-eabi/lib/thumb/v7e-m\libc.a(lib_a-fini.o)
                              c:/program files (x86)/atmel/studio/7.0/toolchain/arm/arm-gnu-toolchain/bin/../lib/gcc/arm-none-eabi/6.3.1/../../../../arm-none-eabi/lib/thumb/v7e-m\libc.a(lib_a-__call_atexit.o) (__libc_fini_array)
c:/program files (x86)/atmel/studio/7.0/toolchain/arm/arm-gnu-toolchain/bin/../lib/gcc/arm-none-eabi/6.3.1/../../../../arm-none-eabi/lib/thumb/v7e-m\libc.a(lib_a-localeconv.o)
                              c:/program files (x86)/atmel/studio/7.0/toolchain/arm/arm-gnu-toolchain/bin/../lib/gcc/arm-none-eabi/6.3.1/../../../../arm-none-eabi/lib/thumb/v7e-m\libc.a(lib_a-svfprintf.o) (_localeconv_r)
c:/program files (x86)/atmel/studio/7.0/toolchain/arm/arm-gnu-toolchain/bin/../lib/gcc/arm-none-eabi/6.3.1/../../../../arm-none-eabi/lib/thumb/v7e-m\libc.a(lib_a-lock.o)
[...]
Memory Configuration

Name             Origin             Length             Attributes
rom              0x00400000         0x00200000         xr
ram              0x20400000         0x00060000         xrw
*default*        0x00000000         0xffffffff

Linker script and memory map

LOAD c:/program files (x86)/atmel/studio/7.0/toolchain/arm/arm-gnu-toolchain/bin/../lib/gcc/arm-none-eabi/6.3.1/thumb/v7e-m/crti.o
LOAD c:/program files (x86)/atmel/studio/7.0/toolchain/arm/arm-gnu-toolchain/bin/../lib/gcc/arm-none-eabi/6.3.1/thumb/v7e-m/crtbegin.o
LOAD c:/program files (x86)/atmel/studio/7.0/toolchain/arm/arm-gnu-toolchain/bin/../lib/gcc/arm-none-eabi/6.3.1/../../../../arm-none-eabi/lib/thumb/v7e-m/crt0.o
LOAD src/ASF/sam/drivers/rtc/rtc.o
LOAD src/ASF/sam/drivers/rtt/rtt.o
LOAD src/ASF/sam/drivers/spi/spi.o
LOAD src/ASF/sam/drivers/tc/tc.o
LOAD src/oled/gfx_mono_framebuffer.o
LOAD src/oled/gfx_mono_generic.o
LOAD src/oled/gfx_mono_text.o
LOAD src/oled/gfx_mono_ug_2832hsweg04.o
LOAD src/oled/ssd1306.o
LOAD src/oled/sysfont.o
LOAD src/ASF/common/services/delay/sam/cycle_counter.o
LOAD src/ASF/common/services/clock/same70/sysclk.o
LOAD src/ASF/common/utils/interrupt/interrupt_sam_nvic.o
LOAD src/ASF/sam/boards/same70_xplained/init.o
LOAD src/ASF/sam/drivers/mpu/mpu.o
LOAD src/ASF/sam/drivers/pio/pio.o
LOAD src/ASF/sam/drivers/pio/pio_handler.o
LOAD src/ASF/sam/drivers/pmc/pmc.o
LOAD src/ASF/sam/drivers/pmc/sleep.o
LOAD src/ASF/sam/utils/cmsis/same70/source/templates/gcc/startup_same70.o
LOAD src/ASF/sam/utils/cmsis/same70/source/templates/system_same70.o
LOAD src/ASF/sam/utils/syscalls/gcc/syscalls.o
LOAD src/main.o
START GROUP
LOAD ../src/ASF/thirdparty/CMSIS/Lib/GCC\libarm_cortexM7lfsp_math_softfp.a
LOAD c:/program files (x86)/atmel/studio/7.0/toolchain/arm/arm-gnu-toolchain/bin/../lib/gcc/arm-none-eabi/6.3.1/../../../../arm-none-eabi/lib/thumb/v7e-m\libm.a
END GROUP
START GROUP
LOAD c:/program files (x86)/atmel/studio/7.0/toolchain/arm/arm-gnu-toolchain/bin/../lib/gcc/arm-none-eabi/6.3.1/thumb/v7e-m\libgcc.a
LOAD c:/program files (x86)/atmel/studio/7.0/toolchain/arm/arm-gnu-toolchain/bin/../lib/gcc/arm-none-eabi/6.3.1/../../../../arm-none-eabi/lib/thumb/v7e-m\libc.a
END GROUP
LOAD c:/program files (x86)/atmel/studio/7.0/toolchain/arm/arm-gnu-toolchain/bin/../lib/gcc/arm-none-eabi/6.3.1/thumb/v7e-m/crtend.o
LOAD c:/program files (x86)/atmel/studio/7.0/toolchain/arm/arm-gnu-toolchain/bin/../lib/gcc/arm-none-eabi/6.3.1/thumb/v7e-m/crtn.o
                0x00002000                STACK_SIZE = DEFINED (STACK_SIZE)?STACK_SIZE:0x2000
                0x2045fffc                __ram_end__ = ((ORIGIN (ram) + LENGTH (ram)) - 0x4)
                0x00000200                HEAP_SIZE = DEFINED (HEAP_SIZE)?HEAP_SIZE:0x200

.text           0x00400000     0x6f84
                0x00400000                . = ALIGN (0x4)
                0x00400000                _sfixed = .
 *(.vectors .vectors.*)
 .vectors       0x00400000      0x140 src/ASF/sam/utils/cmsis/same70/source/templates/gcc/startup_same70.o
                0x00400000                exception_table
 *(.text .text.* .gnu.linkonce.t.*)
 .text          0x00400140       0x6c c:/program files (x86)/atmel/studio/7.0/toolchain/arm/arm-gnu-toolchain/bin/../lib/gcc/arm-none-eabi/6.3.1/thumb/v7e-m/crtbegin.o
 .text.rtt_init
                0x004001ac       0x14 src/ASF/sam/drivers/rtt/rtt.o
                0x004001ac                rtt_init
 .text.rtt_sel_source
                0x004001c0       0x2c src/ASF/sam/drivers/rtt/rtt.o
                0x004001c0                rtt_sel_source
 .text.rtt_enable_interrupt
                0x004001ec       0x14 src/ASF/sam/drivers/rtt/rtt.o
                0x004001ec                rtt_enable_interrupt
 .text.rtt_disable_interrupt
                0x00400200       0x14 src/ASF/sam/drivers/rtt/rtt.o
                0x00400200                rtt_disable_interrupt
 .text.rtt_read_timer_value
                0x00400214       0x14 src/ASF/sam/drivers/rtt/rtt.o
                0x00400214                rtt_read_timer_value
 .text.rtt_get_status
                0x00400228        0x4 src/ASF/sam/drivers/rtt/rtt.o
                0x00400228                rtt_get_status
 .text.rtt_write_alarm_time
                0x0040022c       0x44 src/ASF/sam/drivers/rtt/rtt.o
                0x0040022c                rtt_write_alarm_time
 .text.spi_enable_clock
                0x00400270       0x2c src/ASF/sam/drivers/spi/spi.o
                0x00400270                spi_enable_clock
 .text.spi_set_peripheral_chip_select_value
                0x0040029c       0x16 src/ASF/sam/drivers/spi/spi.o
                0x0040029c                spi_set_peripheral_chip_select_value
 .text.spi_write
                0x004002b2       0x34 src/ASF/sam/drivers/spi/spi.o
                0x004002b2                spi_write
 .text.spi_set_clock_polarity
                0x004002e6       0x1e src/ASF/sam/drivers/spi/spi.o
                0x004002e6                spi_set_clock_polarity
 .text.spi_set_clock_phase
                0x00400304       0x1e src/ASF/sam/drivers/spi/spi.o
                0x00400304                spi_set_clock_phase
 .text.spi_configure_cs_behavior
                0x00400322       0x46 src/ASF/sam/drivers/spi/spi.o
                0x00400322                spi_configure_cs_behavior
 .text.spi_set_bits_per_transfer
                0x00400368       0x14 src/ASF/sam/drivers/spi/spi.o
                0x00400368                spi_set_bits_per_transfer
 .text.spi_calc_baudrate_div
                0x0040037c       0x16 src/ASF/sam/drivers/spi/spi.o
                0x0040037c                spi_calc_baudrate_div
 .text.spi_set_baudrate_div
                0x00400392       0x28 src/ASF/sam/drivers/spi/spi.o
                0x00400392                spi_set_baudrate_div
 *fill*         0x004003ba        0x2 
 .text.gfx_mono_set_framebuffer
                0x004003bc        0xc src/oled/gfx_mono_framebuffer.o
                0x004003bc                gfx_mono_set_framebuffer
 .text.gfx_mono_framebuffer_put_byte
                0x004003c8       0x10 src/oled/gfx_mono_framebuffer.o
                0x004003c8                gfx_mono_framebuffer_put_byte
 .text.gfx_mono_framebuffer_get_byte
                0x004003d8       0x10 src/oled/gfx_mono_framebuffer.o
                0x004003d8                gfx_mono_framebuffer_get_byte
 .text.gfx_mono_generic_draw_horizontal_line
                0x004003e8       0xd0 src/oled/gfx_mono_generic.o
                0x004003e8                gfx_mono_generic_draw_horizontal_line
 .text.gfx_mono_generic_draw_filled_rect
                0x004004b8       0x38 src/oled/gfx_mono_generic.o
                0x004004b8                gfx_mono_generic_draw_filled_rect
 .text.gfx_mono_draw_char
                0x004004f0       0xac src/oled/gfx_mono_text.o
                0x004004f0                gfx_mono_draw_char
 .text.gfx_mono_draw_string
                0x0040059c       0x48 src/oled/gfx_mono_text.o
                0x0040059c                gfx_mono_draw_string
 .text.gfx_mono_ssd1306_put_byte
                0x004005e4       0x50 src/oled/gfx_mono_ug_2832hsweg04.o
                0x004005e4                gfx_mono_ssd1306_put_byte
 .text.gfx_mono_ssd1306_init
                0x00400634       0x50 src/oled/gfx_mono_ug_2832hsweg04.o
                0x00400634                gfx_mono_ssd1306_init
 .text.gfx_mono_ssd1306_draw_pixel
                0x00400684       0x64 src/oled/gfx_mono_ug_2832hsweg04.o
                0x00400684                gfx_mono_ssd1306_draw_pixel
 .text.gfx_mono_ssd1306_get_byte
                0x004006e8        0xc src/oled/gfx_mono_ug_2832hsweg04.o
                0x004006e8                gfx_mono_ssd1306_get_byte
 .text.ssd1306_write_command
                0x004006f4       0x40 src/oled/ssd1306.o
                0x004006f4                ssd1306_write_command
 .text.ssd1306_init
                0x00400734      0x1e0 src/oled/ssd1306.o
                0x00400734                ssd1306_init
 .text.ssd1306_write_data
                0x00400914       0x40 src/oled/ssd1306.o
                0x00400914                ssd1306_write_data
 .text.sysclk_init
                0x00400954       0x70 src/ASF/common/services/clock/same70/sysclk.o
                0x00400954                sysclk_init
 .text.board_init
                0x004009c4      0x140 src/ASF/sam/boards/same70_xplained/init.o
                0x004009c4                board_init
 .text.pio_set_debounce_filter
                0x00400b04       0x1a src/ASF/sam/drivers/pio/pio.o
                0x00400b04                pio_set_debounce_filter
 .text.pio_set  0x00400b1e        0x4 src/ASF/sam/drivers/pio/pio.o
                0x00400b1e                pio_set
 .text.pio_clear
                0x00400b22        0x4 src/ASF/sam/drivers/pio/pio.o
                0x00400b22                pio_clear
 .text.pio_get  0x00400b26       0x1a src/ASF/sam/drivers/pio/pio.o
                0x00400b26                pio_get
 .text.pio_set_peripheral
                0x00400b40       0x92 src/ASF/sam/drivers/pio/pio.o
                0x00400b40                pio_set_peripheral
 .text.pio_set_input
                0x00400bd2       0x36 src/ASF/sam/drivers/pio/pio.o
                0x00400bd2                pio_set_input
 .text.pio_set_output
                0x00400c08       0x28 src/ASF/sam/drivers/pio/pio.o
                0x00400c08                pio_set_output
 .text.pio_configure
                0x00400c30       0x90 src/ASF/sam/drivers/pio/pio.o
                0x00400c30                pio_configure
 .text.pio_configure_interrupt
                0x00400cc0       0x32 src/ASF/sam/drivers/pio/pio.o
                0x00400cc0                pio_configure_interrupt
 .text.pio_enable_interrupt
                0x00400cf2        0x4 src/ASF/sam/drivers/pio/pio.o
                0x00400cf2                pio_enable_interrupt
 .text.pio_get_interrupt_status
                0x00400cf6        0x4 src/ASF/sam/drivers/pio/pio.o
                0x00400cf6                pio_get_interrupt_status
 .text.pio_get_interrupt_mask
                0x00400cfa        0x4 src/ASF/sam/drivers/pio/pio.o
                0x00400cfa                pio_get_interrupt_mask
 *fill*         0x00400cfe        0x2 
 .text.pio_handler_process
                0x00400d00       0x50 src/ASF/sam/drivers/pio/pio_handler.o
                0x00400d00                pio_handler_process
 .text.pio_handler_set
                0x00400d50       0x70 src/ASF/sam/drivers/pio/pio_handler.o
                0x00400d50                pio_handler_set
 .text.PIOA_Handler
                0x00400dc0       0x14 src/ASF/sam/drivers/pio/pio_handler.o
                0x00400dc0                PIOA_Handler
 .text.PIOB_Handler
                0x00400dd4       0x14 src/ASF/sam/drivers/pio/pio_handler.o
                0x00400dd4                PIOB_Handler
 .text.PIOC_Handler
                0x00400de8       0x14 src/ASF/sam/drivers/pio/pio_handler.o
                0x00400de8                PIOC_Handler
 .text.PIOD_Handler
                0x00400dfc       0x14 src/ASF/sam/drivers/pio/pio_handler.o
                0x00400dfc                PIOD_Handler
 .text.PIOE_Handler
                0x00400e10       0x14 src/ASF/sam/drivers/pio/pio_handler.o
                0x00400e10                PIOE_Handler
 .text.pmc_mck_set_division
                0x00400e24       0x38 src/ASF/sam/drivers/pmc/pmc.o
                0x00400e24                pmc_mck_set_division
 .text.pmc_switch_mck_to_pllack
                0x00400e5c       0x64 src/ASF/sam/drivers/pmc/pmc.o
                0x00400e5c                pmc_switch_mck_to_pllack
 .text.pmc_switch_mainck_to_xtal
                0x00400ec0       0x54 src/ASF/sam/drivers/pmc/pmc.o
                0x00400ec0                pmc_switch_mainck_to_xtal
 .text.pmc_osc_is_ready_mainck
                0x00400f14       0x10 src/ASF/sam/drivers/pmc/pmc.o
                0x00400f14                pmc_osc_is_ready_mainck
 .text.pmc_disable_pllack
                0x00400f24       0x10 src/ASF/sam/drivers/pmc/pmc.o
                0x00400f24                pmc_disable_pllack
 .text.pmc_is_locked_pllack
                0x00400f34       0x10 src/ASF/sam/drivers/pmc/pmc.o
                0x00400f34                pmc_is_locked_pllack
 .text.pmc_enable_periph_clk
                0x00400f44       0x54 src/ASF/sam/drivers/pmc/pmc.o
                0x00400f44                pmc_enable_periph_clk
 .text.pmc_set_flash_in_wait_mode
                0x00400f98        0x2 src/ASF/sam/drivers/pmc/pmc.o
                0x00400f98                pmc_set_flash_in_wait_mode
 *fill*         0x00400f9a        0x2 
 .text.pmc_enable_waitmode
                0x00400f9c       0x4c src/ASF/sam/drivers/pmc/pmc.o
                0x00400f9c                pmc_enable_waitmode
 .text.pmc_sleep
                0x00400fe8      0x274 src/ASF/sam/drivers/pmc/sleep.o
                0x00400fe8                pmc_sleep
 .text.Dummy_Handler
                0x0040125c        0x2 src/ASF/sam/utils/cmsis/same70/source/templates/gcc/startup_same70.o
                0x0040125c                DACC_Handler
                0x0040125c                DebugMon_Handler
                0x0040125c                UART3_Handler
                0x0040125c                UART2_Handler
                0x0040125c                TRNG_Handler
                0x0040125c                HardFault_Handler
                0x0040125c                TC2_Handler
                0x0040125c                SysTick_Handler
                0x0040125c                AFEC1_Handler
                0x0040125c                PendSV_Handler
                0x0040125c                NMI_Handler
                0x0040125c                TC7_Handler
                0x0040125c                QSPI_Handler
                0x0040125c                ISI_Handler
                0x0040125c                TC9_Handler
                0x0040125c                RSWDT_Handler
                0x0040125c                MCAN1_Handler
                0x0040125c                USART0_Handler
                0x0040125c                USBHS_Handler
                0x0040125c                RTC_Handler
                0x0040125c                UsageFault_Handler
                0x0040125c                TC6_Handler
                0x0040125c                WDT_Handler
                0x0040125c                TC4_Handler
                0x0040125c                TC1_Handler
                0x0040125c                HSMCI_Handler
                0x0040125c                UART1_Handler
                0x0040125c                TC3_Handler
                0x0040125c                Dummy_Handler
                0x0040125c                TWIHS1_Handler
                0x0040125c                XDMAC_Handler
                0x0040125c                UART4_Handler
                0x0040125c                PWM1_Handler
                0x0040125c                USART1_Handler
                0x0040125c                PWM0_Handler
                0x0040125c                AFEC0_Handler
                0x0040125c                SSC_Handler
                0x0040125c                TC11_Handler
                0x0040125c                ACC_Handler
                0x0040125c                PMC_Handler
                0x0040125c                GMAC_Handler
                0x0040125c                MemManage_Handler
                0x0040125c                SUPC_Handler
                0x0040125c                SVC_Handler
                0x0040125c                TC8_Handler
                0x0040125c                EFC_Handler
                0x0040125c                USART2_Handler
                0x0040125c                SDRAMC_Handler
                0x0040125c                SPI1_Handler
                0x0040125c                MCAN0_Handler
                0x0040125c                TC10_Handler
                0x0040125c                TWIHS2_Handler
                0x0040125c                UART0_Handler
                0x0040125c                BusFault_Handler
                0x0040125c                RSTC_Handler
                0x0040125c                TC0_Handler
                0x0040125c                TC5_Handler
                0x0040125c                ICM_Handler
                0x0040125c                AES_Handler
                0x0040125c                TWIHS0_Handler
                0x0040125c                SPI0_Handler
 *fill*         0x0040125e        0x2 
 .text.Reset_Handler
                0x00401260       0xc8 src/ASF/sam/utils/cmsis/same70/source/templates/gcc/startup_same70.o
                0x00401260                Reset_Handler
 .text.SystemCoreClockUpdate
                0x00401328      0x10c src/ASF/sam/utils/cmsis/same70/source/templates/system_same70.o
                0x00401328                SystemCoreClockUpdate
 .text.system_init_flash
                0x00401434       0x8c src/ASF/sam/utils/cmsis/same70/source/templates/system_same70.o
                0x00401434                system_init_flash
 .text._sbrk    0x004014c0       0x38 src/ASF/sam/utils/syscalls/gcc/syscalls.o
                0x004014c0                _sbrk
 .text.call_callback
                0x004014f8        0xc src/main.o
                0x004014f8                call_callback
 .text.RTT_init
                0x00401504       0xb8 src/main.o
                0x00401504                RTT_init
 .text.echo_callback
                0x004015bc       0x84 src/main.o
                0x004015bc                echo_callback
 .text.RTT_Handler
                0x00401640       0x24 src/main.o
                0x00401640                RTT_Handler
 .text.dist     0x00401664       0x68 src/main.o
                0x00401664                dist
 .text.init     0x004016cc       0xfc src/main.o
                0x004016cc                init
 .text.main     0x004017c8       0xec src/main.o
                0x004017c8                main
 .text          0x004018b4      0x370 c:/program files (x86)/atmel/studio/7.0/toolchain/arm/arm-gnu-toolchain/bin/../lib/gcc/arm-none-eabi/6.3.1/thumb/v7e-m\libgcc.a(_arm_addsubdf3.o)
                0x004018b4                __aeabi_drsub
                0x004018bc                __aeabi_dsub
                0x004018bc                __subdf3
                0x004018c0                __aeabi_dadd
                0x004018c0                __adddf3
                0x00401b38                __floatunsidf
                0x00401b38                __aeabi_ui2d
                0x00401b58                __floatsidf
                0x00401b58                __aeabi_i2d
                0x00401b7c                __aeabi_f2d
                0x00401b7c                __extendsfdf2
                0x00401bb8                __floatundidf
                0x00401bb8                __aeabi_ul2d
                0x00401bc8                __floatdidf
                0x00401bc8                __aeabi_l2d
 .text          0x00401c24      0x424 c:/program files (x86)/atmel/studio/7.0/toolchain/arm/arm-gnu-toolchain/bin/../lib/gcc/arm-none-eabi/6.3.1/thumb/v7e-m\libgcc.a(_arm_muldivdf3.o)
                0x00401c24                __aeabi_dmul
                0x00401c24                __muldf3
                0x00401e78                __divdf3
                0x00401e78                __aeabi_ddiv
 .text          0x00402048       0xa0 c:/program files (x86)/atmel/studio/7.0/toolchain/arm/arm-gnu-toolchain/bin/../lib/gcc/arm-none-eabi/6.3.1/thumb/v7e-m\libgcc.a(_arm_truncdfsf2.o)
                0x00402048                __truncdfsf2
                0x00402048                __aeabi_d2f
 .text.__libc_init_array
                0x004020e8       0x50 c:/program files (x86)/atmel/studio/7.0/toolchain/arm/arm-gnu-toolchain/bin/../lib/gcc/arm-none-eabi/6.3.1/../../../../arm-none-eabi/lib/thumb/v7e-m\libc.a(lib_a-init.o)
                0x004020e8                __libc_init_array
 .text.memset   0x00402138       0x9c c:/program files (x86)/atmel/studio/7.0/toolchain/arm/arm-gnu-toolchain/bin/../lib/gcc/arm-none-eabi/6.3.1/../../../../arm-none-eabi/lib/thumb/v7e-m\libc.a(lib_a-memset.o)
                0x00402138                memset
 .text.sprintf  0x004021d4       0x4c c:/program files (x86)/atmel/studio/7.0/toolchain/arm/arm-gnu-toolchain/bin/../lib/gcc/arm-none-eabi/6.3.1/../../../../arm-none-eabi/lib/thumb/v7e-m\libc.a(lib_a-sprintf.o)
                0x004021d4                sprintf
 .text._svfprintf_r
                0x00402220     0x145c c:/program files (x86)/atmel/studio/7.0/toolchain/arm/arm-gnu-toolchain/bin/../lib/gcc/arm-none-eabi/6.3.1/../../../../arm-none-eabi/lib/thumb/v7e-m\libc.a(lib_a-svfprintf.o)
                0x00402220                _svfprintf_r
 .text.startup.register_fini
                0x0040367c       0x14 c:/program files (x86)/atmel/studio/7.0/toolchain/arm/arm-gnu-toolchain/bin/../lib/gcc/arm-none-eabi/6.3.1/../../../../arm-none-eabi/lib/thumb/v7e-m\libc.a(lib_a-__call_atexit.o)
 .text.atexit   0x00403690        0xc c:/program files (x86)/atmel/studio/7.0/toolchain/arm/arm-gnu-toolchain/bin/../lib/gcc/arm-none-eabi/6.3.1/../../../../arm-none-eabi/lib/thumb/v7e-m\libc.a(lib_a-atexit.o)
                0x00403690                atexit
 .text.quorem   0x0040369c      0x128 c:/program files (x86)/atmel/studio/7.0/toolchain/arm/arm-gnu-toolchain/bin/../lib/gcc/arm-none-eabi/6.3.1/../../../../arm-none-eabi/lib/thumb/v7e-m\libc.a(lib_a-dtoa.o)
 *fill*         0x004037c4        0x4 
 .text._dtoa_r  0x004037c8      0xe54 c:/program files (x86)/atmel/studio/7.0/toolchain/arm/arm-gnu-toolchain/bin/../lib/gcc/arm-none-eabi/6.3.1/../../../../arm-none-eabi/lib/thumb/v7e-m\libc.a(lib_a-dtoa.o)
                0x004037c8                _dtoa_r
 .text.__libc_fini_array
                0x0040461c       0x34 c:/program files (x86)/atmel/studio/7.0/toolchain/arm/arm-gnu-toolchain/bin/../lib/gcc/arm-none-eabi/6.3.1/../../../../arm-none-eabi/lib/thumb/v7e-m\libc.a(lib_a-fini.o)
                0x0040461c                __libc_fini_array
 .text._localeconv_r
                0x00404650       0x1c c:/program files (x86)/atmel/studio/7.0/toolchain/arm/arm-gnu-toolchain/bin/../lib/gcc/arm-none-eabi/6.3.1/../../../../arm-none-eabi/lib/thumb/v7e-m\libc.a(lib_a-localeconv.o)
                0x00404650                _localeconv_r
 .text.__retarget_lock_acquire_recursive
                0x0040466c        0x4 c:/program files (x86)/atmel/studio/7.0/toolchain/arm/arm-gnu-toolchain/bin/../lib/gcc/arm-none-eabi/6.3.1/../../../../arm-none-eabi/lib/thumb/v7e-m\libc.a(lib_a-lock.o)
                0x0040466c                __retarget_lock_acquire_recursive
 .text.__retarget_lock_release_recursive
                0x00404670        0x4 c:/program files (x86)/atmel/studio/7.0/toolchain/arm/arm-gnu-toolchain/bin/../lib/gcc/arm-none-eabi/6.3.1/../../../../arm-none-eabi/lib/thumb/v7e-m\libc.a(lib_a-lock.o)
                0x00404670                __retarget_lock_release_recursive
 .text._malloc_r
                0x00404674      0x560 c:/program files (x86)/atmel/studio/7.0/toolchain/arm/arm-gnu-toolchain/bin/../lib/gcc/arm-none-eabi/6.3.1/../../../../arm-none-eabi/lib/thumb/v7e-m\libc.a(lib_a-mallocr.o)
                0x00404674                _malloc_r
 *fill*         0x00404bd4        0xc 
 .text          0x00404be0       0xa0 c:/program files (x86)/atmel/studio/7.0/toolchain/arm/arm-gnu-toolchain/bin/../lib/gcc/arm-none-eabi/6.3.1/../../../../arm-none-eabi/lib/thumb/v7e-m\libc.a(lib_a-memchr.o)
                0x00404be0                memchr
 .text          0x00404c80      0x134 c:/program files (x86)/atmel/studio/7.0/toolchain/arm/arm-gnu-toolchain/bin/../lib/gcc/arm-none-eabi/6.3.1/../../../../arm-none-eabi/lib/thumb/v7e-m\libc.a(lib_a-memcpy.o)
                0x00404c80                memcpy
 .text.__malloc_lock
                0x00404db4        0xc c:/program files (x86)/atmel/studio/7.0/toolchain/arm/arm-gnu-toolchain/bin/../lib/gcc/arm-none-eabi/6.3.1/../../../../arm-none-eabi/lib/thumb/v7e-m\libc.a(lib_a-mlock.o)
                0x00404db4                __malloc_lock
 .text.__malloc_unlock
                0x00404dc0        0xc c:/program files (x86)/atmel/studio/7.0/toolchain/arm/arm-gnu-toolchain/bin/../lib/gcc/arm-none-eabi/6.3.1/../../../../arm-none-eabi/lib/thumb/v7e-m\libc.a(lib_a-mlock.o)
                0x00404dc0                __malloc_unlock
 .text._Balloc  0x00404dcc       0x4c c:/program files (x86)/atmel/studio/7.0/toolchain/arm/arm-gnu-toolchain/bin/../lib/gcc/arm-none-eabi/6.3.1/../../../../arm-none-eabi/lib/thumb/v7e-m\libc.a(lib_a-mprec.o)
                0x00404dcc                _Balloc
 .text._Bfree   0x00404e18       0x14 c:/program files (x86)/atmel/studio/7.0/toolchain/arm/arm-gnu-toolchain/bin/../lib/gcc/arm-none-eabi/6.3.1/../../../../arm-none-eabi/lib/thumb/v7e-m\libc.a(lib_a-mprec.o)
                0x00404e18                _Bfree
 .text.__multadd
                0x00404e2c       0x80 c:/program files (x86)/atmel/studio/7.0/toolchain/arm/arm-gnu-toolchain/bin/../lib/gcc/arm-none-eabi/6.3.1/../../../../arm-none-eabi/lib/thumb/v7e-m\libc.a(lib_a-mprec.o)
                0x00404e2c                __multadd
 .text.__hi0bits
                0x00404eac       0x40 c:/program files (x86)/atmel/studio/7.0/toolchain/arm/arm-gnu-toolchain/bin/../lib/gcc/arm-none-eabi/6.3.1/../../../../arm-none-eabi/lib/thumb/v7e-m\libc.a(lib_a-mprec.o)
                0x00404eac                __hi0bits
 .text.__lo0bits
                0x00404eec       0x60 c:/program files (x86)/atmel/studio/7.0/toolchain/arm/arm-gnu-toolchain/bin/../lib/gcc/arm-none-eabi/6.3.1/../../../../arm-none-eabi/lib/thumb/v7e-m\libc.a(lib_a-mprec.o)
                0x00404eec                __lo0bits
 .text.__i2b    0x00404f4c       0x14 c:/program files (x86)/atmel/studio/7.0/toolchain/arm/arm-gnu-toolchain/bin/../lib/gcc/arm-none-eabi/6.3.1/../../../../arm-none-eabi/lib/thumb/v7e-m\libc.a(lib_a-mprec.o)
                0x00404f4c                __i2b
 .text.__multiply
                0x00404f60      0x124 c:/program files (x86)/atmel/studio/7.0/toolchain/arm/arm-gnu-toolchain/bin/../lib/gcc/arm-none-eabi/6.3.1/../../../../arm-none-eabi/lib/thumb/v7e-m\libc.a(lib_a-mprec.o)
                0x00404f60                __multiply
 .text.__pow5mult
                0x00405084       0xa0 c:/program files (x86)/atmel/studio/7.0/toolchain/arm/arm-gnu-toolchain/bin/../lib/gcc/arm-none-eabi/6.3.1/../../../../arm-none-eabi/lib/thumb/v7e-m\libc.a(lib_a-mprec.o)
                0x00405084                __pow5mult
 .text.__lshift
                0x00405124       0xa4 c:/program files (x86)/atmel/studio/7.0/toolchain/arm/arm-gnu-toolchain/bin/../lib/gcc/arm-none-eabi/6.3.1/../../../../arm-none-eabi/lib/thumb/v7e-m\libc.a(lib_a-mprec.o)
                0x00405124                __lshift
 .text.__mcmp   0x004051c8       0x38 c:/program files (x86)/atmel/studio/7.0/toolchain/arm/arm-gnu-toolchain/bin/../lib/gcc/arm-none-eabi/6.3.1/../../../../arm-none-eabi/lib/thumb/v7e-m\libc.a(lib_a-mprec.o)
                0x004051c8                __mcmp
 .text.__mdiff  0x00405200      0x108 c:/program files (x86)/atmel/studio/7.0/toolchain/arm/arm-gnu-toolchain/bin/../lib/gcc/arm-none-eabi/6.3.1/../../../../arm-none-eabi/lib/thumb/v7e-m\libc.a(lib_a-mprec.o)
                0x00405200                __mdiff
 .text.__d2b    0x00405308       0xb8 c:/program files (x86)/atmel/studio/7.0/toolchain/arm/arm-gnu-toolchain/bin/../lib/gcc/arm-none-eabi/6.3.1/../../../../arm-none-eabi/lib/thumb/v7e-m\libc.a(lib_a-mprec.o)
                0x00405308                __d2b
 .text._sbrk_r  0x004053c0       0x24 c:/program files (x86)/atmel/studio/7.0/toolchain/arm/arm-gnu-toolchain/bin/../lib/gcc/arm-none-eabi/6.3.1/../../../../arm-none-eabi/lib/thumb/v7e-m\libc.a(lib_a-sbrkr.o)
                0x004053c0                _sbrk_r
 *fill*         0x004053e4       0x1c 
 .text          0x00405400       0xdc c:/program files (x86)/atmel/studio/7.0/toolchain/arm/arm-gnu-toolchain/bin/../lib/gcc/arm-none-eabi/6.3.1/../../../../arm-none-eabi/lib/thumb/v7e-m\libc.a(lib_a-strlen.o)
                0x00405400                strlen
 .text.__ssprint_r
                0x004054dc       0xfc c:/program files (x86)/atmel/studio/7.0/toolchain/arm/arm-gnu-toolchain/bin/../lib/gcc/arm-none-eabi/6.3.1/../../../../arm-none-eabi/lib/thumb/v7e-m\libc.a(lib_a-svfiprintf.o)
                0x004054dc                __ssprint_r
 .text.__register_exitproc
                0x004055d8       0xc4 c:/program files (x86)/atmel/studio/7.0/toolchain/arm/arm-gnu-toolchain/bin/../lib/gcc/arm-none-eabi/6.3.1/../../../../arm-none-eabi/lib/thumb/v7e-m\libc.a(lib_a-__atexit.o)
                0x004055d8                __register_exitproc
 .text._calloc_r
                0x0040569c       0x60 c:/program files (x86)/atmel/studio/7.0/toolchain/arm/arm-gnu-toolchain/bin/../lib/gcc/arm-none-eabi/6.3.1/../../../../arm-none-eabi/lib/thumb/v7e-m\libc.a(lib_a-callocr.o)
                0x0040569c                _calloc_r
 .text._malloc_trim_r
                0x004056fc       0xa0 c:/program files (x86)/atmel/studio/7.0/toolchain/arm/arm-gnu-toolchain/bin/../lib/gcc/arm-none-eabi/6.3.1/../../../../arm-none-eabi/lib/thumb/v7e-m\libc.a(lib_a-freer.o)
                0x004056fc                _malloc_trim_r
 .text._free_r  0x0040579c      0x1cc c:/program files (x86)/atmel/studio/7.0/toolchain/arm/arm-gnu-toolchain/bin/../lib/gcc/arm-none-eabi/6.3.1/../../../../arm-none-eabi/lib/thumb/v7e-m\libc.a(lib_a-freer.o)
                0x0040579c                _free_r
 .text.__ascii_mbtowc
                0x00405968       0x2c c:/program files (x86)/atmel/studio/7.0/toolchain/arm/arm-gnu-toolchain/bin/../lib/gcc/arm-none-eabi/6.3.1/../../../../arm-none-eabi/lib/thumb/v7e-m\libc.a(lib_a-mbtowc_r.o)
                0x00405968                __ascii_mbtowc
 .text.memmove  0x00405994       0xc8 c:/program files (x86)/atmel/studio/7.0/toolchain/arm/arm-gnu-toolchain/bin/../lib/gcc/arm-none-eabi/6.3.1/../../../../arm-none-eabi/lib/thumb/v7e-m\libc.a(lib_a-memmove.o)
                0x00405994                memmove
 .text._realloc_r
                0x00405a5c      0x34c c:/program files (x86)/atmel/studio/7.0/toolchain/arm/arm-gnu-toolchain/bin/../lib/gcc/arm-none-eabi/6.3.1/../../../../arm-none-eabi/lib/thumb/v7e-m\libc.a(lib_a-reallocr.o)
                0x00405a5c                _realloc_r
 .text.__ascii_wctomb
                0x00405da8       0x1c c:/program files (x86)/atmel/studio/7.0/toolchain/arm/arm-gnu-toolchain/bin/../lib/gcc/arm-none-eabi/6.3.1/../../../../arm-none-eabi/lib/thumb/v7e-m\libc.a(lib_a-wctomb_r.o)
                0x00405da8                __ascii_wctomb
 .text          0x00405dc4      0x110 c:/program files (x86)/atmel/studio/7.0/toolchain/arm/arm-gnu-toolchain/bin/../lib/gcc/arm-none-eabi/6.3.1/thumb/v7e-m\libgcc.a(_arm_cmpdf2.o)
                0x00405dc4                __gtdf2
                0x00405dc4                __gedf2
                0x00405dcc                __ltdf2
                0x00405dcc                __ledf2
                0x00405dd4                __nedf2
                0x00405dd4                __eqdf2
                0x00405dd4                __cmpdf2
                0x00405e50                __aeabi_cdrcmple
                0x00405e60                __aeabi_cdcmpeq
                0x00405e60                __aeabi_cdcmple
                0x00405e70                __aeabi_dcmpeq
                0x00405e84                __aeabi_dcmplt
                0x00405e98                __aeabi_dcmple
                0x00405eac                __aeabi_dcmpge
                0x00405ec0                __aeabi_dcmpgt
 .text          0x00405ed4       0x2c c:/program files (x86)/atmel/studio/7.0/toolchain/arm/arm-gnu-toolchain/bin/../lib/gcc/arm-none-eabi/6.3.1/thumb/v7e-m\libgcc.a(_arm_unorddf2.o)
                0x00405ed4                __unorddf2
                0x00405ed4                __aeabi_dcmpun
 .text          0x00405f00       0x50 c:/program files (x86)/atmel/studio/7.0/toolchain/arm/arm-gnu-toolchain/bin/../lib/gcc/arm-none-eabi/6.3.1/thumb/v7e-m\libgcc.a(_arm_fixdfsi.o)
                0x00405f00                __aeabi_d2iz
                0x00405f00                __fixdfsi
 .text          0x00405f50       0x30 c:/program files (x86)/atmel/studio/7.0/toolchain/arm/arm-gnu-toolchain/bin/../lib/gcc/arm-none-eabi/6.3.1/thumb/v7e-m\libgcc.a(_aeabi_uldivmod.o)
                0x00405f50                __aeabi_uldivmod
 .text          0x00405f80      0x2dc c:/program files (x86)/atmel/studio/7.0/toolchain/arm/arm-gnu-toolchain/bin/../lib/gcc/arm-none-eabi/6.3.1/thumb/v7e-m\libgcc.a(_udivmoddi4.o)
                0x00405f80                __udivmoddi4
 .text          0x0040625c        0x4 c:/program files (x86)/atmel/studio/7.0/toolchain/arm/arm-gnu-toolchain/bin/../lib/gcc/arm-none-eabi/6.3.1/thumb/v7e-m\libgcc.a(_dvmd_tls.o)
                0x0040625c                __aeabi_idiv0
                0x0040625c                __aeabi_ldiv0
 *(.glue_7t)
 .glue_7t       0x00406260        0x0 linker stubs
 *(.glue_7)
 .glue_7        0x00406260        0x0 linker stubs
 *(.rodata .rodata* .gnu.linkonce.r.*)
 .rodata.sysfont_glyphs
                0x00406260      0xa48 src/oled/sysfont.o
 .rodata.main.str1.4
                0x00406ca8       0x2a src/main.o
 *fill*         0x00406cd2        0x2 
 .rodata._global_impure_ptr
                0x00406cd4        0x4 c:/program files (x86)/atmel/studio/7.0/toolchain/arm/arm-gnu-toolchain/bin/../lib/gcc/arm-none-eabi/6.3.1/../../../../arm-none-eabi/lib/thumb/v7e-m\libc.a(lib_a-impure.o)
                0x00406cd4                _global_impure_ptr
 .rodata._svfprintf_r.str1.4
                0x00406cd8       0x42 c:/program files (x86)/atmel/studio/7.0/toolchain/arm/arm-gnu-toolchain/bin/../lib/gcc/arm-none-eabi/6.3.1/../../../../arm-none-eabi/lib/thumb/v7e-m\libc.a(lib_a-svfprintf.o)
 *fill*         0x00406d1a        0x2 
 .rodata.blanks.7223
                0x00406d1c       0x10 c:/program files (x86)/atmel/studio/7.0/toolchain/arm/arm-gnu-toolchain/bin/../lib/gcc/arm-none-eabi/6.3.1/../../../../arm-none-eabi/lib/thumb/v7e-m\libc.a(lib_a-svfprintf.o)
 .rodata.zeroes.7224
                0x00406d2c       0x10 c:/program files (x86)/atmel/studio/7.0/toolchain/arm/arm-gnu-toolchain/bin/../lib/gcc/arm-none-eabi/6.3.1/../../../../arm-none-eabi/lib/thumb/v7e-m\libc.a(lib_a-svfprintf.o)
 .rodata._dtoa_r.str1.4
                0x00406d3c       0x10 c:/program files (x86)/atmel/studio/7.0/toolchain/arm/arm-gnu-toolchain/bin/../lib/gcc/arm-none-eabi/6.3.1/../../../../arm-none-eabi/lib/thumb/v7e-m\libc.a(lib_a-dtoa.o)
                                 0x12 (size before relaxing)
 *fill*         0x00406d4c        0x4 
 .rodata.__mprec_bigtens
                0x00406d50       0x28 c:/program files (x86)/atmel/studio/7.0/toolchain/arm/arm-gnu-toolchain/bin/../lib/gcc/arm-none-eabi/6.3.1/../../../../arm-none-eabi/lib/thumb/v7e-m\libc.a(lib_a-mprec.o)
                0x00406d50                __mprec_bigtens
 .rodata.__mprec_tens
                0x00406d78       0xc8 c:/program files (x86)/atmel/studio/7.0/toolchain/arm/arm-gnu-toolchain/bin/../lib/gcc/arm-none-eabi/6.3.1/../../../../arm-none-eabi/lib/thumb/v7e-m\libc.a(lib_a-mprec.o)
                0x00406d78                __mprec_tens
 .rodata.p05.6055
                0x00406e40        0xc c:/program files (x86)/atmel/studio/7.0/toolchain/arm/arm-gnu-toolchain/bin/../lib/gcc/arm-none-eabi/6.3.1/../../../../arm-none-eabi/lib/thumb/v7e-m\libc.a(lib_a-mprec.o)
 .rodata._setlocale_r.str1.4
                0x00406e4c        0xa c:/program files (x86)/atmel/studio/7.0/toolchain/arm/arm-gnu-toolchain/bin/../lib/gcc/arm-none-eabi/6.3.1/../../../../arm-none-eabi/lib/thumb/v7e-m\libc.a(lib_a-locale.o)
                                  0xd (size before relaxing)
 *fill*         0x00406e56        0x2 
 .rodata.str1.4
                0x00406e58        0x4 c:/program files (x86)/atmel/studio/7.0/toolchain/arm/arm-gnu-toolchain/bin/../lib/gcc/arm-none-eabi/6.3.1/../../../../arm-none-eabi/lib/thumb/v7e-m\libc.a(lib_a-locale.o)
                                  0x2 (size before relaxing)
 .rodata._ctype_
                0x00406e5c      0x101 c:/program files (x86)/atmel/studio/7.0/toolchain/arm/arm-gnu-toolchain/bin/../lib/gcc/arm-none-eabi/6.3.1/../../../../arm-none-eabi/lib/thumb/v7e-m\libc.a(lib_a-ctype_.o)
                0x00406e5c                _ctype_
 *(.ARM.extab* .gnu.linkonce.armextab.*)
                0x00406f60                . = ALIGN (0x4)
 *fill*         0x00406f5d        0x3 
 *(.init)
 .init          0x00406f60        0x4 c:/program files (x86)/atmel/studio/7.0/toolchain/arm/arm-gnu-toolchain/bin/../lib/gcc/arm-none-eabi/6.3.1/thumb/v7e-m/crti.o
                0x00406f60                _init
 .init          0x00406f64        0x8 c:/program files (x86)/atmel/studio/7.0/toolchain/arm/arm-gnu-toolchain/bin/../lib/gcc/arm-none-eabi/6.3.1/thumb/v7e-m/crtn.o
                0x00406f6c                . = ALIGN (0x4)
                0x00406f6c                __preinit_array_start = .
 *(.preinit_array)
                0x00406f6c                __preinit_array_end = .
                0x00406f6c                . = ALIGN (0x4)
                0x00406f6c                __init_array_start = .
 *(SORT(.init_array.*))
 .init_array.00000
                0x00406f6c        0x4 c:/program files (x86)/atmel/studio/7.0/toolchain/arm/arm-gnu-toolchain/bin/../lib/gcc/arm-none-eabi/6.3.1/../../../../arm-none-eabi/lib/thumb/v7e-m\libc.a(lib_a-__call_atexit.o)
 *(.init_array)
 .init_array    0x00406f70        0x4 c:/program files (x86)/atmel/studio/7.0/toolchain/arm/arm-gnu-toolchain/bin/../lib/gcc/arm-none-eabi/6.3.1/thumb/v7e-m/crtbegin.o
                0x00406f74                __init_array_end = .
                0x00406f74                . = ALIGN (0x4)
 *crtbegin.o(.ctors)
 *(EXCLUDE_FILE(*crtend.o) .ctors)
 *(SORT(.ctors.*))
 *crtend.o(.ctors)
                0x00406f74                . = ALIGN (0x4)
 *(.fini)
 .fini          0x00406f74        0x4 c:/program files (x86)/atmel/studio/7.0/toolchain/arm/arm-gnu-toolchain/bin/../lib/gcc/arm-none-eabi/6.3.1/thumb/v7e-m/crti.o
                0x00406f74                _fini
 .fini          0x00406f78        0x8 c:/program files (x86)/atmel/studio/7.0/toolchain/arm/arm-gnu-toolchain/bin/../lib/gcc/arm-none-eabi/6.3.1/thumb/v7e-m/crtn.o
                0x00406f80                . = ALIGN (0x4)
                0x00406f80                __fini_array_start = .
 *(.fini_array)
 .fini_array    0x00406f80        0x4 c:/program files (x86)/atmel/studio/7.0/toolchain/arm/arm-gnu-toolchain/bin/../lib/gcc/arm-none-eabi/6.3.1/thumb/v7e-m/crtbegin.o
 *(SORT(.fini_array.*))
                0x00406f84                __fini_array_end = .
 *crtbegin.o(.dtors)
 *(EXCLUDE_FILE(*crtend.o) .dtors)
 *(SORT(.dtors.*))
 *crtend.o(.dtors)
                0x00406f84                . = ALIGN (0x4)
                0x00406f84                _efixed = .
                [!provide]                PROVIDE (__exidx_start, .)

.vfp11_veneer   0x00406f84        0x0
 .vfp11_veneer  0x00406f84        0x0 linker stubs

.v4_bx          0x00406f84        0x0
 .v4_bx         0x00406f84        0x0 linker stubs

.iplt           0x00406f84        0x0
 .iplt          0x00406f84        0x0 c:/program files (x86)/atmel/studio/7.0/toolchain/arm/arm-gnu-toolchain/bin/../lib/gcc/arm-none-eabi/6.3.1/thumb/v7e-m/crtbegin.o

.ARM.exidx      0x00406f84        0x8
 *(.ARM.exidx* .gnu.linkonce.armexidx.*)
 .ARM.exidx     0x00406f84        0x8 c:/program files (x86)/atmel/studio/7.0/toolchain/arm/arm-gnu-toolchain/bin/../lib/gcc/arm-none-eabi/6.3.1/thumb/v7e-m\libgcc.a(_udivmoddi4.o)
                [!provide]                PROVIDE (__exidx_end, .)

.eh_frame       0x00406f8c        0x0
 .eh_frame      0x00406f8c        0x0 c:/program files (x86)/atmel/studio/7.0/toolchain/arm/arm-gnu-toolchain/bin/../lib/gcc/arm-none-eabi/6.3.1/thumb/v7e-m/crtbegin.o

.rel.dyn        0x00406f8c        0x0
 .rel.iplt      0x00406f8c        0x0 c:/program files (x86)/atmel/studio/7.0/toolchain/arm/arm-gnu-toolchain/bin/../lib/gcc/arm-none-eabi/6.3.1/thumb/v7e-m/crtbegin.o

.jcr            0x00406f8c        0x0
 .jcr           0x00406f8c        0x0 c:/program files (x86)/atmel/studio/7.0/toolchain/arm/arm-gnu-toolchain/bin/../lib/gcc/arm-none-eabi/6.3.1/thumb/v7e-m/crtbegin.o

.igot.plt       0x00406f8c        0x0
 .igot.plt      0x00406f8c        0x0 c:/program files (x86)/atmel/studio/7.0/toolchain/arm/arm-gnu-toolchain/bin/../lib/gcc/arm-none-eabi/6.3.1/thumb/v7e-m/crtbegin.o
                0x00406f8c                . = ALIGN (0x4)
                0x00406f8c                _etext = .

.relocate       0x20400000      0x9d0 load address 0x00406f8c
                0x20400000                . = ALIGN (0x4)
                0x20400000                _srelocate = .
 *(.ramfunc .ramfunc.*)
 .ramfunc       0x20400000        0xa src/ASF/common/services/delay/sam/cycle_counter.o
                0x20400000                portable_delay_cycles
 *(.data .data.*)
 *fill*         0x2040000a        0x2 
 .data.sysfont  0x2040000c        0xc src/oled/sysfont.o
                0x2040000c                sysfont
 .data.g_interrupt_enabled
                0x20400018        0x1 src/ASF/common/utils/interrupt/interrupt_sam_nvic.o
                0x20400018                g_interrupt_enabled
 *fill*         0x20400019        0x3 
 .data.SystemCoreClock
                0x2040001c        0x4 src/ASF/sam/utils/cmsis/same70/source/templates/system_same70.o
                0x2040001c                SystemCoreClock
 .data.f        0x20400020        0x4 src/main.o
                0x20400020                f
 .data._impure_ptr
                0x20400024        0x4 c:/program files (x86)/atmel/studio/7.0/toolchain/arm/arm-gnu-toolchain/bin/../lib/gcc/arm-none-eabi/6.3.1/../../../../arm-none-eabi/lib/thumb/v7e-m\libc.a(lib_a-impure.o)
                0x20400024                _impure_ptr
 .data.impure_data
                0x20400028      0x428 c:/program files (x86)/atmel/studio/7.0/toolchain/arm/arm-gnu-toolchain/bin/../lib/gcc/arm-none-eabi/6.3.1/../../../../arm-none-eabi/lib/thumb/v7e-m\libc.a(lib_a-impure.o)
 .data.__atexit_recursive_mutex
                0x20400450        0x4 c:/program files (x86)/atmel/studio/7.0/toolchain/arm/arm-gnu-toolchain/bin/../lib/gcc/arm-none-eabi/6.3.1/../../../../arm-none-eabi/lib/thumb/v7e-m\libc.a(lib_a-__call_atexit.o)
                0x20400450                __atexit_recursive_mutex
 .data.__malloc_av_
                0x20400454      0x408 c:/program files (x86)/atmel/studio/7.0/toolchain/arm/arm-gnu-toolchain/bin/../lib/gcc/arm-none-eabi/6.3.1/../../../../arm-none-eabi/lib/thumb/v7e-m\libc.a(lib_a-mallocr.o)
                0x20400454                __malloc_av_
 .data.__malloc_sbrk_base
                0x2040085c        0x4 c:/program files (x86)/atmel/studio/7.0/toolchain/arm/arm-gnu-toolchain/bin/../lib/gcc/arm-none-eabi/6.3.1/../../../../arm-none-eabi/lib/thumb/v7e-m\libc.a(lib_a-mallocr.o)
                0x2040085c                __malloc_sbrk_base
 .data.__malloc_trim_threshold
                0x20400860        0x4 c:/program files (x86)/atmel/studio/7.0/toolchain/arm/arm-gnu-toolchain/bin/../lib/gcc/arm-none-eabi/6.3.1/../../../../arm-none-eabi/lib/thumb/v7e-m\libc.a(lib_a-mallocr.o)
                0x20400860                __malloc_trim_threshold
 .data.__global_locale
                0x20400864      0x16c c:/program files (x86)/atmel/studio/7.0/toolchain/arm/arm-gnu-toolchain/bin/../lib/gcc/arm-none-eabi/6.3.1/../../../../arm-none-eabi/lib/thumb/v7e-m\libc.a(lib_a-locale.o)
                0x20400864                __global_locale
                0x204009d0                . = ALIGN (0x4)
                0x204009d0                _erelocate = .

.bss            0x204009d0      0x310 load address 0x00407960
                0x204009d0                . = ALIGN (0x4)
                0x204009d0                _sbss = .
                0x204009d0                _szero = .
 *(.bss .bss.*)
 .bss           0x204009d0       0x1c c:/program files (x86)/atmel/studio/7.0/toolchain/arm/arm-gnu-toolchain/bin/../lib/gcc/arm-none-eabi/6.3.1/thumb/v7e-m/crtbegin.o
 .bss.g_wobits_in_rtt_mr
                0x204009ec        0x4 src/ASF/sam/drivers/rtt/rtt.o
 .bss.fbpointer
                0x204009f0        0x4 src/oled/gfx_mono_framebuffer.o
 .bss.framebuffer
                0x204009f4      0x200 src/oled/gfx_mono_ug_2832hsweg04.o
 .bss.gs_interrupt_sources
                0x20400bf4       0x70 src/ASF/sam/drivers/pio/pio_handler.o
 .bss.gs_ul_nb_sources
                0x20400c64        0x4 src/ASF/sam/drivers/pio/pio_handler.o
 .bss.b_is_sleep_clock_used
                0x20400c68        0x1 src/ASF/sam/drivers/pmc/sleep.o
 *fill*         0x20400c69        0x3 
 .bss.callback_clocks_restored
                0x20400c6c        0x4 src/ASF/sam/drivers/pmc/sleep.o
 .bss.heap.6420
                0x20400c70        0x4 src/ASF/sam/utils/syscalls/gcc/syscalls.o
 .bss.but1_flag
                0x20400c74        0x1 src/main.o
                0x20400c74                but1_flag
 .bss.but2_flag
                0x20400c75        0x1 src/main.o
                0x20400c75                but2_flag
 .bss.but3_flag
                0x20400c76        0x1 src/main.o
                0x20400c76                but3_flag
 *fill*         0x20400c77        0x1 
 .bss.__malloc_current_mallinfo
                0x20400c78       0x28 c:/program files (x86)/atmel/studio/7.0/toolchain/arm/arm-gnu-toolchain/bin/../lib/gcc/arm-none-eabi/6.3.1/../../../../arm-none-eabi/lib/thumb/v7e-m\libc.a(lib_a-mallocr.o)
                0x20400c78                __malloc_current_mallinfo
 .bss.__malloc_max_sbrked_mem
                0x20400ca0        0x4 c:/program files (x86)/atmel/studio/7.0/toolchain/arm/arm-gnu-toolchain/bin/../lib/gcc/arm-none-eabi/6.3.1/../../../../arm-none-eabi/lib/thumb/v7e-m\libc.a(lib_a-mallocr.o)
                0x20400ca0                __malloc_max_sbrked_mem
 .bss.__malloc_max_total_mem
                0x20400ca4        0x4 c:/program files (x86)/atmel/studio/7.0/toolchain/arm/arm-gnu-toolchain/bin/../lib/gcc/arm-none-eabi/6.3.1/../../../../arm-none-eabi/lib/thumb/v7e-m\libc.a(lib_a-mallocr.o)
                0x20400ca4                __malloc_max_total_mem
 .bss.__malloc_top_pad
                0x20400ca8        0x4 c:/program files (x86)/atmel/studio/7.0/toolchain/arm/arm-gnu-toolchain/bin/../lib/gcc/arm-none-eabi/6.3.1/../../../../arm-none-eabi/lib/thumb/v7e-m\libc.a(lib_a-mallocr.o)
                0x20400ca8                __malloc_top_pad
 *(COMMON)
 *fill*         0x20400cac        0x4 
 COMMON         0x20400cb0        0x8 src/main.o
                0x20400cb0                pulsos
 COMMON         0x20400cb8       0x21 c:/program files (x86)/atmel/studio/7.0/toolchain/arm/arm-gnu-toolchain/bin/../lib/gcc/arm-none-eabi/6.3.1/../../../../arm-none-eabi/lib/thumb/v7e-m\libc.a(lib_a-lock.o)
                0x20400cb8                __lock___atexit_recursive_mutex
                0x20400cbc                __lock___arc4random_mutex
                0x20400cc0                __lock___env_recursive_mutex
                0x20400cc4                __lock___sinit_recursive_mutex
                0x20400cc8                __lock___malloc_recursive_mutex
                0x20400ccc                __lock___at_quick_exit_mutex
                0x20400cd0                __lock___dd_hash_mutex
                0x20400cd4                __lock___tz_mutex
                0x20400cd8                __lock___sfp_recursive_mutex
 *fill*         0x20400cd9        0x3 
 COMMON         0x20400cdc        0x4 c:/program files (x86)/atmel/studio/7.0/toolchain/arm/arm-gnu-toolchain/bin/../lib/gcc/arm-none-eabi/6.3.1/../../../../arm-none-eabi/lib/thumb/v7e-m\libc.a(lib_a-reent.o)
                0x20400cdc                errno
                0x20400ce0                . = ALIGN (0x4)
                0x20400ce0                _ebss = .
                0x20400ce0                _ezero = .

.stack          0x20400ce0     0x2000 load address 0x00407c70
                0x20400ce0                . = ALIGN (0x8)
                0x20400ce0                _sstack = .
                0x20402ce0                . = (. + STACK_SIZE)
 *fill*         0x20400ce0     0x2000 
                0x20402ce0                . = ALIGN (0x8)
                0x20402ce0                _estack = .

.heap           0x20402ce0      0x200 load address 0x00409c70
                0x20402ce0                . = ALIGN (0x8)
                0x20402ce0                _sheap = .
                0x20402ee0                . = (. + HEAP_SIZE)
 *fill*         0x20402ce0      0x200 
                0x20402ee0                . = ALIGN (0x8)
                0x20402ee0                _eheap = .
                0x20402ee0                . = ALIGN (0x4)
                0x20402ee0                _end = .
                0x2045ffff                _ram_end_ = ((ORIGIN (ram) + LENGTH (ram)) - 0x1)
OUTPUT(OLED1.elf elf32-littlearm)

.ARM.attributes
                0x00000000       0x2e
 .ARM.attributes
                0x00000000       0x1e c:/program files (x86)/atmel/studio/7.0/toolchain/arm/arm-gnu-toolchain/bin/../lib/gcc/arm-none-eabi/6.3.1/thumb/v7e-m/crti.o
 .ARM.attributes
                0x0000001e       0x2e c:/program files (x86)/atmel/studio/7.0/toolchain/arm/arm-gnu-toolchain/bin/../lib/gcc/arm-none-eabi/6.3.1/thumb/v7e-m/crtbegin.o
 .ARM.attributes
                0x0000004c       0x37 src/ASF/sam/drivers/rtt/rtt.o
 .ARM.attributes
                0x00000083       0x37 src/ASF/sam/drivers/spi/spi.o
 .ARM.attributes
                0x000000ba       0x37 src/oled/gfx_mono_framebuffer.o
 .ARM.attributes
                0x000000f1       0x37 src/oled/gfx_mono_generic.o
 .ARM.attributes
                0x00000128       0x37 src/oled/gfx_mono_text.o
 .ARM.attributes
                0x0000015f       0x37 src/oled/gfx_mono_ug_2832hsweg04.o
 .ARM.attributes
                0x00000196       0x37 src/oled/ssd1306.o
 .ARM.attributes
                0x000001cd       0x37 src/oled/sysfont.o
 .ARM.attributes
                0x00000204       0x37 src/ASF/common/services/delay/sam/cycle_counter.o
 .ARM.attributes
                0x0000023b       0x37 src/ASF/common/services/clock/same70/sysclk.o
 .ARM.attributes
                0x00000272       0x37 src/ASF/common/utils/interrupt/interrupt_sam_nvic.o
 .ARM.attributes
                0x000002a9       0x37 src/ASF/sam/boards/same70_xplained/init.o
 .ARM.attributes
                0x000002e0       0x37 src/ASF/sam/drivers/pio/pio.o
 .ARM.attributes
                0x00000317       0x37 src/ASF/sam/drivers/pio/pio_handler.o
 .ARM.attributes
                0x0000034e       0x37 src/ASF/sam/drivers/pmc/pmc.o
 .ARM.attributes
                0x00000385       0x37 src/ASF/sam/drivers/pmc/sleep.o
 .ARM.attributes
                0x000003bc       0x37 src/ASF/sam/utils/cmsis/same70/source/templates/gcc/startup_same70.o
 .ARM.attributes
                0x000003f3       0x37 src/ASF/sam/utils/cmsis/same70/source/templates/system_same70.o
 .ARM.attributes
                0x0000042a       0x37 src/ASF/sam/utils/syscalls/gcc/syscalls.o
 .ARM.attributes
                0x00000461       0x37 src/main.o
 .ARM.attributes
                0x00000498       0x1e c:/program files (x86)/atmel/studio/7.0/toolchain/arm/arm-gnu-toolchain/bin/../lib/gcc/arm-none-eabi/6.3.1/thumb/v7e-m\libgcc.a(_arm_addsubdf3.o)
 .ARM.attributes
                0x000004b6       0x1e c:/program files (x86)/atmel/studio/7.0/toolchain/arm/arm-gnu-toolchain/bin/../lib/gcc/arm-none-eabi/6.3.1/thumb/v7e-m\libgcc.a(_arm_muldivdf3.o)
 .ARM.attributes
                0x000004d4       0x1e c:/program files (x86)/atmel/studio/7.0/toolchain/arm/arm-gnu-toolchain/bin/../lib/gcc/arm-none-eabi/6.3.1/thumb/v7e-m\libgcc.a(_arm_truncdfsf2.o)
 .ARM.attributes
                0x000004f2       0x2e c:/program files (x86)/atmel/studio/7.0/toolchain/arm/arm-gnu-toolchain/bin/../lib/gcc/arm-none-eabi/6.3.1/../../../../arm-none-eabi/lib/thumb/v7e-m\libc.a(lib_a-impure.o)
 .ARM.attributes
                0x00000520       0x2e c:/program files (x86)/atmel/studio/7.0/toolchain/arm/arm-gnu-toolchain/bin/../lib/gcc/arm-none-eabi/6.3.1/../../../../arm-none-eabi/lib/thumb/v7e-m\libc.a(lib_a-init.o)
 .ARM.attributes
                0x0000054e       0x2e c:/program files (x86)/atmel/studio/7.0/toolchain/arm/arm-gnu-toolchain/bin/../lib/gcc/arm-none-eabi/6.3.1/../../../../arm-none-eabi/lib/thumb/v7e-m\libc.a(lib_a-memset.o)
 .ARM.attributes
                0x0000057c       0x2e c:/program files (x86)/atmel/studio/7.0/toolchain/arm/arm-gnu-toolchain/bin/../lib/gcc/arm-none-eabi/6.3.1/../../../../arm-none-eabi/lib/thumb/v7e-m\libc.a(lib_a-sprintf.o)
 .ARM.attributes
                0x000005aa       0x2e c:/program files (x86)/atmel/studio/7.0/toolchain/arm/arm-gnu-toolchain/bin/../lib/gcc/arm-none-eabi/6.3.1/../../../../arm-none-eabi/lib/thumb/v7e-m\libc.a(lib_a-svfprintf.o)
 .ARM.attributes
                0x000005d8       0x2e c:/program files (x86)/atmel/studio/7.0/toolchain/arm/arm-gnu-toolchain/bin/../lib/gcc/arm-none-eabi/6.3.1/../../../../arm-none-eabi/lib/thumb/v7e-m\libc.a(lib_a-__call_atexit.o)
 .ARM.attributes
                0x00000606       0x2e c:/program files (x86)/atmel/studio/7.0/toolchain/arm/arm-gnu-toolchain/bin/../lib/gcc/arm-none-eabi/6.3.1/../../../../arm-none-eabi/lib/thumb/v7e-m\libc.a(lib_a-atexit.o)
 .ARM.attributes
                0x00000634       0x2e c:/program files (x86)/atmel/studio/7.0/toolchain/arm/arm-gnu-toolchain/bin/../lib/gcc/arm-none-eabi/6.3.1/../../../../arm-none-eabi/lib/thumb/v7e-m\libc.a(lib_a-dtoa.o)
 .ARM.attributes
                0x00000662       0x2e c:/program files (x86)/atmel/studio/7.0/toolchain/arm/arm-gnu-toolchain/bin/../lib/gcc/arm-none-eabi/6.3.1/../../../../arm-none-eabi/lib/thumb/v7e-m\libc.a(lib_a-fini.o)
 .ARM.attributes
                0x00000690       0x2e c:/program files (x86)/atmel/studio/7.0/toolchain/arm/arm-gnu-toolchain/bin/../lib/gcc/arm-none-eabi/6.3.1/../../../../arm-none-eabi/lib/thumb/v7e-m\libc.a(lib_a-localeconv.o)
 .ARM.attributes
                0x000006be       0x2e c:/program files (x86)/atmel/studio/7.0/toolchain/arm/arm-gnu-toolchain/bin/../lib/gcc/arm-none-eabi/6.3.1/../../../../arm-none-eabi/lib/thumb/v7e-m\libc.a(lib_a-lock.o)
 .ARM.attributes
                0x000006ec       0x2e c:/program files (x86)/atmel/studio/7.0/toolchain/arm/arm-gnu-toolchain/bin/../lib/gcc/arm-none-eabi/6.3.1/../../../../arm-none-eabi/lib/thumb/v7e-m\libc.a(lib_a-mallocr.o)
 .ARM.attributes
                0x0000071a       0x1c c:/program files (x86)/atmel/studio/7.0/toolchain/arm/arm-gnu-toolchain/bin/../lib/gcc/arm-none-eabi/6.3.1/../../../../arm-none-eabi/lib/thumb/v7e-m\libc.a(lib_a-memchr.o)
 .ARM.attributes
                0x00000736       0x1c c:/program files (x86)/atmel/studio/7.0/toolchain/arm/arm-gnu-toolchain/bin/../lib/gcc/arm-none-eabi/6.3.1/../../../../arm-none-eabi/lib/thumb/v7e-m\libc.a(lib_a-memcpy.o)
 .ARM.attributes
                0x00000752       0x2e c:/program files (x86)/atmel/studio/7.0/toolchain/arm/arm-gnu-toolchain/bin/../lib/gcc/arm-none-eabi/6.3.1/../../../../arm-none-eabi/lib/thumb/v7e-m\libc.a(lib_a-mlock.o)
 .ARM.attributes
                0x00000780       0x2e c:/program files (x86)/atmel/studio/7.0/toolchain/arm/arm-gnu-toolchain/bin/../lib/gcc/arm-none-eabi/6.3.1/../../../../arm-none-eabi/lib/thumb/v7e-m\libc.a(lib_a-mprec.o)
 .ARM.attributes
                0x000007ae       0x2e c:/program files (x86)/atmel/studio/7.0/toolchain/arm/arm-gnu-toolchain/bin/../lib/gcc/arm-none-eabi/6.3.1/../../../../arm-none-eabi/lib/thumb/v7e-m\libc.a(lib_a-sbrkr.o)
 .ARM.attributes
                0x000007dc       0x1c c:/program files (x86)/atmel/studio/7.0/toolchain/arm/arm-gnu-toolchain/bin/../lib/gcc/arm-none-eabi/6.3.1/../../../../arm-none-eabi/lib/thumb/v7e-m\libc.a(lib_a-strlen.o)
 .ARM.attributes
                0x000007f8       0x2e c:/program files (x86)/atmel/studio/7.0/toolchain/arm/arm-gnu-toolchain/bin/../lib/gcc/arm-none-eabi/6.3.1/../../../../arm-none-eabi/lib/thumb/v7e-m\libc.a(lib_a-svfiprintf.o)
 .ARM.attributes
                0x00000826       0x2e c:/program files (x86)/atmel/studio/7.0/toolchain/arm/arm-gnu-toolchain/bin/../lib/gcc/arm-none-eabi/6.3.1/../../../../arm-none-eabi/lib/thumb/v7e-m\libc.a(lib_a-__atexit.o)
 .ARM.attributes
                0x00000854       0x2e c:/program files (x86)/atmel/studio/7.0/toolchain/arm/arm-gnu-toolchain/bin/../lib/gcc/arm-none-eabi/6.3.1/../../../../arm-none-eabi/lib/thumb/v7e-m\libc.a(lib_a-callocr.o)
 .ARM.attributes
                0x00000882       0x2e c:/program files (x86)/atmel/studio/7.0/toolchain/arm/arm-gnu-toolchain/bin/../lib/gcc/arm-none-eabi/6.3.1/../../../../arm-none-eabi/lib/thumb/v7e-m\libc.a(lib_a-freer.o)
 .ARM.attributes
                0x000008b0       0x2e c:/program files (x86)/atmel/studio/7.0/toolchain/arm/arm-gnu-toolchain/bin/../lib/gcc/arm-none-eabi/6.3.1/../../../../arm-none-eabi/lib/thumb/v7e-m\libc.a(lib_a-locale.o)
 .ARM.attributes
                0x000008de       0x2e c:/program files (x86)/atmel/studio/7.0/toolchain/arm/arm-gnu-toolchain/bin/../lib/gcc/arm-none-eabi/6.3.1/../../../../arm-none-eabi/lib/thumb/v7e-m\libc.a(lib_a-mbtowc_r.o)
 .ARM.attributes
                0x0000090c       0x2e c:/program files (x86)/atmel/studio/7.0/toolchain/arm/arm-gnu-toolchain/bin/../lib/gcc/arm-none-eabi/6.3.1/../../../../arm-none-eabi/lib/thumb/v7e-m\libc.a(lib_a-memmove.o)
 .ARM.attributes
                0x0000093a       0x2e c:/program files (x86)/atmel/studio/7.0/toolchain/arm/arm-gnu-toolchain/bin/../lib/gcc/arm-none-eabi/6.3.1/../../../../arm-none-eabi/lib/thumb/v7e-m\libc.a(lib_a-reallocr.o)
 .ARM.attributes
                0x00000968       0x2e c:/program files (x86)/atmel/studio/7.0/toolchain/arm/arm-gnu-toolchain/bin/../lib/gcc/arm-none-eabi/6.3.1/../../../../arm-none-eabi/lib/thumb/v7e-m\libc.a(lib_a-reent.o)
 .ARM.attributes
                0x00000996       0x2e c:/program files (x86)/atmel/studio/7.0/toolchain/arm/arm-gnu-toolchain/bin/../lib/gcc/arm-none-eabi/6.3.1/../../../../arm-none-eabi/lib/thumb/v7e-m\libc.a(lib_a-wctomb_r.o)
 .ARM.attributes
                0x000009c4       0x2e c:/program files (x86)/atmel/studio/7.0/toolchain/arm/arm-gnu-toolchain/bin/../lib/gcc/arm-none-eabi/6.3.1/../../../../arm-none-eabi/lib/thumb/v7e-m\libc.a(lib_a-ctype_.o)
 .ARM.attributes
                0x000009f2       0x1e c:/program files (x86)/atmel/studio/7.0/toolchain/arm/arm-gnu-toolchain/bin/../lib/gcc/arm-none-eabi/6.3.1/thumb/v7e-m\libgcc.a(_arm_cmpdf2.o)
 .ARM.attributes
                0x00000a10       0x1e c:/program files (x86)/atmel/studio/7.0/toolchain/arm/arm-gnu-toolchain/bin/../lib/gcc/arm-none-eabi/6.3.1/thumb/v7e-m\libgcc.a(_arm_unorddf2.o)
 .ARM.attributes
                0x00000a2e       0x1e c:/program files (x86)/atmel/studio/7.0/toolchain/arm/arm-gnu-toolchain/bin/../lib/gcc/arm-none-eabi/6.3.1/thumb/v7e-m\libgcc.a(_arm_fixdfsi.o)
 .ARM.attributes
                0x00000a4c       0x1e c:/program files (x86)/atmel/studio/7.0/toolchain/arm/arm-gnu-toolchain/bin/../lib/gcc/arm-none-eabi/6.3.1/thumb/v7e-m\libgcc.a(_aeabi_uldivmod.o)
 .ARM.attributes
                0x00000a6a       0x2e c:/program files (x86)/atmel/studio/7.0/toolchain/arm/arm-gnu-toolchain/bin/../lib/gcc/arm-none-eabi/6.3.1/thumb/v7e-m\libgcc.a(_udivmoddi4.o)
 .ARM.attributes
                0x00000a98       0x1e c:/program files (x86)/atmel/studio/7.0/toolchain/arm/arm-gnu-toolchain/bin/../lib/gcc/arm-none-eabi/6.3.1/thumb/v7e-m\libgcc.a(_dvmd_tls.o)
 .ARM.attributes
                0x00000ab6       0x1e c:/program files (x86)/atmel/studio/7.0/toolchain/arm/arm-gnu-toolchain/bin/../lib/gcc/arm-none-eabi/6.3.1/thumb/v7e-m/crtn.o

.comment        0x00000000       0x59
 .comment       0x00000000       0x59 src/ASF/sam/drivers/rtt/rtt.o
                                 0x5a (size before relaxing)
 .comment       0x00000059       0x5a src/ASF/sam/drivers/spi/spi.o
 .comment       0x00000059       0x5a src/oled/gfx_mono_framebuffer.o
 .comment       0x00000059       0x5a src/oled/gfx_mono_generic.o
 .comment       0x00000059       0x5a src/oled/gfx_mono_text.o
 .comment       0x00000059       0x5a src/oled/gfx_mono_ug_2832hsweg04.o
 .comment       0x00000059       0x5a src/oled/ssd1306.o
 .comment       0x00000059       0x5a src/oled/sysfont.o
 .comment       0x00000059       0x5a src/ASF/common/services/delay/sam/cycle_counter.o
 .comment       0x00000059       0x5a src/ASF/common/services/clock/same70/sysclk.o
 .comment       0x00000059       0x5a src/ASF/common/utils/interrupt/interrupt_sam_nvic.o
 .comment       0x00000059       0x5a src/ASF/sam/boards/same70_xplained/init.o
 .comment       0x00000059       0x5a src/ASF/sam/drivers/pio/pio.o
 .comment       0x00000059       0x5a src/ASF/sam/drivers/pio/pio_handler.o
 .comment       0x00000059       0x5a src/ASF/sam/drivers/pmc/pmc.o
 .comment       0x00000059       0x5a src/ASF/sam/drivers/pmc/sleep.o
 .comment       0x00000059       0x5a src/ASF/sam/utils/cmsis/same70/source/templates/gcc/startup_same70.o
 .comment       0x00000059       0x5a src/ASF/sam/utils/cmsis/same70/source/templates/system_same70.o
 .comment       0x00000059       0x5a src/ASF/sam/utils/syscalls/gcc/syscalls.o
 .comment       0x00000059       0x5a src/main.o

.debug_info     0x00000000    0x18a8f
 .debug_info    0x00000000      0xcd1 src/ASF/sam/drivers/rtt/rtt.o
 .debug_info    0x00000cd1     0x115d src/ASF/sam/drivers/spi/spi.o
 .debug_info    0x00001e2e      0xdd2 src/oled/gfx_mono_framebuffer.o
 .debug_info    0x00002c00     0x157d src/oled/gfx_mono_generic.o
 .debug_info    0x0000417d      0xf6a src/oled/gfx_mono_text.o
 .debug_info    0x000050e7     0x11a0 src/oled/gfx_mono_ug_2832hsweg04.o
 .debug_info    0x00006287     0x1fae src/oled/ssd1306.o
 .debug_info    0x00008235      0xb06 src/oled/sysfont.o
 .debug_info    0x00008d3b      0xa45 src/ASF/common/services/delay/sam/cycle_counter.o
 .debug_info    0x00009780     0x1267 src/ASF/common/services/clock/same70/sysclk.o
 .debug_info    0x0000a9e7      0xb01 src/ASF/common/utils/interrupt/interrupt_sam_nvic.o
 .debug_info    0x0000b4e8     0x1bd7 src/ASF/sam/boards/same70_xplained/init.o
 .debug_info    0x0000d0bf     0x2150 src/ASF/sam/drivers/pio/pio.o
 .debug_info    0x0000f20f     0x1b22 src/ASF/sam/drivers/pio/pio_handler.o
 .debug_info    0x00010d31     0x1e0e src/ASF/sam/drivers/pmc/pmc.o
 .debug_info    0x00012b3f     0x165a src/ASF/sam/drivers/pmc/sleep.o
 .debug_info    0x00014199     0x156a src/ASF/sam/utils/cmsis/same70/source/templates/gcc/startup_same70.o
 .debug_info    0x00015703      0x55b src/ASF/sam/utils/cmsis/same70/source/templates/system_same70.o
 .debug_info    0x00015c5e      0xdb0 src/ASF/sam/utils/syscalls/gcc/syscalls.o
 .debug_info    0x00016a0e     0x2081 src/main.o

.debug_abbrev   0x00000000     0x38be
 .debug_abbrev  0x00000000      0x256 src/ASF/sam/drivers/rtt/rtt.o
 .debug_abbrev  0x00000256      0x3a5 src/ASF/sam/drivers/spi/spi.o
 .debug_abbrev  0x000005fb      0x284 src/oled/gfx_mono_framebuffer.o
 .debug_abbrev  0x0000087f      0x2a2 src/oled/gfx_mono_generic.o
 .debug_abbrev  0x00000b21      0x30a src/oled/gfx_mono_text.o
 .debug_abbrev  0x00000e2b      0x34b src/oled/gfx_mono_ug_2832hsweg04.o
 .debug_abbrev  0x00001176      0x35e src/oled/ssd1306.o
 .debug_abbrev  0x000014d4      0x1b6 src/oled/sysfont.o
 .debug_abbrev  0x0000168a      0x1b3 src/ASF/common/services/delay/sam/cycle_counter.o
 .debug_abbrev  0x0000183d      0x31f src/ASF/common/services/clock/same70/sysclk.o
 .debug_abbrev  0x00001b5c      0x212 src/ASF/common/utils/interrupt/interrupt_sam_nvic.o
 .debug_abbrev  0x00001d6e      0x368 src/ASF/sam/boards/same70_xplained/init.o
 .debug_abbrev  0x000020d6      0x410 src/ASF/sam/drivers/pio/pio.o
 .debug_abbrev  0x000024e6      0x32f src/ASF/sam/drivers/pio/pio_handler.o
 .debug_abbrev  0x00002815      0x369 src/ASF/sam/drivers/pmc/pmc.o
 .debug_abbrev  0x00002b7e      0x32b src/ASF/sam/drivers/pmc/sleep.o
 .debug_abbrev  0x00002ea9      0x2e4 src/ASF/sam/utils/cmsis/same70/source/templates/gcc/startup_same70.o
 .debug_abbrev  0x0000318d      0x102 src/ASF/sam/utils/cmsis/same70/source/templates/system_same70.o
 .debug_abbrev  0x0000328f      0x264 src/ASF/sam/utils/syscalls/gcc/syscalls.o
 .debug_abbrev  0x000034f3      0x3cb src/main.o

.debug_loc      0x00000000     0x585d
 .debug_loc     0x00000000      0x1c7 src/ASF/sam/drivers/rtt/rtt.o
 .debug_loc     0x000001c7      0x610 src/ASF/sam/drivers/spi/spi.o
 .debug_loc     0x000007d7      0x506 src/oled/gfx_mono_framebuffer.o
 .debug_loc     0x00000cdd      0xda8 src/oled/gfx_mono_generic.o
 .debug_loc     0x00001a85      0x66a src/oled/gfx_mono_text.o
 .debug_loc     0x000020ef      0x6ee src/oled/gfx_mono_ug_2832hsweg04.o
 .debug_loc     0x000027dd      0x365 src/oled/ssd1306.o
 .debug_loc     0x00002b42      0x183 src/ASF/common/services/clock/same70/sysclk.o
 .debug_loc     0x00002cc5      0x1e7 src/ASF/sam/boards/same70_xplained/init.o
 .debug_loc     0x00002eac      0xea4 src/ASF/sam/drivers/pio/pio.o
 .debug_loc     0x00003d50      0x588 src/ASF/sam/drivers/pio/pio_handler.o
 .debug_loc     0x000042d8      0xce3 src/ASF/sam/drivers/pmc/pmc.o
 .debug_loc     0x00004fbb      0x389 src/ASF/sam/drivers/pmc/sleep.o
 .debug_loc     0x00005344       0x77 src/ASF/sam/utils/cmsis/same70/source/templates/gcc/startup_same70.o
 .debug_loc     0x000053bb       0xfd src/ASF/sam/utils/syscalls/gcc/syscalls.o
 .debug_loc     0x000054b8      0x3a5 src/main.o

.debug_aranges  0x00000000      0x8c8
 .debug_aranges
                0x00000000       0x60 src/ASF/sam/drivers/rtt/rtt.o
 .debug_aranges
                0x00000060       0x90 src/ASF/sam/drivers/spi/spi.o
 .debug_aranges
                0x000000f0       0x58 src/oled/gfx_mono_framebuffer.o
 .debug_aranges
                0x00000148       0x58 src/oled/gfx_mono_generic.o
 .debug_aranges
                0x000001a0       0x40 src/oled/gfx_mono_text.o
 .debug_aranges
                0x000001e0       0x60 src/oled/gfx_mono_ug_2832hsweg04.o
 .debug_aranges
                0x00000240       0x30 src/oled/ssd1306.o
 .debug_aranges
                0x00000270       0x18 src/oled/sysfont.o
 .debug_aranges
                0x00000288       0x20 src/ASF/common/services/delay/sam/cycle_counter.o
 .debug_aranges
                0x000002a8       0x40 src/ASF/common/services/clock/same70/sysclk.o
 .debug_aranges
                0x000002e8       0x28 src/ASF/common/utils/interrupt/interrupt_sam_nvic.o
 .debug_aranges
                0x00000310       0x20 src/ASF/sam/boards/same70_xplained/init.o
 .debug_aranges
                0x00000330      0x1a8 src/ASF/sam/drivers/pio/pio.o
 .debug_aranges
                0x000004d8       0x60 src/ASF/sam/drivers/pio/pio_handler.o
 .debug_aranges
                0x00000538      0x250 src/ASF/sam/drivers/pmc/pmc.o
 .debug_aranges
                0x00000788       0x30 src/ASF/sam/drivers/pmc/sleep.o
 .debug_aranges
                0x000007b8       0x28 src/ASF/sam/utils/cmsis/same70/source/templates/gcc/startup_same70.o
 .debug_aranges
                0x000007e0       0x30 src/ASF/sam/utils/cmsis/same70/source/templates/system_same70.o
 .debug_aranges
                0x00000810       0x60 src/ASF/sam/utils/syscalls/gcc/syscalls.o
 .debug_aranges
                0x00000870       0x58 src/main.o

.debug_ranges   0x00000000      0x930
 .debug_ranges  0x00000000       0x50 src/ASF/sam/drivers/rtt/rtt.o
 .debug_ranges  0x00000050       0x80 src/ASF/sam/drivers/spi/spi.o
 .debug_ranges  0x000000d0       0x48 src/oled/gfx_mono_framebuffer.o
 .debug_ranges  0x00000118       0x48 src/oled/gfx_mono_generic.o
 .debug_ranges  0x00000160       0x48 src/oled/gfx_mono_text.o
 .debug_ranges  0x000001a8       0x80 src/oled/gfx_mono_ug_2832hsweg04.o
 .debug_ranges  0x00000228       0x20 src/oled/ssd1306.o
 .debug_ranges  0x00000248       0x10 src/ASF/common/services/delay/sam/cycle_counter.o
 .debug_ranges  0x00000258       0x30 src/ASF/common/services/clock/same70/sysclk.o
 .debug_ranges  0x00000288       0x18 src/ASF/common/utils/interrupt/interrupt_sam_nvic.o
 .debug_ranges  0x000002a0       0x10 src/ASF/sam/boards/same70_xplained/init.o
 .debug_ranges  0x000002b0      0x2a0 src/ASF/sam/drivers/pio/pio.o
 .debug_ranges  0x00000550       0x68 src/ASF/sam/drivers/pio/pio_handler.o
 .debug_ranges  0x000005b8      0x240 src/ASF/sam/drivers/pmc/pmc.o
 .debug_ranges  0x000007f8       0x50 src/ASF/sam/drivers/pmc/sleep.o
 .debug_ranges  0x00000848       0x18 src/ASF/sam/utils/cmsis/same70/source/templates/gcc/startup_same70.o
 .debug_ranges  0x00000860       0x20 src/ASF/sam/utils/cmsis/same70/source/templates/system_same70.o
 .debug_ranges  0x00000880       0x50 src/ASF/sam/utils/syscalls/gcc/syscalls.o
 .debug_ranges  0x000008d0       0x60 src/main.o

.debug_macro    0x00000000     0xa2b4
 .debug_macro   0x00000000      0x660 src/ASF/sam/drivers/rtt/rtt.o
 .debug_macro   0x00000660      0x6d9 src/ASF/sam/drivers/spi/spi.o
 .debug_macro   0x00000d39       0x10 src/ASF/sam/drivers/spi/spi.o
 .debug_macro   0x00000d49       0x3a src/ASF/sam/drivers/spi/spi.o
 .debug_macro   0x00000d83      0x2c6 src/ASF/sam/drivers/spi/spi.o
 .debug_macro   0x00001049      0xa96 src/ASF/sam/drivers/spi/spi.o
 .debug_macro   0x00001adf       0x70 src/ASF/sam/drivers/spi/spi.o
 .debug_macro   0x00001b4f       0x64 src/ASF/sam/drivers/spi/spi.o
 .debug_macro   0x00001bb3       0x5f src/ASF/sam/drivers/spi/spi.o
 .debug_macro   0x00001c12       0xac src/ASF/sam/drivers/spi/spi.o
 .debug_macro   0x00001cbe      0x7e6 src/oled/gfx_mono_framebuffer.o
 .debug_macro   0x000024a4       0x50 src/oled/gfx_mono_framebuffer.o
 .debug_macro   0x000024f4       0x22 src/oled/gfx_mono_framebuffer.o
 .debug_macro   0x00002516       0x7b src/oled/gfx_mono_framebuffer.o
 .debug_macro   0x00002591       0x28 src/oled/gfx_mono_framebuffer.o
 .debug_macro   0x000025b9       0x23 src/oled/gfx_mono_framebuffer.o
 .debug_macro   0x000025dc       0x94 src/oled/gfx_mono_framebuffer.o
 .debug_macro   0x00002670       0x40 src/oled/gfx_mono_framebuffer.o
 .debug_macro   0x000026b0       0x88 src/oled/gfx_mono_framebuffer.o
 .debug_macro   0x00002738      0x1ce src/oled/gfx_mono_framebuffer.o
 .debug_macro   0x00002906       0x34 src/oled/gfx_mono_framebuffer.o
 .debug_macro   0x0000293a       0x16 src/oled/gfx_mono_framebuffer.o
 .debug_macro   0x00002950       0x1c src/oled/gfx_mono_framebuffer.o
 .debug_macro   0x0000296c       0x16 src/oled/gfx_mono_framebuffer.o
 .debug_macro   0x00002982       0x28 src/oled/gfx_mono_framebuffer.o
 .debug_macro   0x000029aa       0xd1 src/oled/gfx_mono_framebuffer.o
 .debug_macro   0x00002a7b       0x8b src/oled/gfx_mono_framebuffer.o
 .debug_macro   0x00002b06      0x7e6 src/oled/gfx_mono_generic.o
 .debug_macro   0x000032ec      0x7ff src/oled/gfx_mono_text.o
 .debug_macro   0x00003aeb      0x7ea src/oled/gfx_mono_ug_2832hsweg04.o
 .debug_macro   0x000042d5       0x28 src/oled/gfx_mono_ug_2832hsweg04.o
 .debug_macro   0x000042fd      0x7c0 src/oled/ssd1306.o
 .debug_macro   0x00004abd      0x69c src/oled/sysfont.o
 .debug_macro   0x00005159       0x3a src/oled/sysfont.o
 .debug_macro   0x00005193      0x665 src/ASF/common/services/delay/sam/cycle_counter.o
 .debug_macro   0x000057f8       0x22 src/ASF/common/services/delay/sam/cycle_counter.o
 .debug_macro   0x0000581a      0x6d1 src/ASF/common/services/clock/same70/sysclk.o
 .debug_macro   0x00005eeb      0x2c0 src/ASF/common/services/clock/same70/sysclk.o
 .debug_macro   0x000061ab      0x655 src/ASF/common/utils/interrupt/interrupt_sam_nvic.o
 .debug_macro   0x00006800      0x70b src/ASF/sam/boards/same70_xplained/init.o
 .debug_macro   0x00006f0b       0x82 src/ASF/sam/boards/same70_xplained/init.o
 .debug_macro   0x00006f8d      0x66b src/ASF/sam/drivers/pio/pio.o
 .debug_macro   0x000075f8       0x8e src/ASF/sam/drivers/pio/pio.o
 .debug_macro   0x00007686      0x676 src/ASF/sam/drivers/pio/pio_handler.o
 .debug_macro   0x00007cfc      0x66b src/ASF/sam/drivers/pmc/pmc.o
 .debug_macro   0x00008367       0x6a src/ASF/sam/drivers/pmc/pmc.o
 .debug_macro   0x000083d1      0x684 src/ASF/sam/drivers/pmc/sleep.o
 .debug_macro   0x00008a55      0x664 src/ASF/sam/utils/cmsis/same70/source/templates/gcc/startup_same70.o
 .debug_macro   0x000090b9       0x10 src/ASF/sam/utils/cmsis/same70/source/templates/gcc/startup_same70.o
 .debug_macro   0x000090c9      0x455 src/ASF/sam/utils/cmsis/same70/source/templates/system_same70.o
 .debug_macro   0x0000951e      0x1d6 src/ASF/sam/utils/syscalls/gcc/syscalls.o
 .debug_macro   0x000096f4       0x97 src/ASF/sam/utils/syscalls/gcc/syscalls.o
 .debug_macro   0x0000978b       0xf6 src/ASF/sam/utils/syscalls/gcc/syscalls.o
 .debug_macro   0x00009881       0x4c src/ASF/sam/utils/syscalls/gcc/syscalls.o
 .debug_macro   0x000098cd       0x16 src/ASF/sam/utils/syscalls/gcc/syscalls.o
 .debug_macro   0x000098e3       0x10 src/ASF/sam/utils/syscalls/gcc/syscalls.o
 .debug_macro   0x000098f3       0x10 src/ASF/sam/utils/syscalls/gcc/syscalls.o
 .debug_macro   0x00009903       0x35 src/ASF/sam/utils/syscalls/gcc/syscalls.o
 .debug_macro   0x00009938      0x122 src/ASF/sam/utils/syscalls/gcc/syscalls.o
 .debug_macro   0x00009a5a      0x85a src/main.o

.debug_line     0x00000000     0xf092
 .debug_line    0x00000000      0xa72 src/ASF/sam/drivers/rtt/rtt.o
 .debug_line    0x00000a72      0xc41 src/ASF/sam/drivers/spi/spi.o
 .debug_line    0x000016b3      0xe87 src/oled/gfx_mono_framebuffer.o
 .debug_line    0x0000253a      0xf3b src/oled/gfx_mono_generic.o
 .debug_line    0x00003475      0xe95 src/oled/gfx_mono_text.o
 .debug_line    0x0000430a      0xf0f src/oled/gfx_mono_ug_2832hsweg04.o
 .debug_line    0x00005219      0xe64 src/oled/ssd1306.o
 .debug_line    0x0000607d      0xa1b src/oled/sysfont.o
 .debug_line    0x00006a98      0x9ed src/ASF/common/services/delay/sam/cycle_counter.o
 .debug_line    0x00007485      0xb4f src/ASF/common/services/clock/same70/sysclk.o
 .debug_line    0x00007fd4      0xa01 src/ASF/common/utils/interrupt/interrupt_sam_nvic.o
 .debug_line    0x000089d5      0xc04 src/ASF/sam/boards/same70_xplained/init.o
 .debug_line    0x000095d9      0xee3 src/ASF/sam/drivers/pio/pio.o
 .debug_line    0x0000a4bc      0xabf src/ASF/sam/drivers/pio/pio_handler.o
 .debug_line    0x0000af7b     0x106b src/ASF/sam/drivers/pmc/pmc.o
 .debug_line    0x0000bfe6      0xb4c src/ASF/sam/drivers/pmc/sleep.o
 .debug_line    0x0000cb32      0xa73 src/ASF/sam/utils/cmsis/same70/source/templates/gcc/startup_same70.o
 .debug_line    0x0000d5a5      0x7e9 src/ASF/sam/utils/cmsis/same70/source/templates/system_same70.o
 .debug_line    0x0000dd8e      0x40b src/ASF/sam/utils/syscalls/gcc/syscalls.o
 .debug_line    0x0000e199      0xef9 src/main.o

.debug_str      0x00000000    0x90219
 .debug_str     0x00000000    0x81990 src/ASF/sam/drivers/rtt/rtt.o
                              0x82021 (size before relaxing)
 .debug_str     0x00081990     0x4610 src/ASF/sam/drivers/spi/spi.o
                              0x86536 (size before relaxing)
 .debug_str     0x00085fa0     0x2ace src/oled/gfx_mono_framebuffer.o
                              0x88c32 (size before relaxing)
 .debug_str     0x00088a6e      0x25c src/oled/gfx_mono_generic.o
                              0x88d76 (size before relaxing)
 .debug_str     0x00088cca      0x266 src/oled/gfx_mono_text.o
                              0x88d51 (size before relaxing)
 .debug_str     0x00088f30      0x11c src/oled/gfx_mono_ug_2832hsweg04.o
                              0x88d12 (size before relaxing)
 .debug_str     0x0008904c      0x612 src/oled/ssd1306.o
                              0x8894a (size before relaxing)
 .debug_str     0x0008965e     0x3ee1 src/oled/sysfont.o
                              0x86168 (size before relaxing)
 .debug_str     0x0008d53f       0x35 src/ASF/common/services/delay/sam/cycle_counter.o
                              0x8209c (size before relaxing)
 .debug_str     0x0008d574      0x3f1 src/ASF/common/services/clock/same70/sysclk.o
                              0x865ba (size before relaxing)
 .debug_str     0x0008d965       0x94 src/ASF/common/utils/interrupt/interrupt_sam_nvic.o
                              0x81f6c (size before relaxing)
 .debug_str     0x0008d9f9      0x4f4 src/ASF/sam/boards/same70_xplained/init.o
                              0x870aa (size before relaxing)
 .debug_str     0x0008deed      0x57b src/ASF/sam/drivers/pio/pio.o
                              0x82ac2 (size before relaxing)
 .debug_str     0x0008e468      0x437 src/ASF/sam/drivers/pio/pio_handler.o
                              0x82be4 (size before relaxing)
 .debug_str     0x0008e89f      0x68e src/ASF/sam/drivers/pmc/pmc.o
                              0x82c26 (size before relaxing)
 .debug_str     0x0008ef2d      0x165 src/ASF/sam/drivers/pmc/sleep.o
                              0x85ee5 (size before relaxing)
 .debug_str     0x0008f092      0x64c src/ASF/sam/utils/cmsis/same70/source/templates/gcc/startup_same70.o
                              0x82739 (size before relaxing)
 .debug_str     0x0008f6de      0x137 src/ASF/sam/utils/cmsis/same70/source/templates/system_same70.o
                              0x72845 (size before relaxing)
 .debug_str     0x0008f815      0x779 src/ASF/sam/utils/syscalls/gcc/syscalls.o
                               0x7476 (size before relaxing)
 .debug_str     0x0008ff8e      0x28b src/main.o
                              0x8d5ea (size before relaxing)

.debug_frame    0x00000000     0x1f50
 .debug_frame   0x00000000       0xac src/ASF/sam/drivers/rtt/rtt.o
 .debug_frame   0x000000ac      0x140 src/ASF/sam/drivers/spi/spi.o
 .debug_frame   0x000001ec       0xdc src/oled/gfx_mono_framebuffer.o
 .debug_frame   0x000002c8      0x168 src/oled/gfx_mono_generic.o
 .debug_frame   0x00000430       0xc8 src/oled/gfx_mono_text.o
 .debug_frame   0x000004f8      0x124 src/oled/gfx_mono_ug_2832hsweg04.o
 .debug_frame   0x0000061c       0x6c src/oled/ssd1306.o
 .debug_frame   0x00000688       0x20 src/ASF/common/services/delay/sam/cycle_counter.o
 .debug_frame   0x000006a8       0x88 src/ASF/common/services/clock/same70/sysclk.o
 .debug_frame   0x00000730       0x30 src/ASF/common/utils/interrupt/interrupt_sam_nvic.o
 .debug_frame   0x00000760       0x30 src/ASF/sam/boards/same70_xplained/init.o
 .debug_frame   0x00000790      0x390 src/ASF/sam/drivers/pio/pio.o
 .debug_frame   0x00000b20      0x110 src/ASF/sam/drivers/pio/pio_handler.o
 .debug_frame   0x00000c30      0x494 src/ASF/sam/drivers/pmc/pmc.o
 .debug_frame   0x000010c4       0x5c src/ASF/sam/drivers/pmc/sleep.o
 .debug_frame   0x00001120       0x38 src/ASF/sam/utils/cmsis/same70/source/templates/gcc/startup_same70.o
 .debug_frame   0x00001158       0x40 src/ASF/sam/utils/cmsis/same70/source/templates/system_same70.o
 .debug_frame   0x00001198       0xa0 src/ASF/sam/utils/syscalls/gcc/syscalls.o
 .debug_frame   0x00001238      0x108 src/main.o
 .debug_frame   0x00001340       0xac c:/program files (x86)/atmel/studio/7.0/toolchain/arm/arm-gnu-toolchain/bin/../lib/gcc/arm-none-eabi/6.3.1/thumb/v7e-m\libgcc.a(_arm_addsubdf3.o)
 .debug_frame   0x000013ec       0x50 c:/program files (x86)/atmel/studio/7.0/toolchain/arm/arm-gnu-toolchain/bin/../lib/gcc/arm-none-eabi/6.3.1/thumb/v7e-m\libgcc.a(_arm_muldivdf3.o)
 .debug_frame   0x0000143c       0x24 c:/program files (x86)/atmel/studio/7.0/toolchain/arm/arm-gnu-toolchain/bin/../lib/gcc/arm-none-eabi/6.3.1/thumb/v7e-m\libgcc.a(_arm_truncdfsf2.o)
 .debug_frame   0x00001460       0x2c c:/program files (x86)/atmel/studio/7.0/toolchain/arm/arm-gnu-toolchain/bin/../lib/gcc/arm-none-eabi/6.3.1/../../../../arm-none-eabi/lib/thumb/v7e-m\libc.a(lib_a-init.o)
 .debug_frame   0x0000148c       0x34 c:/program files (x86)/atmel/studio/7.0/toolchain/arm/arm-gnu-toolchain/bin/../lib/gcc/arm-none-eabi/6.3.1/../../../../arm-none-eabi/lib/thumb/v7e-m\libc.a(lib_a-memset.o)
 .debug_frame   0x000014c0       0x84 c:/program files (x86)/atmel/studio/7.0/toolchain/arm/arm-gnu-toolchain/bin/../lib/gcc/arm-none-eabi/6.3.1/../../../../arm-none-eabi/lib/thumb/v7e-m\libc.a(lib_a-sprintf.o)
 .debug_frame   0x00001544       0x40 c:/program files (x86)/atmel/studio/7.0/toolchain/arm/arm-gnu-toolchain/bin/../lib/gcc/arm-none-eabi/6.3.1/../../../../arm-none-eabi/lib/thumb/v7e-m\libc.a(lib_a-svfprintf.o)
 .debug_frame   0x00001584       0x5c c:/program files (x86)/atmel/studio/7.0/toolchain/arm/arm-gnu-toolchain/bin/../lib/gcc/arm-none-eabi/6.3.1/../../../../arm-none-eabi/lib/thumb/v7e-m\libc.a(lib_a-__call_atexit.o)
 .debug_frame   0x000015e0       0x20 c:/program files (x86)/atmel/studio/7.0/toolchain/arm/arm-gnu-toolchain/bin/../lib/gcc/arm-none-eabi/6.3.1/../../../../arm-none-eabi/lib/thumb/v7e-m\libc.a(lib_a-atexit.o)
 .debug_frame   0x00001600       0x88 c:/program files (x86)/atmel/studio/7.0/toolchain/arm/arm-gnu-toolchain/bin/../lib/gcc/arm-none-eabi/6.3.1/../../../../arm-none-eabi/lib/thumb/v7e-m\libc.a(lib_a-dtoa.o)
 .debug_frame   0x00001688       0x34 c:/program files (x86)/atmel/studio/7.0/toolchain/arm/arm-gnu-toolchain/bin/../lib/gcc/arm-none-eabi/6.3.1/../../../../arm-none-eabi/lib/thumb/v7e-m\libc.a(lib_a-fini.o)
 .debug_frame   0x000016bc       0x40 c:/program files (x86)/atmel/studio/7.0/toolchain/arm/arm-gnu-toolchain/bin/../lib/gcc/arm-none-eabi/6.3.1/../../../../arm-none-eabi/lib/thumb/v7e-m\libc.a(lib_a-localeconv.o)
 .debug_frame   0x000016fc       0xb0 c:/program files (x86)/atmel/studio/7.0/toolchain/arm/arm-gnu-toolchain/bin/../lib/gcc/arm-none-eabi/6.3.1/../../../../arm-none-eabi/lib/thumb/v7e-m\libc.a(lib_a-lock.o)
 .debug_frame   0x000017ac       0x58 c:/program files (x86)/atmel/studio/7.0/toolchain/arm/arm-gnu-toolchain/bin/../lib/gcc/arm-none-eabi/6.3.1/../../../../arm-none-eabi/lib/thumb/v7e-m\libc.a(lib_a-mallocr.o)
 .debug_frame   0x00001804       0x30 c:/program files (x86)/atmel/studio/7.0/toolchain/arm/arm-gnu-toolchain/bin/../lib/gcc/arm-none-eabi/6.3.1/../../../../arm-none-eabi/lib/thumb/v7e-m\libc.a(lib_a-mlock.o)
 .debug_frame   0x00001834      0x25c c:/program files (x86)/atmel/studio/7.0/toolchain/arm/arm-gnu-toolchain/bin/../lib/gcc/arm-none-eabi/6.3.1/../../../../arm-none-eabi/lib/thumb/v7e-m\libc.a(lib_a-mprec.o)
 .debug_frame   0x00001a90       0x2c c:/program files (x86)/atmel/studio/7.0/toolchain/arm/arm-gnu-toolchain/bin/../lib/gcc/arm-none-eabi/6.3.1/../../../../arm-none-eabi/lib/thumb/v7e-m\libc.a(lib_a-sbrkr.o)
 .debug_frame   0x00001abc       0x78 c:/program files (x86)/atmel/studio/7.0/toolchain/arm/arm-gnu-toolchain/bin/../lib/gcc/arm-none-eabi/6.3.1/../../../../arm-none-eabi/lib/thumb/v7e-m\libc.a(lib_a-svfiprintf.o)
 .debug_frame   0x00001b34       0x34 c:/program files (x86)/atmel/studio/7.0/toolchain/arm/arm-gnu-toolchain/bin/../lib/gcc/arm-none-eabi/6.3.1/../../../../arm-none-eabi/lib/thumb/v7e-m\libc.a(lib_a-__atexit.o)
 .debug_frame   0x00001b68       0x28 c:/program files (x86)/atmel/studio/7.0/toolchain/arm/arm-gnu-toolchain/bin/../lib/gcc/arm-none-eabi/6.3.1/../../../../arm-none-eabi/lib/thumb/v7e-m\libc.a(lib_a-callocr.o)
 .debug_frame   0x00001b90       0x74 c:/program files (x86)/atmel/studio/7.0/toolchain/arm/arm-gnu-toolchain/bin/../lib/gcc/arm-none-eabi/6.3.1/../../../../arm-none-eabi/lib/thumb/v7e-m\libc.a(lib_a-freer.o)
 .debug_frame   0x00001c04       0x6c c:/program files (x86)/atmel/studio/7.0/toolchain/arm/arm-gnu-toolchain/bin/../lib/gcc/arm-none-eabi/6.3.1/../../../../arm-none-eabi/lib/thumb/v7e-m\libc.a(lib_a-locale.o)
 .debug_frame   0x00001c70       0x4c c:/program files (x86)/atmel/studio/7.0/toolchain/arm/arm-gnu-toolchain/bin/../lib/gcc/arm-none-eabi/6.3.1/../../../../arm-none-eabi/lib/thumb/v7e-m\libc.a(lib_a-mbtowc_r.o)
 .debug_frame   0x00001cbc       0x30 c:/program files (x86)/atmel/studio/7.0/toolchain/arm/arm-gnu-toolchain/bin/../lib/gcc/arm-none-eabi/6.3.1/../../../../arm-none-eabi/lib/thumb/v7e-m\libc.a(lib_a-memmove.o)
 .debug_frame   0x00001cec       0x68 c:/program files (x86)/atmel/studio/7.0/toolchain/arm/arm-gnu-toolchain/bin/../lib/gcc/arm-none-eabi/6.3.1/../../../../arm-none-eabi/lib/thumb/v7e-m\libc.a(lib_a-reallocr.o)
 .debug_frame   0x00001d54       0x58 c:/program files (x86)/atmel/studio/7.0/toolchain/arm/arm-gnu-toolchain/bin/../lib/gcc/arm-none-eabi/6.3.1/../../../../arm-none-eabi/lib/thumb/v7e-m\libc.a(lib_a-reent.o)
 .debug_frame   0x00001dac       0x3c c:/program files (x86)/atmel/studio/7.0/toolchain/arm/arm-gnu-toolchain/bin/../lib/gcc/arm-none-eabi/6.3.1/../../../../arm-none-eabi/lib/thumb/v7e-m\libc.a(lib_a-wctomb_r.o)
 .debug_frame   0x00001de8       0xc4 c:/program files (x86)/atmel/studio/7.0/toolchain/arm/arm-gnu-toolchain/bin/../lib/gcc/arm-none-eabi/6.3.1/thumb/v7e-m\libgcc.a(_arm_cmpdf2.o)
 .debug_frame   0x00001eac       0x20 c:/program files (x86)/atmel/studio/7.0/toolchain/arm/arm-gnu-toolchain/bin/../lib/gcc/arm-none-eabi/6.3.1/thumb/v7e-m\libgcc.a(_arm_unorddf2.o)
 .debug_frame   0x00001ecc       0x24 c:/program files (x86)/atmel/studio/7.0/toolchain/arm/arm-gnu-toolchain/bin/../lib/gcc/arm-none-eabi/6.3.1/thumb/v7e-m\libgcc.a(_arm_fixdfsi.o)
 .debug_frame   0x00001ef0       0x2c c:/program files (x86)/atmel/studio/7.0/toolchain/arm/arm-gnu-toolchain/bin/../lib/gcc/arm-none-eabi/6.3.1/thumb/v7e-m\libgcc.a(_aeabi_uldivmod.o)
 .debug_frame   0x00001f1c       0x34 c:/program files (x86)/atmel/studio/7.0/toolchain/arm/arm-gnu-toolchain/bin/../lib/gcc/arm-none-eabi/6.3.1/thumb/v7e-m\libgcc.a(_udivmoddi4.o)

Cross Reference Table

Symbol                                            File
ACC_Handler                                       src/ASF/sam/utils/cmsis/same70/source/templates/gcc/startup_same70.o
AES_Handler                                       src/ASF/sam/utils/cmsis/same70/source/templates/gcc/startup_same70.o
AFEC0_Handler                                     src/ASF/sam/utils/cmsis/same70/source/templates/gcc/startup_same70.o
AFEC1_Handler                                     src/ASF/sam/utils/cmsis/same70/source/templates/gcc/startup_same70.o
BusFault_Handler                                  src/ASF/sam/utils/cmsis/same70/source/templates/gcc/startup_same70.o
DACC_Handler                                      src/ASF/sam/utils/cmsis/same70/source/templates/gcc/startup_same70.o
DebugMon_Handler                                  src/ASF/sam/utils/cmsis/same70/source/templates/gcc/startup_same70.o
Dummy_Handler                                     src/ASF/sam/utils/cmsis/same70/source/templates/gcc/startup_same70.o
EFC_Handler                                       src/ASF/sam/utils/cmsis/same70/source/templates/gcc/startup_same70.o
GMAC_Handler                                      src/ASF/sam/utils/cmsis/same70/source/templates/gcc/startup_same70.o
HSMCI_Handler                                     src/ASF/sam/utils/cmsis/same70/source/templates/gcc/startup_same70.o
HardFault_Handler                                 src/ASF/sam/utils/cmsis/same70/source/templates/gcc/startup_same70.o
ICM_Handler                                       src/ASF/sam/utils/cmsis/same70/source/templates/gcc/startup_same70.o
ISI_Handler                                       src/ASF/sam/utils/cmsis/same70/source/templates/gcc/startup_same70.o
MCAN0_Handler                                     src/ASF/sam/utils/cmsis/same70/source/templates/gcc/startup_same70.o
MCAN1_Handler                                     src/ASF/sam/utils/cmsis/same70/source/templates/gcc/startup_same70.o
MemManage_Handler                                 src/ASF/sam/utils/cmsis/same70/source/templates/gcc/startup_same70.o
NMI_Handler                                       src/ASF/sam/utils/cmsis/same70/source/templates/gcc/startup_same70.o
PIOA_Handler                                      src/ASF/sam/drivers/pio/pio_handler.o
PIOB_Handler                                      src/ASF/sam/drivers/pio/pio_handler.o
PIOC_Handler                                      src/ASF/sam/drivers/pio/pio_handler.o
PIOD_Handler                                      src/ASF/sam/drivers/pio/pio_handler.o
PIOE_Handler                                      src/ASF/sam/drivers/pio/pio_handler.o
PMC_Handler                                       src/ASF/sam/utils/cmsis/same70/source/templates/gcc/startup_same70.o
PWM0_Handler                                      src/ASF/sam/utils/cmsis/same70/source/templates/gcc/startup_same70.o
PWM1_Handler                                      src/ASF/sam/utils/cmsis/same70/source/templates/gcc/startup_same70.o
PendSV_Handler                                    src/ASF/sam/utils/cmsis/same70/source/templates/gcc/startup_same70.o
QSPI_Handler                                      src/ASF/sam/utils/cmsis/same70/source/templates/gcc/startup_same70.o
RSTC_Handler                                      src/ASF/sam/utils/cmsis/same70/source/templates/gcc/startup_same70.o
RSWDT_Handler                                     src/ASF/sam/utils/cmsis/same70/source/templates/gcc/startup_same70.o
RTC_Handler                                       src/ASF/sam/utils/cmsis/same70/source/templates/gcc/startup_same70.o
RTT_Handler                                       src/main.o
                                                  src/ASF/sam/utils/cmsis/same70/source/templates/gcc/startup_same70.o
RTT_init                                          src/main.o
Reset_Handler                                     src/ASF/sam/utils/cmsis/same70/source/templates/gcc/startup_same70.o
SDRAMC_Handler                                    src/ASF/sam/utils/cmsis/same70/source/templates/gcc/startup_same70.o
SPI0_Handler                                      src/ASF/sam/utils/cmsis/same70/source/templates/gcc/startup_same70.o
SPI1_Handler                                      src/ASF/sam/utils/cmsis/same70/source/templates/gcc/startup_same70.o
SSC_Handler                                       src/ASF/sam/utils/cmsis/same70/source/templates/gcc/startup_same70.o
SUPC_Handler                                      src/ASF/sam/utils/cmsis/same70/source/templates/gcc/startup_same70.o
SVC_Handler                                       src/ASF/sam/utils/cmsis/same70/source/templates/gcc/startup_same70.o
SysTick_Handler                                   src/ASF/sam/utils/cmsis/same70/source/templates/gcc/startup_same70.o
SystemCoreClock                                   src/ASF/sam/utils/cmsis/same70/source/templates/system_same70.o
SystemCoreClockUpdate                             src/ASF/sam/utils/cmsis/same70/source/templates/system_same70.o
                                                  src/ASF/common/services/clock/same70/sysclk.o
SystemInit                                        src/ASF/sam/utils/cmsis/same70/source/templates/system_same70.o
TC0_Handler                                       src/ASF/sam/utils/cmsis/same70/source/templates/gcc/startup_same70.o
TC10_Handler                                      src/ASF/sam/utils/cmsis/same70/source/templates/gcc/startup_same70.o
TC11_Handler                                      src/ASF/sam/utils/cmsis/same70/source/templates/gcc/startup_same70.o
TC1_Handler                                       src/ASF/sam/utils/cmsis/same70/source/templates/gcc/startup_same70.o
TC2_Handler                                       src/ASF/sam/utils/cmsis/same70/source/templates/gcc/startup_same70.o
TC3_Handler                                       src/ASF/sam/utils/cmsis/same70/source/templates/gcc/startup_same70.o
TC4_Handler                                       src/ASF/sam/utils/cmsis/same70/source/templates/gcc/startup_same70.o
TC5_Handler                                       src/ASF/sam/utils/cmsis/same70/source/templates/gcc/startup_same70.o
TC6_Handler                                       src/ASF/sam/utils/cmsis/same70/source/templates/gcc/startup_same70.o
TC7_Handler                                       src/ASF/sam/utils/cmsis/same70/source/templates/gcc/startup_same70.o
TC8_Handler                                       src/ASF/sam/utils/cmsis/same70/source/templates/gcc/startup_same70.o
TC9_Handler                                       src/ASF/sam/utils/cmsis/same70/source/templates/gcc/startup_same70.o
TRNG_Handler                                      src/ASF/sam/utils/cmsis/same70/source/templates/gcc/startup_same70.o
TWIHS0_Handler                                    src/ASF/sam/utils/cmsis/same70/source/templates/gcc/startup_same70.o
TWIHS1_Handler                                    src/ASF/sam/utils/cmsis/same70/source/templates/gcc/startup_same70.o
TWIHS2_Handler                                    src/ASF/sam/utils/cmsis/same70/source/templates/gcc/startup_same70.o
UART0_Handler                                     src/ASF/sam/utils/cmsis/same70/source/templates/gcc/startup_same70.o
UART1_Handler                                     src/ASF/sam/utils/cmsis/same70/source/templates/gcc/startup_same70.o
UART2_Handler                                     src/ASF/sam/utils/cmsis/same70/source/templates/gcc/startup_same70.o
UART3_Handler                                     src/ASF/sam/utils/cmsis/same70/source/templates/gcc/startup_same70.o
UART4_Handler                                     src/ASF/sam/utils/cmsis/same70/source/templates/gcc/startup_same70.o
USART0_Handler                                    src/ASF/sam/utils/cmsis/same70/source/templates/gcc/startup_same70.o
USART1_Handler                                    src/ASF/sam/utils/cmsis/same70/source/templates/gcc/startup_same70.o
USART2_Handler                                    src/ASF/sam/utils/cmsis/same70/source/templates/gcc/startup_same70.o
USBHS_Handler                                     src/ASF/sam/utils/cmsis/same70/source/templates/gcc/startup_same70.o
UsageFault_Handler                                src/ASF/sam/utils/cmsis/same70/source/templates/gcc/startup_same70.o
WDT_Handler                                       src/ASF/sam/utils/cmsis/same70/source/templates/gcc/startup_same70.o
XDMAC_Handler                                     src/ASF/sam/utils/cmsis/same70/source/templates/gcc/startup_same70.o
_Balloc                                           c:/program files (x86)/atmel/studio/7.0/toolchain/arm/arm-gnu-toolchain/bin/../lib/gcc/arm-none-eabi/6.3.1/../../../../arm-none-eabi/lib/thumb/v7e-m\libc.a(lib_a-mprec.o)
                                                  c:/program files (x86)/atmel/studio/7.0/toolchain/arm/arm-gnu-toolchain/bin/../lib/gcc/arm-none-eabi/6.3.1/../../../../arm-none-eabi/lib/thumb/v7e-m\libc.a(lib_a-dtoa.o)